 cgamex86

 Timestamp is 69d22ad7 (Sun Apr  5 10:26:47 2026)

 Preferred load address is 10000000

 Start         Length     Name                   Class
 0001:00000000 000968d7H .text$mn                CODE
 0002:00000000 00000100H .idata$5                DATA
 0002:00000100 00000004H .00cfg                  DATA
 0002:00000104 00000004H .CRT$XCA                DATA
 0002:00000108 00000004H .CRT$XCZ                DATA
 0002:0000010c 00000004H .CRT$XIA                DATA
 0002:00000110 00000004H .CRT$XIZ                DATA
 0002:00000114 00000004H .CRT$XPA                DATA
 0002:00000118 00000004H .CRT$XPZ                DATA
 0002:0000011c 00000004H .CRT$XTA                DATA
 0002:00000120 00000010H .CRT$XTZ                DATA
 0002:00000124 00000000H .gfids$y                DATA
 0002:00000130 00001ce0H .rdata                  DATA
 0002:00001e10 00000004H .rdata$sxdata           DATA
 0002:00001e14 000002acH .rdata$zzzdbg           DATA
 0002:000020c0 00000004H .rtc$IAA                DATA
 0002:000020c4 00000004H .rtc$IZZ                DATA
 0002:000020c8 00000004H .rtc$TAA                DATA
 0002:000020cc 00000004H .rtc$TZZ                DATA
 0002:000020d0 00000080H .xdata$x                DATA
 0002:00002150 0000005cH .edata                  DATA
 0002:000021ac 0000003cH .idata$2                DATA
 0002:000021e8 00000014H .idata$3                DATA
 0002:000021fc 00000100H .idata$4                DATA
 0002:000022fc 000003deH .idata$6                DATA
 0003:00000000 00015f20H .data                   DATA
 0003:00015f20 004642dcH .bss                    DATA
 0004:00000000 00000060H .rsrc$01                DATA
 0004:00000060 00000180H .rsrc$02                DATA

  Address         Publics by Value              Rva+Base       Lib:Object

 0000:00000000       ___guard_fids_count        00000000     <absolute>
 0000:00000000       ___guard_iat_table         00000000     <absolute>
 0000:00000000       ___dynamic_value_reloc_table 00000000     <absolute>
 0000:00000000       ___hybrid_auxiliary_iat    00000000     <absolute>
 0000:00000000       ___guard_iat_count         00000000     <absolute>
 0000:00000000       ___hybrid_code_map_count   00000000     <absolute>
 0000:00000000       ___guard_longjmp_count     00000000     <absolute>
 0000:00000000       ___guard_longjmp_table     00000000     <absolute>
 0000:00000000       ___enclave_config          00000000     <absolute>
 0000:00000000       ___guard_fids_table        00000000     <absolute>
 0000:00000000       ___hybrid_code_map         00000000     <absolute>
 0000:00000000       ___volatile_metadata       00000000     <absolute>
 0000:00000001       ___safe_se_handler_count   00000001     <absolute>
 0000:00000100       ___guard_flags             00000100     <absolute>
 0000:00000000       ___ImageBase               10000000     <linker-defined>
 0001:00000000       _BG_GetWeaponStats         10001000 f   bg_misc.obj
 0001:00000060       _BG_GetWeaponMaxAmmo       10001060 f   bg_misc.obj
 0001:00000080       _BG_GetHandicapScalar      10001080 f   bg_misc.obj
 0001:00000100       _BG_GetWeaponAmmoPackSize  10001100 f   bg_misc.obj
 0001:00000130       _BG_GetWeaponAmmoPackMaxStack 10001130 f   bg_misc.obj
 0001:00000160       _BG_ItemTagForWeapon       10001160 f   bg_misc.obj
 0001:00000190       _BG_WeaponForItemTag       10001190 f   bg_misc.obj
 0001:000001c0       _BG_ItemTagForHoldable     100011c0 f   bg_misc.obj
 0001:000001e0       _BG_HoldableForItemTag     100011e0 f   bg_misc.obj
 0001:00000200       _BG_PlayerHasPersistantPowerup 10001200 f   bg_misc.obj
 0001:00000290       _BG_GetArmorUpperBound     10001290 f   bg_misc.obj
 0001:000002c0       _BG_GetHealthUpperBound    100012c0 f   bg_misc.obj
 0001:00000310       _BG_UpdateArmorTierFromCurrentArmor 10001310 f   bg_misc.obj
 0001:000003b0       _BG_ClearArmorTierIfEmpty  100013b0 f   bg_misc.obj
 0001:000003f0       _BG_GetArmorRegenTarget    100013f0 f   bg_misc.obj
 0001:00000450       _BG_ApplyArmorPickup       10001450 f   bg_misc.obj
 0001:000006c0       _BG_FindItem               100016c0 f   bg_misc.obj
 0001:00000710       _BG_FindItemByClassname    10001710 f   bg_misc.obj
 0001:00000770       _BG_FindItemByTypeAndTag   10001770 f   bg_misc.obj
 0001:000007d0       _BG_FindItemForWeapon      100017d0 f   bg_misc.obj
 0001:00000800       _BG_FindItemForPowerup     10001800 f   bg_misc.obj
 0001:00000910       _BG_FindItemForHoldable    10001910 f   bg_misc.obj
 0001:00000940       _BG_PlayerCarryingFlag     10001940 f   bg_misc.obj
 0001:000009a0       _BG_WeaponName             100019a0 f   bg_misc.obj
 0001:00000a00       _BG_CanItemBeGrabbed       10001a00 f   bg_misc.obj
 0001:00001100       _BG_EvaluateTrajectory     10002100 f   bg_misc.obj
 0001:000015a0       _BG_EvaluateTrajectoryDelta 100025a0 f   bg_misc.obj
 0001:000018c0       _BG_AddPredictableEventToPlayerstate 100028c0 f   bg_misc.obj
 0001:000019a0       _BG_TouchJumpPad           100029a0 f   bg_misc.obj
 0001:00001a70       _BG_PlayerStateToEntityState 10002a70 f   bg_misc.obj
 0001:00001ef0       _BG_PlayerTouchesItem      10002ef0 f   bg_misc.obj
 0001:00002490       _PM_UpdateViewAngles       10003490 f   bg_pmove.obj
 0001:000025a0       _Pmove                     100035a0 f   bg_pmove.obj
 0001:00002700       _PM_GetDefaultSettings     10003700 f   bg_pmove.obj
 0001:00002710       _PM_ClipVelocity           10003710 f   bg_pmove.obj
 0001:00002800       _PM_AddTouchEnt            10003800 f   bg_pmove.obj
 0001:00002880       _PM_AddEvent               10003880 f   bg_pmove.obj
 0001:000028a0       _PM_ApplyStepJump          100038a0 f   bg_pmove.obj
 0001:000029c0       _PM_GetActiveSettings      100039c0 f   bg_pmove.obj
 0001:000088f0       _PmoveSingle               100098f0 f   bg_pmove.obj
 0001:00009100       _PM_SlideMove              1000a100 f   bg_slidemove.obj
 0001:0000a060       _PM_StepSlideMove          1000b060 f   bg_slidemove.obj
 0001:0000b180       _Q_fabs                    1000c180 f   q_math.obj
 0001:0000b1a0       _Q_rsqrt                   1000c1a0 f   q_math.obj
 0001:0000b220       _ClampChar                 1000c220 f   q_math.obj
 0001:0000b240       _ClampShort                1000c240 f   q_math.obj
 0001:0000b270       _DirToByte                 1000c270 f   q_math.obj
 0001:0000b360       _ByteToDir                 1000c360 f   q_math.obj
 0001:0000b430       __DotProduct               1000c430 f   q_math.obj
 0001:0000b4b0       __VectorSubtract           1000c4b0 f   q_math.obj
 0001:0000b550       __VectorAdd                1000c550 f   q_math.obj
 0001:0000b5f0       __VectorCopy               1000c5f0 f   q_math.obj
 0001:0000b650       __VectorScale              1000c650 f   q_math.obj
 0001:0000b6d0       __VectorMA                 1000c6d0 f   q_math.obj
 0001:0000b780       _ColorBytes3               1000c780 f   q_math.obj
 0001:0000b7f0       _ColorBytes4               1000c7f0 f   q_math.obj
 0001:0000b870       _NormalizeColor            1000c870 f   q_math.obj
 0001:0000b9a0       _RadiusFromBounds          1000c9a0 f   q_math.obj
 0001:0000ba50       _ClearBounds               1000ca50 f   q_math.obj
 0001:0000baf0       _AddPointToBounds          1000caf0 f   q_math.obj
 0001:0000bdf0       _VectorNormalize           1000cdf0 f   q_math.obj
 0001:0000bf20       _VectorNormalize2          1000cf20 f   q_math.obj
 0001:0000c090       _Vector4Scale              1000d090 f   q_math.obj
 0001:0000c130       _VectorRotate              1000d130 f   q_math.obj
 0001:0000c2e0       _Q_log2                    1000d2e0 f   q_math.obj
 0001:0000c310       _Q_rand                    1000d310 f   q_math.obj
 0001:0000c330       _Q_random                  1000d330 f   q_math.obj
 0001:0000c360       _Q_crandom                 1000d360 f   q_math.obj
 0001:0000c3a0       _Q_irand                   1000d3a0 f   q_math.obj
 0001:0000c3f0       _vectoangles               1000d3f0 f   q_math.obj
 0001:0000c650       _AnglesToAxis              1000d650 f   q_math.obj
 0001:0000c740       _AxisClear                 1000d740 f   q_math.obj
 0001:0000c850       _AxisCopy                  1000d850 f   q_math.obj
 0001:0000c9e0       _SetPlaneSignbits          1000d9e0 f   q_math.obj
 0001:0000ca40       _BoxOnPlaneSide            1000da40 f   q_math.obj
 0001:0000cc80       _AngleMod                  1000dc80 f   q_math.obj
 0001:0000ccc0       _LerpAngle                 1000dcc0 f   q_math.obj
 0001:0000cd40       _AngleSubtract             1000dd40 f   q_math.obj
 0001:0000cda0       _AnglesSubtract            1000dda0 f   q_math.obj
 0001:0000ce70       _AngleNormalize360         1000de70 f   q_math.obj
 0001:0000ceb0       _AngleNormalize180         1000deb0 f   q_math.obj
 0001:0000cf00       _AngleDelta                1000df00 f   q_math.obj
 0001:0000cf20       _PlaneFromPoints           1000df20 f   q_math.obj
 0001:0000d120       _ProjectPointOnPlane       1000e120 f   q_math.obj
 0001:0000d380       _RotatePointAroundVector   1000e380 f   q_math.obj
 0001:0000d8e0       _RotateAroundDirection     1000e8e0 f   q_math.obj
 0001:0000da00       _MakeNormalVectors         1000ea00 f   q_math.obj
 0001:0000dbc0       _MatrixMultiply            1000ebc0 f   q_math.obj
 0001:0000e1d0       _AngleVectors              1000f1d0 f   q_math.obj
 0001:0000e4d0       _PerpendicularVector       1000f4d0 f   q_math.obj
 0001:0000e5d0       _ShortSwap                 1000f5d0 f   q_shared.obj
 0001:0000e610       _LongSwap                  1000f610 f   q_shared.obj
 0001:0000e670       _FloatSwap                 1000f670 f   q_shared.obj
 0001:0000e6a0       _Com_Clamp                 1000f6a0 f   q_shared.obj
 0001:0000e6d0       _COM_SkipPath              1000f6d0 f   q_shared.obj
 0001:0000e710       _COM_StripExtension        1000f710 f   q_shared.obj
 0001:0000e750       _COM_DefaultExtension      1000f750 f   q_shared.obj
 0001:0000e7e0       _COM_BeginParseSession     1000f7e0 f   q_shared.obj
 0001:0000e810       _COM_GetCurrentParseLine   1000f810 f   q_shared.obj
 0001:0000e820       _COM_Parse                 1000f820 f   q_shared.obj
 0001:0000e840       _COM_ParseExt              1000f840 f   q_shared.obj
 0001:0000eae0       _COM_Compress              1000fae0 f   q_shared.obj
 0001:0000ed00       _COM_ParseError            1000fd00 f   q_shared.obj
 0001:0000ed50       _COM_ParseWarning          1000fd50 f   q_shared.obj
 0001:0000eda0       _COM_MatchToken            1000fda0 f   q_shared.obj
 0001:0000edf0       _SkipBracedSection         1000fdf0 f   q_shared.obj
 0001:0000ee70       _SkipRestOfLine            1000fe70 f   q_shared.obj
 0001:0000eec0       _Parse1DMatrix             1000fec0 f   q_shared.obj
 0001:0000ef30       _Parse2DMatrix             1000ff30 f   q_shared.obj
 0001:0000efa0       _Parse3DMatrix             1000ffa0 f   q_shared.obj
 0001:0000f010       _Com_sprintf               10010010 f   q_shared.obj
 0001:0000f0d0       _Q_isprint                 100100d0 f   q_shared.obj
 0001:0000f0f0       _Q_islower                 100100f0 f   q_shared.obj
 0001:0000f110       _Q_isupper                 10010110 f   q_shared.obj
 0001:0000f130       _Q_isalpha                 10010130 f   q_shared.obj
 0001:0000f160       _Q_stricmp                 10010160 f   q_shared.obj
 0001:0000f1a0       _Q_strncmp                 100101a0 f   q_shared.obj
 0001:0000f220       _Q_stricmpn                10010220 f   q_shared.obj
 0001:0000f300       _Q_strnicmp                10010300 f   q_shared.obj
 0001:0000f320       _Q_strlwr                  10010320 f   q_shared.obj
 0001:0000f360       _Q_strupr                  10010360 f   q_shared.obj
 0001:0000f3a0       _Q_strrchr                 100103a0 f   q_shared.obj
 0001:0000f400       _Q_strncpyz                10010400 f   q_shared.obj
 0001:0000f470       _Q_strcat                  10010470 f   q_shared.obj
 0001:0000f4c0       _Q_strlen                  100104c0 f   q_shared.obj
 0001:0000f4f0       _Q_PrintStrlen             100104f0 f   q_shared.obj
 0001:0000f570       _Q_CleanStr                10010570 f   q_shared.obj
 0001:0000f600       _va                        10010600 f   q_shared.obj
 0001:0000f660       _Info_ValueForKey          10010660 f   q_shared.obj
 0001:0000f7f0       _Info_RemoveKey            100107f0 f   q_shared.obj
 0001:0000f970       _Info_SetValueForKey       10010970 f   q_shared.obj
 0001:0000fb00       _Info_SetValueForKey_Big   10010b00 f   q_shared.obj
 0001:0000fc80       _Info_Validate             10010c80 f   q_shared.obj
 0001:0000fcc0       _Info_NextPair             10010cc0 f   q_shared.obj
 0001:0000fdb0       _ShortNoSwap               10010db0 f   q_shared.obj
 0001:0000fdc0       _LongNoSwap                10010dc0 f   q_shared.obj
 0001:0000fdd0       _Long64Swap                10010dd0 f   q_shared.obj
 0001:0000fe10       _Long64NoSwap              10010e10 f   q_shared.obj
 0001:0000fe20       _FloatNoSwap               10010e20 f   q_shared.obj
 0001:0000fe80       _Info_RemoveKey_Big        10010e80 f   q_shared.obj
 0001:00010010       ___local_stdio_printf_options 10011010 f i q_shared.obj
 0001:00010020       __vsnprintf_l              10011020 f i q_shared.obj
 0001:00010080       _vsprintf                  10011080 f i q_shared.obj
 0001:000100c0       _String_Alloc              100110c0 f   ui_shared.obj
 0001:00010220       _String_Init               10011220 f   ui_shared.obj
 0001:000102b0       _String_Report             100112b0 f   ui_shared.obj
 0001:00010380       _Init_Display              10011380 f   ui_shared.obj
 0001:00010390       _Menu_Init                 10011390 f   ui_shared.obj
 0001:00010410       _Item_Init                 10011410 f   ui_shared.obj
 0001:00010470       _Menu_PostParse            10011470 f   ui_shared.obj
 0001:000104e0       _Menu_GetFocused           100114e0 f   ui_shared.obj
 0001:00010540       _Menu_HandleKey            10011540 f   ui_shared.obj
 0001:00010bc0       _Menu_HandleMouseMove      10011bc0 f   ui_shared.obj
 0001:00010e30       _Menu_ScrollFeeder         10011e30 f   ui_shared.obj
 0001:00010ec0       _Float_Parse               10011ec0 f   ui_shared.obj
 0001:00010f10       _Color_Parse               10011f10 f   ui_shared.obj
 0001:00010f70       _Int_Parse                 10011f70 f   ui_shared.obj
 0001:00010fc0       _Rect_Parse                10011fc0 f   ui_shared.obj
 0001:00011030       _String_Parse              10012030 f   ui_shared.obj
 0001:00011080       _PC_Float_Parse            10012080 f   ui_shared.obj
 0001:00011160       _PC_Color_Parse            10012160 f   ui_shared.obj
 0001:000111c0       _PC_Int_Parse              100121c0 f   ui_shared.obj
 0001:00011290       _PC_Rect_Parse             10012290 f   ui_shared.obj
 0001:00011300       _PC_String_Parse           10012300 f   ui_shared.obj
 0001:00011360       _PC_Script_Parse           10012360 f   ui_shared.obj
 0001:000114b0       _Menu_Count                100124b0 f   ui_shared.obj
 0001:000114c0       _Menu_New                  100124c0 f   ui_shared.obj
 0001:00011520       _Menu_PaintAll             10012520 f   ui_shared.obj
 0001:00011640       _Menus_ActivateByName      10012640 f   ui_shared.obj
 0001:00011710       _Menu_Reset                10012710 f   ui_shared.obj
 0001:00011720       _Menus_AnyVisible          10012720 f   ui_shared.obj
 0001:00011770       _Menus_AnyFullScreenVisible 10012770 f   ui_shared.obj
 0001:000117d0       _Menus_Activate            100127d0 f   ui_shared.obj
 0001:00011880       _Display_GetContext        10012880 f   ui_shared.obj
 0001:00011890       _Display_CaptureItem       10012890 f   ui_shared.obj
 0001:00011900       _Display_MouseMove         10012900 f   ui_shared.obj
 0001:000119b0       _Display_CursorType        100129b0 f   ui_shared.obj
 0001:00011a80       _Display_KeyBindPending    10012a80 f   ui_shared.obj
 0001:00011a90       _Menus_OpenByName          10012a90 f   ui_shared.obj
 0001:00011ab0       _Menus_FindByName          10012ab0 f   ui_shared.obj
 0001:00011b10       _Menus_ShowByName          10012b10 f   ui_shared.obj
 0001:00011b40       _Menus_CloseByName         10012b40 f   ui_shared.obj
 0001:00011b90       _Menu_ShowItemByName       10012b90 f   ui_shared.obj
 0001:00011c40       _Display_HandleKey         10012c40 f   ui_shared.obj
 0001:00011c90       _LerpColor                 10012c90 f   ui_shared.obj
 0001:00011d30       _Menus_CloseAll            10012d30 f   ui_shared.obj
 0001:00011da0       _Menu_Paint                10012da0 f   ui_shared.obj
 0001:00012060       _Menu_SetFeederSelection   10013060 f   ui_shared.obj
 0001:00012170       _Display_CacheAll          10013170 f   ui_shared.obj
 0001:000121b0       _UI_Alloc                  100131b0 f   ui_shared.obj
 0001:00012230       _UI_InitMemory             10013230 f   ui_shared.obj
 0001:00012250       _UI_OutOfMemory            10013250 f   ui_shared.obj
 0001:00012260       _Controls_GetConfig        10013260 f   ui_shared.obj
 0001:000122d0       _Controls_SetConfig        100132d0 f   ui_shared.obj
 0001:00012380       _Controls_SetDefaults      10013380 f   ui_shared.obj
 0001:000123d0       _UI_NormalizeFontPath      100133d0 f   ui_shared.obj
 0001:00012480       _Item_RunScript            10013480 f   ui_shared.obj
 0001:00012610       _Item_SetupKeywordHash     10013610 f   ui_shared.obj
 0001:00012670       _Menu_SetupKeywordHash     10013670 f   ui_shared.obj
 0001:000126d0       _BindingIDFromName         100136d0 f   ui_shared.obj
 0001:00012720       _Item_Bind_HandleKey       10013720 f   ui_shared.obj
 0001:00012a40       _Item_Slider_Paint         10013a40 f   ui_shared.obj
 0001:00012d10       _Menu_SetPrevCursorItem    10013d10 f   ui_shared.obj
 0001:00012e70       _Menu_SetNextCursorItem    10013e70 f   ui_shared.obj
 0001:000133d0       _PC_SourceWarning          100143d0 f   ui_shared.obj
 0001:00013490       _PC_SourceError            10014490 f   ui_shared.obj
 0001:00013550       _GradientBar_Paint         10014550 f   ui_shared.obj
 0001:000135d0       _Window_Init               100145d0 f   ui_shared.obj
 0001:00013670       _Fade                      10014670 f   ui_shared.obj
 0001:00013730       _Window_Paint              10014730 f   ui_shared.obj
 0001:00014040       _Item_SetScreenCoords      10015040 f   ui_shared.obj
 0001:00014160       _Item_UpdatePosition       10015160 f   ui_shared.obj
 0001:00014200       _Menu_UpdatePosition       10015200 f   ui_shared.obj
 0001:00014330       _Menu_ClearFocus           10015330 f   ui_shared.obj
 0001:00014410       _IsVisible                 10015410 f   ui_shared.obj
 0001:00014440       _Rect_ContainsPoint        10015440 f   ui_shared.obj
 0001:000144a0       _Menu_ItemsMatchingGroup   100154a0 f   ui_shared.obj
 0001:00014540       _Menu_GetMatchingItemByNumber 10015540 f   ui_shared.obj
 0001:000145f0       _Script_SetColor           100155f0 f   ui_shared.obj
 0001:000146f0       _Script_SetAsset           100156f0 f   ui_shared.obj
 0001:00014710       _Script_SetBackground      10015710 f   ui_shared.obj
 0001:00014750       _Menu_FindItemByName       10015750 f   ui_shared.obj
 0001:00014d70       _Script_SetTeamColor       10015d70 f   ui_shared.obj
 0001:00014de0       _Script_SetItemColor       10015de0 f   ui_shared.obj
 0001:00014f60       _Menu_FadeItemByName       10015f60 f   ui_shared.obj
 0001:00015060       _Script_Show               10016060 f   ui_shared.obj
 0001:000150a0       _Script_Hide               100160a0 f   ui_shared.obj
 0001:000150e0       _Script_FadeIn             100160e0 f   ui_shared.obj
 0001:00015120       _Script_FadeOut            10016120 f   ui_shared.obj
 0001:00015160       _Script_Open               10016160 f   ui_shared.obj
 0001:00015190       _Script_ConditionalOpen    10016190 f   ui_shared.obj
 0001:00015220       _Script_Close              10016220 f   ui_shared.obj
 0001:000152b0       _Menu_TransitionItemByName 100162b0 f   ui_shared.obj
 0001:00015410       _Script_Transition         10016410 f   ui_shared.obj
 0001:00015500       _Menu_OrbitItemByName      10016500 f   ui_shared.obj
 0001:000155c0       _Script_Orbit              100165c0 f   ui_shared.obj
 0001:000156a0       _Script_SetFocus           100166a0 f   ui_shared.obj
 0001:00015770       _Script_SetPlayerModel     10016770 f   ui_shared.obj
 0001:000157b0       _Script_SetPlayerHead      100167b0 f   ui_shared.obj
 0001:000157f0       _Script_SetCvar            100167f0 f   ui_shared.obj
 0001:00015840       _Script_Exec               10016840 f   ui_shared.obj
 0001:00015880       _Script_Play               10016880 f   ui_shared.obj
 0001:00015940       _Script_playLooped         10016940 f   ui_shared.obj
 0001:00015ce0       _Item_EnableShowViaCvar    10016ce0 f   ui_shared.obj
 0001:00015d30       _Item_SetFocus             10016d30 f   ui_shared.obj
 0001:00015f90       _Item_ListBox_MaxScroll    10016f90 f   ui_shared.obj
 0001:00016040       _Item_ListBox_ThumbPosition 10017040 f   ui_shared.obj
 0001:000161b0       _Item_ListBox_ThumbDrawPosition 100171b0 f   ui_shared.obj
 0001:00016360       _Item_Slider_ThumbPosition 10017360 f   ui_shared.obj
 0001:00016480       _Item_Slider_OverSlider    10017480 f   ui_shared.obj
 0001:00016530       _Item_ListBox_OverLB       10017530 f   ui_shared.obj
 0001:00016940       _Item_ListBox_MouseEnter   10017940 f   ui_shared.obj
 0001:00016b50       _Item_MouseEnter           10017b50 f   ui_shared.obj
 0001:00016d20       _Item_MouseLeave           10017d20 f   ui_shared.obj
 0001:00016d90       _Menu_HitTest              10017d90 f   ui_shared.obj
 0001:00016e00       _Item_SetMouseOver         10017e00 f   ui_shared.obj
 0001:00016e40       _Item_OwnerDraw_HandleKey  10017e40 f   ui_shared.obj
 0001:00016e90       _Item_ListBox_HandleKey    10017e90 f   ui_shared.obj
 0001:000176c0       _Item_YesNo_HandleKey      100186c0 f   ui_shared.obj
 0001:000177c0       _Item_Multi_CountSettings  100187c0 f   ui_shared.obj
 0001:000177f0       _Item_Multi_FindCvarByValue 100187f0 f   ui_shared.obj
 0001:00017930       _Item_Multi_Setting        10018930 f   ui_shared.obj
 0001:00017a90       _Item_PresetList_Setting   10018a90 f   ui_shared.obj
 0001:00017b80       _Item_PresetList_FindCvarByValue 10018b80 f   ui_shared.obj
 0001:00017c70       _Item_Multi_HandleKey      10018c70 f   ui_shared.obj
 0001:00017e10       _Item_PresetList_HandleKey 10018e10 f   ui_shared.obj
 0001:00018030       _Item_TextField_HandleKey  10019030 f   ui_shared.obj
 0001:00018bb0       _Item_StartCapture         10019bb0 f   ui_shared.obj
 0001:00018de0       _Item_StopCapture          10019de0 f   ui_shared.obj
 0001:00018df0       _Item_Slider_HandleKey     10019df0 f   ui_shared.obj
 0001:00019000       _Item_HandleKey            1001a000 f   ui_shared.obj
 0001:000191d0       _Item_Action               1001a1d0 f   ui_shared.obj
 0001:00019310       _Display_VisibleMenuCount  1001a310 f   ui_shared.obj
 0001:00019360       _Menus_HandleOOBClick      1001a360 f   ui_shared.obj
 0001:00019550       _ToWindowCoords            1001a550 f   ui_shared.obj
 0001:000195c0       _Rect_ToWindowCoords       1001a5c0 f   ui_shared.obj
 0001:00019890       _Item_SetTextExtents       1001a890 f   ui_shared.obj
 0001:00019b20       _Item_TextColor            1001ab20 f   ui_shared.obj
 0001:00019e60       _Item_Text_AutoWrapped_Paint 1001ae60 f   ui_shared.obj
 0001:0001a230       _Item_Text_Wrapped_Paint   1001b230 f   ui_shared.obj
 0001:0001a460       _Item_Text_Paint           1001b460 f   ui_shared.obj
 0001:0001a580       _Item_TextField_Paint      1001b580 f   ui_shared.obj
 0001:0001a930       _Item_YesNo_Paint          1001b930 f   ui_shared.obj
 0001:0001abd0       _Item_Multi_Paint          1001bbd0 f   ui_shared.obj
 0001:0001ae00       _Item_PresetList_Paint     1001be00 f   ui_shared.obj
 0001:0001b030       _Item_SliderColor_Paint    1001c030 f   ui_shared.obj
 0001:0001b4b0       _BindingFromName           1001c4b0 f   ui_shared.obj
 0001:0001b5c0       _Item_Bind_Paint           1001c5c0 f   ui_shared.obj
 0001:0001b8c0       _AdjustFrom640             1001c8c0 f   ui_shared.obj
 0001:0001b990       _Item_Model_Paint          1001c990 f   ui_shared.obj
 0001:0001be50       _Item_Image_Paint          1001ce50 f   ui_shared.obj
 0001:0001bed0       _Item_ListBox_Paint        1001ced0 f   ui_shared.obj
 0001:0001ca50       _Item_OwnerDraw_Paint      1001da50 f   ui_shared.obj
 0001:0001d0f0       _Item_Paint                1001e0f0 f   ui_shared.obj
 0001:0001d910       _Menu_GetFocusedItem       1001e910 f   ui_shared.obj
 0001:0001d970       _Item_ValidateTypeData     1001e970 f   ui_shared.obj
 0001:0001dad0       _KeywordHash_Key           1001ead0 f   ui_shared.obj
 0001:0001db70       _KeywordHash_Add           1001eb70 f   ui_shared.obj
 0001:0001dbb0       _KeywordHash_Find          1001ebb0 f   ui_shared.obj
 0001:0001dc10       _ItemParse_name            1001ec10 f   ui_shared.obj
 0001:0001dc40       _ItemParse_focusSound      1001ec40 f   ui_shared.obj
 0001:0001dc90       _ItemParse_text            1001ec90 f   ui_shared.obj
 0001:0001dcc0       _ItemParse_group           1001ecc0 f   ui_shared.obj
 0001:0001dcf0       _ItemParse_asset_model     1001ecf0 f   ui_shared.obj
 0001:0001dd60       _ItemParse_asset_shader    1001ed60 f   ui_shared.obj
 0001:0001dda0       _ItemParse_model_origin    1001eda0 f   ui_shared.obj
 0001:0001de30       _ItemParse_model_fovx      1001ee30 f   ui_shared.obj
 0001:0001de70       _ItemParse_model_fovy      1001ee70 f   ui_shared.obj
 0001:0001deb0       _ItemParse_model_rotation  1001eeb0 f   ui_shared.obj
 0001:0001def0       _ItemParse_model_angle     1001eef0 f   ui_shared.obj
 0001:0001df30       _ItemParse_rect            1001ef30 f   ui_shared.obj
 0001:0001df60       _ItemParse_widescreen      1001ef60 f   ui_shared.obj
 0001:0001dfb0       _ItemParse_style           1001efb0 f   ui_shared.obj
 0001:0001dfe0       _ItemParse_decoration      1001efe0 f   ui_shared.obj
 0001:0001e000       _ItemParse_notselectable   1001f000 f   ui_shared.obj
 0001:0001e050       _ItemParse_wrapped         1001f050 f   ui_shared.obj
 0001:0001e070       _ItemParse_autowrapped     1001f070 f   ui_shared.obj
 0001:0001e090       _ItemParse_horizontalscroll 1001f090 f   ui_shared.obj
 0001:0001e0b0       _ItemParse_type            1001f0b0 f   ui_shared.obj
 0001:0001e0f0       _ItemParse_elementwidth    1001f0f0 f   ui_shared.obj
 0001:0001e130       _ItemParse_elementheight   1001f130 f   ui_shared.obj
 0001:0001e170       _ItemParse_feeder          1001f170 f   ui_shared.obj
 0001:0001e1a0       _ItemParse_elementtype     1001f1a0 f   ui_shared.obj
 0001:0001e1f0       _ItemParse_columns         1001f1f0 f   ui_shared.obj
 0001:0001e2f0       _ItemParse_border          1001f2f0 f   ui_shared.obj
 0001:0001e320       _ItemParse_bordersize      1001f320 f   ui_shared.obj
 0001:0001e350       _ItemParse_visible         1001f350 f   ui_shared.obj
 0001:0001e390       _ItemParse_ownerdraw       1001f390 f   ui_shared.obj
 0001:0001e3d0       _ItemParse_align           1001f3d0 f   ui_shared.obj
 0001:0001e400       _ItemParse_textalign       1001f400 f   ui_shared.obj
 0001:0001e430       _ItemParse_textalignx      1001f430 f   ui_shared.obj
 0001:0001e460       _ItemParse_textaligny      1001f460 f   ui_shared.obj
 0001:0001e490       _ItemParse_font            1001f490 f   ui_shared.obj
 0001:0001e4c0       _ItemParse_textscale       1001f4c0 f   ui_shared.obj
 0001:0001e4f0       _ItemParse_textstyle       1001f4f0 f   ui_shared.obj
 0001:0001e520       _ItemParse_backcolor       1001f520 f   ui_shared.obj
 0001:0001e580       _ItemParse_forecolor       1001f580 f   ui_shared.obj
 0001:0001e5f0       _ItemParse_bordercolor     1001f5f0 f   ui_shared.obj
 0001:0001e650       _ItemParse_outlinecolor    1001f650 f   ui_shared.obj
 0001:0001e680       _ItemParse_background      1001f680 f   ui_shared.obj
 0001:0001e6c0       _ItemParse_cinematic       1001f6c0 f   ui_shared.obj
 0001:0001e6f0       _ItemParse_doubleClick     1001f6f0 f   ui_shared.obj
 0001:0001e750       _ItemParse_cellId          1001f750 f   ui_shared.obj
 0001:0001e780       _ItemParse_defaultContent  1001f780 f   ui_shared.obj
 0001:0001e7b0       _ItemParse_onFocus         1001f7b0 f   ui_shared.obj
 0001:0001e7e0       _ItemParse_leaveFocus      1001f7e0 f   ui_shared.obj
 0001:0001e810       _ItemParse_mouseEnter      1001f810 f   ui_shared.obj
 0001:0001e840       _ItemParse_mouseExit       1001f840 f   ui_shared.obj
 0001:0001e870       _ItemParse_mouseEnterText  1001f870 f   ui_shared.obj
 0001:0001e8a0       _ItemParse_mouseExitText   1001f8a0 f   ui_shared.obj
 0001:0001e8d0       _ItemParse_action          1001f8d0 f   ui_shared.obj
 0001:0001e900       _ItemParse_precision       1001f900 f   ui_shared.obj
 0001:0001e930       _ItemParse_special         1001f930 f   ui_shared.obj
 0001:0001e9a0       _ItemParse_cvarTest        1001f9a0 f   ui_shared.obj
 0001:0001e9c0       _ItemParse_cvarTest2       1001f9c0 f   ui_shared.obj
 0001:0001e9e0       _ItemParse_cvarTest3       1001f9e0 f   ui_shared.obj
 0001:0001ea00       _ItemParse_cvarTest4       1001fa00 f   ui_shared.obj
 0001:0001ea20       _ItemParse_cvar            1001fa20 f   ui_shared.obj
 0001:0001eab0       _ItemParse_cvara           1001fab0 f   ui_shared.obj
 0001:0001eb10       _ItemParse_maxChars        1001fb10 f   ui_shared.obj
 0001:0001eb70       _ItemParse_maxPaintChars   1001fb70 f   ui_shared.obj
 0001:0001ebd0       _ItemParse_cvarFloat       1001fbd0 f   ui_shared.obj
 0001:0001ec80       _ItemParse_cvarInt         1001fc80 f   ui_shared.obj
 0001:0001ed50       _ItemParse_cvarPreset      1001fd50 f   ui_shared.obj
 0001:0001ef50       _ItemParse_cvarStrList     1001ff50 f   ui_shared.obj
 0001:0001f130       _ItemParse_cvarFloatList   10020130 f   ui_shared.obj
 0001:0001f2f0       _ItemParse_addColorRange   100202f0 f   ui_shared.obj
 0001:0001f3a0       _ItemParse_ownerdrawFlag   100203a0 f   ui_shared.obj
 0001:0001f430       _ItemParse_enableCvar      10020430 f   ui_shared.obj
 0001:0001f450       _ItemParse_disableCvar     10020450 f   ui_shared.obj
 0001:0001f470       _ItemParse_showCvar        10020470 f   ui_shared.obj
 0001:0001f490       _ItemParse_hideCvar        10020490 f   ui_shared.obj
 0001:0001f510       _ItemParse_showCvar2       10020510 f   ui_shared.obj
 0001:0001f530       _ItemParse_hideCvar2       10020530 f   ui_shared.obj
 0001:0001f550       _ItemParse_showCvar3       10020550 f   ui_shared.obj
 0001:0001f570       _ItemParse_hideCvar3       10020570 f   ui_shared.obj
 0001:0001f590       _ItemParse_showCvar4       10020590 f   ui_shared.obj
 0001:0001f5b0       _ItemParse_hideCvar4       100205b0 f   ui_shared.obj
 0001:0001f5d0       _Item_Parse                100205d0 f   ui_shared.obj
 0001:0001f700       _Item_InitControls         10020700 f   ui_shared.obj
 0001:0001f770       _MenuParse_font            10020770 f   ui_shared.obj
 0001:0001f860       _MenuParse_name            10020860 f   ui_shared.obj
 0001:0001f8b0       _MenuParse_fullscreen      100208b0 f   ui_shared.obj
 0001:0001f8f0       _MenuParse_widescreen      100208f0 f   ui_shared.obj
 0001:0001f940       _MenuParse_rect            10020940 f   ui_shared.obj
 0001:0001f970       _MenuParse_style           10020970 f   ui_shared.obj
 0001:0001f9a0       _MenuParse_visible         100209a0 f   ui_shared.obj
 0001:0001f9f0       _MenuParse_onOpen          100209f0 f   ui_shared.obj
 0001:0001fa30       _MenuParse_onClose         10020a30 f   ui_shared.obj
 0001:0001fa70       _MenuParse_onESC           10020a70 f   ui_shared.obj
 0001:0001fab0       _MenuParse_border          10020ab0 f   ui_shared.obj
 0001:0001fae0       _MenuParse_borderSize      10020ae0 f   ui_shared.obj
 0001:0001fb10       _MenuParse_backcolor       10020b10 f   ui_shared.obj
 0001:0001fb70       _MenuParse_forecolor       10020b70 f   ui_shared.obj
 0001:0001fbe0       _MenuParse_bordercolor     10020be0 f   ui_shared.obj
 0001:0001fc40       _MenuParse_focuscolor      10020c40 f   ui_shared.obj
 0001:0001fca0       _MenuParse_disablecolor    10020ca0 f   ui_shared.obj
 0001:0001fd00       _MenuParse_outlinecolor    10020d00 f   ui_shared.obj
 0001:0001fd40       _MenuParse_background      10020d40 f   ui_shared.obj
 0001:0001fd90       _MenuParse_backgroundSize  10020d90 f   ui_shared.obj
 0001:0001fdd0       _MenuParse_cinematic       10020dd0 f   ui_shared.obj
 0001:0001fe00       _MenuParse_ownerdrawFlag   10020e00 f   ui_shared.obj
 0001:0001fe40       _MenuParse_ownerdraw       10020e40 f   ui_shared.obj
 0001:0001fe70       _MenuParse_popup           10020e70 f   ui_shared.obj
 0001:0001fea0       _MenuParse_outOfBounds     10020ea0 f   ui_shared.obj
 0001:0001fed0       _MenuParse_soundLoop       10020ed0 f   ui_shared.obj
 0001:0001ff10       _MenuParse_fadeClamp       10020f10 f   ui_shared.obj
 0001:0001ff50       _MenuParse_fadeAmount      10020f50 f   ui_shared.obj
 0001:0001ff90       _MenuParse_fadeCycle       10020f90 f   ui_shared.obj
 0001:0001ffd0       _MenuParse_itemDef         10020fd0 f   ui_shared.obj
 0001:000200b0       _Menu_Parse                100210b0 f   ui_shared.obj
 0001:00020330       _CG_ScoresDown_f           10021330 f   cg_consolecmds.obj
 0001:00020390       _CG_ConsoleCommand         10021390 f   cg_consolecmds.obj
 0001:00020440       _CG_InitConsoleCommands    10021440 f   cg_consolecmds.obj
 0001:000206f0       _CG_TargetCommand_f        100216f0 f   cg_consolecmds.obj
 0001:00021ed0       _CG_ResetDraw2DMenuCache   10022ed0 f   cg_draw.obj
 0001:00021f30       _CG_CacheDraw2DMenuCache   10022f30 f   cg_draw.obj
 0001:00021fc0       _CG_ClearQueuedWorldMarkers 10022fc0 f   cg_draw.obj
 0001:00021fe0       _CG_AllocQueuedWorldMarker 10022fe0 f   cg_draw.obj
 0001:00022030       _CG_AllocQueuedWorldMarkerForKey 10023030 f   cg_draw.obj
 0001:000220d0       _CG_POIMarkerSizeForOrigin 100230d0 f   cg_draw.obj
 0001:000221e0       _CG_ShouldDrawPOIMarkerMode 100231e0 f   cg_draw.obj
 0001:00022290       _CG_UpdateQueuedWorldMarkers 10023290 f   cg_draw.obj
 0001:000223d0       _CG_DrawQueuedWorldMarkers 100233d0 f   cg_draw.obj
 0001:00022710       _CG_AddLagometerFrameInfo  10023710 f   cg_draw.obj
 0001:00022750       _CG_AddLagometerSnapshotInfo 10023750 f   cg_draw.obj
 0001:000227c0       _CG_CenterPrint            100237c0 f   cg_draw.obj
 0001:00022840       _CG_DrawHead               10023840 f   cg_draw.obj
 0001:00022b00       _CG_DrawActive             10023b00 f   cg_draw.obj
 0001:00022dd0       _CG_DrawFlagModel          10023dd0 f   cg_draw.obj
 0001:00023080       _CG_GetObituaryIcon        10024080 f   cg_draw.obj
 0001:00023290       _CG_ObituaryColorForIndex  10024290 f   cg_draw.obj
 0001:00023400       _CG_DrawTeamBackground     10024400 f   cg_draw.obj
 0001:00023510       _CG_Text_Paint             10024510 f   cg_draw.obj
 0001:00023880       _CG_Text_Width             10024880 f   cg_draw.obj
 0001:000239b0       _CG_Text_Height            100249b0 f   cg_draw.obj
 0001:00023af0       _CG_RecordSpectatorItemPickup 10024af0 f   cg_draw.obj
 0001:00023ce0       _CG_ClearSpectatorItemPickups 10024ce0 f   cg_draw.obj
 0001:00023d30       _CG_UpdateSpectatorItemPickups 10024d30 f   cg_draw.obj
 0001:00023ec0       _CG_Draw3DModel            10024ec0 f   cg_draw.obj
 0001:00024050       _CG_Text_PaintChar         10025050 f   cg_draw.obj
 0001:00024100       _CG_ShouldDrawSpriteSelf   10025100 f   cg_draw.obj
 0001:00024130       _CG_ShouldDrawTieredArmor  10025130 f   cg_draw.obj
 0001:00024160       _CG_ShouldDrawSpeedometer  10025160 f   cg_draw.obj
 0001:0002c770       _CG_DrawTimedMenus         1002d770 f   cg_draw.obj
 0001:0002d7b0       _CG_AdjustFrom640          1002e7b0 f   cg_drawtools.obj
 0001:0002d840       _CG_SetAdjustFrom640Mode   1002e840 f   cg_drawtools.obj
 0001:0002d850       _CG_FillRect               1002e850 f   cg_drawtools.obj
 0001:0002d8f0       _CG_DrawPic                1002e8f0 f   cg_drawtools.obj
 0001:0002d980       _CG_DrawStringExt          1002e980 f   cg_drawtools.obj
 0001:0002dbc0       _CG_DrawBigString          1002ebc0 f   cg_drawtools.obj
 0001:0002dc80       _CG_DrawBigStringColor     1002ec80 f   cg_drawtools.obj
 0001:0002dcd0       _CG_DrawSmallString        1002ecd0 f   cg_drawtools.obj
 0001:0002dd70       _CG_DrawSmallStringColor   1002ed70 f   cg_drawtools.obj
 0001:0002dda0       _CG_DrawStrlen             1002eda0 f   cg_drawtools.obj
 0001:0002de10       _CG_FadeColor              1002ee10 f   cg_drawtools.obj
 0001:0002def0       _CG_TeamColor              1002eef0 f   cg_drawtools.obj
 0001:0002df30       _CG_TileClear              1002ef30 f   cg_drawtools.obj
 0001:0002e030       _CG_ColorForHealth         1002f030 f   cg_drawtools.obj
 0001:0002e070       _CG_GetColorForHealth      1002f070 f   cg_drawtools.obj
 0001:0002e200       _UI_DrawProportionalString 1002f200 f   cg_drawtools.obj
 0001:0002e5b0       _CG_DrawRect               1002f5b0 f   cg_drawtools.obj
 0001:0002e650       _CG_DrawSides              1002f650 f   cg_drawtools.obj
 0001:0002e750       _CG_DrawTopBottom          1002f750 f   cg_drawtools.obj
 0001:0002e910       _CG_DrawChar               1002f910 f   cg_drawtools.obj
 0001:0002ed10       _UI_DrawBannerString       1002fd10 f   cg_drawtools.obj
 0001:0002ee60       _UI_ProportionalStringWidth 1002fe60 f   cg_drawtools.obj
 0001:0002f100       _UI_ProportionalSizeScale  10030100 f   cg_drawtools.obj
 0001:0002f220       _CG_SmokePuff              10030220 f   cg_effects.obj
 0001:0002f5b0       _CG_BubbleTrail            100305b0 f   cg_effects.obj
 0001:0002fb20       _CG_SpawnEffect            10030b20 f   cg_effects.obj
 0001:0002fcc0       _CG_KamikazeEffect         10030cc0 f   cg_effects.obj
 0001:0002fe60       _CG_ObeliskExplode         10030e60 f   cg_effects.obj
 0001:0002ff80       _CG_ObeliskPain            10030f80 f   cg_effects.obj
 0001:0002ffe0       _CG_InvulnerabilityImpact  10030fe0 f   cg_effects.obj
 0001:000301a0       _CG_InvulnerabilityJuiced  100311a0 f   cg_effects.obj
 0001:00030390       _CG_LightningBoltBeam      10031390 f   cg_effects.obj
 0001:000304f0       _CG_LightningDischargeEffect 100314f0 f   cg_effects.obj
 0001:000305b0       _CG_ScorePlum              100315b0 f   cg_effects.obj
 0001:00030850       _CG_ThawPlayer             10031850 f   cg_effects.obj
 0001:00030a70       _CG_GibPlayer              10031a70 f   cg_effects.obj
 0001:00030f80       _CG_BigExplode             10031f80 f   cg_effects.obj
 0001:00030fa0       _CG_BigExplodeJuiced       10031fa0 f   cg_effects.obj
 0001:00030fc0       _CG_Bleed                  10031fc0 f   cg_effects.obj
 0001:000310c0       _CG_MakeExplosion          100320c0 f   cg_effects.obj
 0001:00031c90       _CG_LaunchExplode          10032c90 f   cg_effects.obj
 0001:000326a0       _CG_LaunchGib              100336a0 f   cg_effects.obj
 0001:00032970       _CG_SetEntitySoundPosition 10033970 f   cg_ents.obj
 0001:00032a80       _CG_AddPacketEntities      10033a80 f   cg_ents.obj
 0001:00032ca0       _CG_Beam                   10033ca0 f   cg_ents.obj
 0001:00032ec0       _CG_AdjustPositionForMover 10033ec0 f   cg_ents.obj
 0001:000331b0       _CG_PositionEntityOnTag    100341b0 f   cg_ents.obj
 0001:00033390       _CG_PositionRotatedEntityOnTag 10034390 f   cg_ents.obj
 0001:00037810       _CG_CheckEvents            10038810 f   cg_event.obj
 0001:000378f0       _CG_PlaceString            100388f0 f   cg_event.obj
 0001:00037a40       _CG_GetOvertimeCount       10038a40 f   cg_event.obj
 0001:00037af0       _CG_EntityEvent            10038af0 f   cg_event.obj
 0001:00039e70       _CG_PainEvent              1003ae70 f   cg_event.obj
 0001:00039f10       _CG_PruneObituaryFeed      1003af10 f   cg_event.obj
 0001:00039f50       _CG_DamagePlumsEnabled     1003af50 f   cg_event.obj
 0001:00039f80       _CG_ShouldRenderDamagePlumForWeapon 1003af80 f   cg_event.obj
 0001:00039fc0       _CG_GetDamagePlumColorStyle 1003afc0 f   cg_event.obj
 0001:00039fd0       _CG_StartScoreboardTimer   1003afd0 f   cg_event.obj
 0001:0003a000       _CG_StopScoreboardTimer    1003b000 f   cg_event.obj
 0001:0003a030       _CG_GetScoreboardTimerSeconds 1003b030 f   cg_event.obj
 0001:0003c630       _CG_ResetLoadingState      1003d630 f   cg_info.obj
 0001:0003c680       _CG_AdvanceLoadingProgress 1003d680 f   cg_info.obj
 0001:0003c6a0       _CG_LoadingString          1003d6a0 f   cg_info.obj
 0001:0003c6c0       _CG_LoadingItem            1003d6c0 f   cg_info.obj
 0001:0003c720       _CG_LoadingClient          1003d720 f   cg_info.obj
 0001:0003c910       _CG_DrawInformation        1003d910 f   cg_info.obj
 0001:0003d210       _CG_InitLocalEntities      1003e210 f   cg_localents.obj
 0001:0003d290       _CG_AllocLocalEntity       1003e290 f   cg_localents.obj
 0001:0003d310       _CG_AddLocalEntities       1003e310 f   cg_localents.obj
 0001:0003d6f0       _CG_FreeLocalEntity        1003e6f0 f   cg_localents.obj
 0001:0003d740       _CG_BloodTrail             1003e740 f   cg_localents.obj
 0001:0003d9c0       _CG_FragmentBounceMark     1003e9c0 f   cg_localents.obj
 0001:0003dcc0       _CG_FragmentBounceSound    1003ecc0 f   cg_localents.obj
 0001:0003dda0       _CG_ReflectVelocity        1003eda0 f   cg_localents.obj
 0001:0003e4c0       _CG_AddFragment            1003f4c0 f   cg_localents.obj
 0001:0003e510       _CG_AddFadeRGB             1003f510 f   cg_localents.obj
 0001:00040300       _CG_AddKamikaze            10041300 f   cg_localents.obj
 0001:00040320       _CG_AddInvulnerabilityImpact 10041320 f   cg_localents.obj
 0001:00040340       _CG_AddInvulnerabilityJuiced 10041340 f   cg_localents.obj
 0001:000404a0       _CG_AddRefEntity           100414a0 f   cg_localents.obj
 0001:000404e0       _CG_AddScorePlum           100414e0 f   cg_localents.obj
 0001:00040c40       _Com_Error                 10041c40 f   cg_main.obj
 0001:00040ca0       _Com_Printf                10041ca0 f   cg_main.obj
 0001:00040d00       _CG_ConfigString           10041d00 f   cg_main.obj
 0001:00040d40       _CG_Argv                   10041d40 f   cg_main.obj
 0001:00040d60       _CG_Printf                 10041d60 f   cg_main.obj
 0001:00040de0       _CG_Error                  10041de0 f   cg_main.obj
 0001:00040e40       _CG_StartMusic             10041e40 f   cg_main.obj
 0001:00040ed0       _CG_UpdateCvars            10041ed0 f   cg_main.obj
 0001:00041460       _CG_CrosshairPlayer        10042460 f   cg_main.obj
 0001:00041490       _CG_LastAttacker           10042490 f   cg_main.obj
 0001:000414c0       _CG_GetChatHistoryLength   100424c0 f   cg_main.obj
 0001:00041500       _CG_ShouldDisplayVoiceIndicator 10042500 f   cg_main.obj
 0001:00041530       _CG_InitBrowserRuntime     10042530 f   cg_main.obj
 0001:00041540       _CG_ResetBrowserOverlayState 10042540 f   cg_main.obj
 0001:00041560       _CG_SetBrowserFeederSelection 10042560 f   cg_main.obj
 0001:00041580       _CG_LoadMenus              10042580 f   cg_main.obj
 0001:00041790       _CG_LoadHudMenu            10042790 f   cg_main.obj
 0001:00041830       _CG_RegisterCountryFlag    10042830 f   cg_main.obj
 0001:000418e0       _CG_SetScoreSelection      100428e0 f   cg_main.obj
 0001:000419c0       _CG_BuildSpectatorString   100429c0 f   cg_main.obj
 0001:00041db0       _CG_SetClientSpeakingState 10042db0 f   cg_main.obj
 0001:00041e60       _CG_PushPrintString        10042e60 f   cg_main.obj
 0001:00042260       _CG_GetColorForIndex       10043260 f   cg_main.obj
 0001:00042300       _CG_ColorCharToIndex       10043300 f   cg_main.obj
 0001:00042360       _CG_StartingWeaponIndexFromToken 10043360 f   cg_main.obj
 0001:00042430       _CG_HandleAutoActionsIntermission 10043430 f   cg_main.obj
 0001:00042560       _CG_RunQueuedAutoActions   10043560 f   cg_main.obj
 0001:000425e0       _CG_Init                   100435e0 f   cg_main.obj
 0001:00042a30       _CG_Shutdown               10043a30 f   cg_main.obj
 0001:00042a70       _CG_RegisterCvars          10043a70 f   cg_main.obj
 0001:000435c0       _CG_Cvar_GetString         100445c0 f   cg_main.obj
 0001:00043660       _vmMain                    10044660 f   cg_main.obj
 0001:00043890       _CG_GetNativeExportTable   10044890 f   cg_main.obj
 0001:00048050       _CG_GetMenuBuffer          10049050 f   cg_main.obj
 0001:00048120       _CG_Asset_Parse            10049120 f   cg_main.obj
 0001:00048670       _CG_ParseMenu              10049670 f   cg_main.obj
 0001:00048780       _CG_Load_Menu              10049780 f   cg_main.obj
 0001:0004abc0       _CG_Text_PaintWithCursor   1004bbc0 f   cg_main.obj
 0001:0004b760       _CG_AssetCache             1004c760 f   cg_main.obj
 0001:0004ba00       _CG_KeyEvent               1004ca00 f   cg_newdraw.obj
 0001:0004ba90       _CG_MouseEvent             1004ca90 f   cg_newdraw.obj
 0001:0004bbc0       _CG_EventHandling          1004cbc0 f   cg_newdraw.obj
 0001:0004bc00       _CG_GetSelectedScore       1004cc00 f   cg_newdraw.obj
 0001:0004bc40       _CG_RaceResetState         1004cc40 f   cg_newdraw.obj
 0001:0004bce0       _CG_ParseRaceInfoString    1004cce0 f   cg_newdraw.obj
 0001:0004bef0       _CG_ParseRaceStatusString  1004cef0 f   cg_newdraw.obj
 0001:0004c2d0       _CG_RacePlayCue            1004d2d0 f   cg_newdraw.obj
 0001:0004c340       _CG_OwnerDraw              1004d340 f   cg_newdraw.obj
 0001:0004dd40       _CG_SelectPrevPlayer       1004ed40 f   cg_newdraw.obj
 0001:0004dd90       _CG_SelectNextPlayer       1004ed90 f   cg_newdraw.obj
 0001:0004ddd0       _CG_SpectatorFollowCycle   1004edd0 f   cg_newdraw.obj
 0001:0004dee0       _CG_SpectatorTrackEvent    1004eee0 f   cg_newdraw.obj
 0001:0004df70       _CG_UpdateSpectatorTracking 1004ef70 f   cg_newdraw.obj
 0001:0004e050       _CG_IsSpectatorCamera      1004f050 f   cg_newdraw.obj
 0001:0004e0c0       _CG_SpectatorFollowRequest 1004f0c0 f   cg_newdraw.obj
 0001:0004e160       _CG_StopSpectatorFollow    1004f160 f   cg_newdraw.obj
 0001:0004e190       _CG_SetSpectatorCameraLock 1004f190 f   cg_newdraw.obj
 0001:0004e230       _CG_GetValue               1004f230 f   cg_newdraw.obj
 0001:0004e3f0       _CG_OwnerDrawVisible       1004f3f0 f   cg_newdraw.obj
 0001:0004e950       _CG_RunMenuScript          1004f950 f   cg_newdraw.obj
 0001:0004ea80       _CG_SetPrintString         1004fa80 f   cg_newdraw.obj
 0001:0004ead0       _CG_InitTeamChat           1004fad0 f   cg_newdraw.obj
 0001:0004eb60       _CG_GetTeamColor           1004fb60 f   cg_newdraw.obj
 0001:0004eca0       _CG_GetTeamName            1004fca0 f   cg_newdraw.obj
 0001:0004ed60       _CG_GetGameStatusText      1004fd60 f   cg_newdraw.obj
 0001:0004eef0       _CG_GetKillerText          1004fef0 f   cg_newdraw.obj
 0001:0004ef30       _CG_GetRaceStatusText      1004ff30 f   cg_newdraw.obj
 0001:0004ef80       _CG_GetRaceTimesPrimaryText 1004ff80 f   cg_newdraw.obj
 0001:0004efd0       _CG_GetRaceTimesSecondaryText 1004ffd0 f   cg_newdraw.obj
 0001:0004f020       _CG_CheckOrderPending      10050020 f   cg_newdraw.obj
 0001:0004f250       _CG_GameTypeString         10050250 f   cg_newdraw.obj
 0001:0004f310       _CG_RegisterGameTypeIcons  10050310 f   cg_newdraw.obj
 0001:0004f490       _CG_YourTeamHasFlag        10050490 f   cg_newdraw.obj
 0001:0004f540       _CG_OtherTeamHasFlag       10050540 f   cg_newdraw.obj
 0001:0004f5f0       _CG_StatusHandle           100505f0 f   cg_newdraw.obj
 0001:0004f6a0       _CG_ShouldDrawAccOverlay   100506a0 f   cg_newdraw.obj
 0001:0004f710       _CG_DrawNewTeamInfo        10050710 f   cg_newdraw.obj
 0001:0004fc40       _CG_DrawTeamSpectators     10050c40 f   cg_newdraw.obj
 0001:0004feb0       _CG_DrawMedal              10050eb0 f   cg_newdraw.obj
 0001:00050180       _CG_TeamOverlayXValue      10051180 f   cg_newdraw.obj
 0001:00050190       _CG_TeamOverlayYValue      10051190 f   cg_newdraw.obj
 0001:000501a0       _CG_TeamOverlaySizeValue   100511a0 f   cg_newdraw.obj
 0001:000501b0       _CG_TeamOverlayOpacityValue 100511b0 f   cg_newdraw.obj
 0001:000501c0       _CG_IsSelfOnTeamOverlay    100511c0 f   cg_newdraw.obj
 0001:0005aeb0       _CG_GetSelectedPlayer      1005beb0 f   cg_newdraw.obj
 0001:0005f7b0       _CG_HideTeamMenu           100607b0 f   cg_newdraw.obj
 0001:0005f820       _CG_ShowTeamMenu           10060820 f   cg_newdraw.obj
 0001:0005fb00       _CG_InitMarkPolys          10060b00 f   cg_marks.obj
 0001:0005fb80       _CG_AddMarks               10060b80 f   cg_marks.obj
 0001:0005fe80       _CG_ImpactMark             10060e80 f   cg_marks.obj
 0001:000606f0       _CG_FreeMarkPoly           100616f0 f   cg_marks.obj
 0001:00060740       _CG_AllocMark              10061740 f   cg_marks.obj
 0001:00060930       _CG_ClearParticles         10061930 f   cg_particles.obj
 0001:00060a70       _CG_AddParticles           10061a70 f   cg_particles.obj
 0001:00061000       _CG_ParticleExplosion      10062000 f   cg_particles.obj
 0001:00061290       _CG_NewParticleArea        10062290 f   cg_particles.obj
 0001:00068510       _CG_SnowLink               10069510 f   cg_particles.obj
 0001:00068700       _CG_Player                 10069700 f   cg_players.obj
 0001:00069fd0       _CG_ResetPlayerEntity      1006afd0 f   cg_players.obj
 0001:0006a250       _CG_AddRefEntityWithPowerups 1006b250 f   cg_players.obj
 0001:0006a330       _CG_NewClientInfo          1006b330 f   cg_players.obj
 0001:0006aa70       _CG_ApplyModelOverrides    1006ba70 f   cg_players.obj
 0001:0006aad0       _CG_RefreshClientHeadOffsets 1006bad0 f   cg_players.obj
 0001:0006ab20       _CG_CustomSound            1006bb20 f   cg_players.obj
 0001:0006abf0       _CG_LoadDeferredPlayers    1006bbf0 f   cg_players.obj
 0001:000721c0       _CG_LightVerts             100731c0 f   cg_players.obj
 0001:000724a0       _CG_Respawn                100734a0 f   cg_playerstate.obj
 0001:00072520       _CG_TransitionPlayerState  10073520 f   cg_playerstate.obj
 0001:00072690       _CG_CheckChangedPredictableEvents 10073690 f   cg_playerstate.obj
 0001:00072790       _pushReward                10073790 f   cg_playerstate.obj
 0001:00072800       _CG_CheckAmmo              10073800 f   cg_playerstate.obj
 0001:00072910       _CG_DamageFeedback         10073910 f   cg_playerstate.obj
 0001:00073190       _CG_CheckPlayerstateEvents 10074190 f   cg_playerstate.obj
 0001:000733a0       _CG_CheckLocalSounds       100743a0 f   cg_playerstate.obj
 0001:00074020       _CG_BuildSolidList         10075020 f   cg_predict.obj
 0001:00074130       _CG_PointContents          10075130 f   cg_predict.obj
 0001:000741f0       _CG_Trace                  100751f0 f   cg_predict.obj
 0001:000742c0       _CG_PredictPlayerState     100752c0 f   cg_predict.obj
 0001:00075ba0       _CG_DamageBlendBlob        10076ba0 f   cg_screen.obj
 0001:00075fa0       _CG_IsJoinGameMenuCaptureActive 10076fa0 f   cg_screen.obj
 0001:00075fb0       _CG_ResetJoinGameMenuCaptureState 10076fb0 f   cg_screen.obj
 0001:00075fc0       _CG_CloseJoinGameMenu      10076fc0 f   cg_screen.obj
 0001:00076040       _CG_DrawPregameJoinGameMenu 10077040 f   cg_screen.obj
 0001:00076080       _CG_DrawJoinGameMenu       10077080 f   cg_screen.obj
 0001:000765f0       _CG_DrawOldScoreboard      100775f0 f   cg_scoreboard.obj
 0001:00076f20       _CG_DrawOldTourneyScoreboard 10077f20 f   cg_scoreboard.obj
 0001:000772d0       _CG_BuildHudScoreboard     100782d0 f   cg_scoreboard.obj
 0001:00077380       _CG_GetHudScoreboard       10078380 f   cg_scoreboard.obj
 0001:00077390       _CG_GetHudScoreboardEntry  10078390 f   cg_scoreboard.obj
 0001:00077420       _CG_GetHudScoreboardTeamCount 10078420 f   cg_scoreboard.obj
 0001:00077450       _CG_TouchCompetitiveScores 10078450 f   cg_scoreboard.obj
 0001:000792a0       _CG_ExecuteNewServerCommands 1007a2a0 f   cg_servercmds.obj
 0001:000792e0       _CG_ParseServerinfo        1007a2e0 f   cg_servercmds.obj
 0001:000797a0       _CG_SetConfigValues        1007a7a0 f   cg_servercmds.obj
 0001:00079a10       _CG_GetMatchTimeoutStartTime 1007aa10 f   cg_servercmds.obj
 0001:00079a20       _CG_ParsePmoveConfigString 1007aa20 f   cg_servercmds.obj
 0001:00079a70       _CG_LoadVoiceChats         1007aa70 f   cg_servercmds.obj
 0001:00079b90       _CG_ShaderStateChanged     1007ab90 f   cg_servercmds.obj
 0001:00079db0       _CG_VoiceChatLocal         1007adb0 f   cg_servercmds.obj
 0001:00079f50       _CG_PlayBufferedVoiceChats 1007af50 f   cg_servercmds.obj
 0001:000813c0       _CG_ParseVoiceChats        100823c0 f   cg_servercmds.obj
 0001:000818e0       _CG_HeadModelVoiceChats    100828e0 f   cg_servercmds.obj
 0001:00081a80       _CG_GetVoiceChat           10082a80 f   cg_servercmds.obj
 0001:00081b50       _CG_VoiceChatListForClient 10082b50 f   cg_servercmds.obj
 0001:00081fb0       _CG_PlayVoiceChat          10082fb0 f   cg_servercmds.obj
 0001:000820b0       _CG_AddBufferedVoiceChat   100830b0 f   cg_servercmds.obj
 0001:00082140       _CG_VoiceChat              10083140 f   cg_servercmds.obj
 0001:000830f0       _CG_QueueClientInfoContextRefresh 100840f0 f   cg_snapshot.obj
 0001:00083100       _CG_ProcessSnapshots       10084100 f   cg_snapshot.obj
 0001:000833e0       _CG_SetInitialSnapshot     100843e0 f   cg_snapshot.obj
 0001:00083900       _trap_PC_AddGlobalDefine   10084900 f   cg_syscalls.obj
 0001:00083920       _trap_PC_LoadSource        10084920 f   cg_syscalls.obj
 0001:00083940       _trap_PC_FreeSource        10084940 f   cg_syscalls.obj
 0001:00083960       _trap_PC_ReadToken         10084960 f   cg_syscalls.obj
 0001:00083980       _trap_PC_SourceFileAndLine 10084980 f   cg_syscalls.obj
 0001:000839a0       _trap_Print                100849a0 f   cg_syscalls.obj
 0001:000839c0       _trap_Error                100849c0 f   cg_syscalls.obj
 0001:000839e0       _trap_Milliseconds         100849e0 f   cg_syscalls.obj
 0001:000839f0       _trap_Cvar_Register        100849f0 f   cg_syscalls.obj
 0001:00083a10       _trap_Cvar_Update          10084a10 f   cg_syscalls.obj
 0001:00083a30       _trap_Cvar_Set             10084a30 f   cg_syscalls.obj
 0001:00083a50       _trap_Cvar_VariableValue   10084a50 f   cg_syscalls.obj
 0001:00083ab0       _trap_Cvar_VariableStringBuffer 10084ab0 f   cg_syscalls.obj
 0001:00083ad0       _trap_Argc                 10084ad0 f   cg_syscalls.obj
 0001:00083ae0       _trap_Argv                 10084ae0 f   cg_syscalls.obj
 0001:00083b00       _trap_Args                 10084b00 f   cg_syscalls.obj
 0001:00083b20       _trap_FS_FOpenFile         10084b20 f   cg_syscalls.obj
 0001:00083b40       _trap_FS_Read              10084b40 f   cg_syscalls.obj
 0001:00083b60       _trap_FS_Write             10084b60 f   cg_syscalls.obj
 0001:00083b80       _trap_FS_FCloseFile        10084b80 f   cg_syscalls.obj
 0001:00083ba0       _trap_FS_Seek              10084ba0 f   cg_syscalls.obj
 0001:00083bc0       _trap_SendConsoleCommand   10084bc0 f   cg_syscalls.obj
 0001:00083be0       _trap_AddCommand           10084be0 f   cg_syscalls.obj
 0001:00083c00       _trap_RemoveCommand        10084c00 f   cg_syscalls.obj
 0001:00083c20       _trap_SendClientCommand    10084c20 f   cg_syscalls.obj
 0001:00083c40       _trap_UpdateScreen         10084c40 f   cg_syscalls.obj
 0001:00083c50       _trap_CM_LoadMap           10084c50 f   cg_syscalls.obj
 0001:00083c70       _trap_CM_NumInlineModels   10084c70 f   cg_syscalls.obj
 0001:00083c80       _trap_CM_InlineModel       10084c80 f   cg_syscalls.obj
 0001:00083ca0       _trap_CM_LoadModel         10084ca0 f   cg_syscalls.obj
 0001:00083cc0       _trap_CM_TempBoxModel      10084cc0 f   cg_syscalls.obj
 0001:00083ce0       _trap_CM_TempCapsuleModel  10084ce0 f   cg_syscalls.obj
 0001:00083d00       _trap_CM_PointContents     10084d00 f   cg_syscalls.obj
 0001:00083d20       _trap_CM_TransformedPointContents 10084d20 f   cg_syscalls.obj
 0001:00083d40       _trap_CM_BoxTrace          10084d40 f   cg_syscalls.obj
 0001:00083d70       _trap_CM_CapsuleTrace      10084d70 f   cg_syscalls.obj
 0001:00083da0       _trap_CM_TransformedBoxTrace 10084da0 f   cg_syscalls.obj
 0001:00083de0       _trap_CM_TransformedCapsuleTrace 10084de0 f   cg_syscalls.obj
 0001:00083e20       _trap_CM_MarkFragments     10084e20 f   cg_syscalls.obj
 0001:00083e50       _trap_S_StartSound         10084e50 f   cg_syscalls.obj
 0001:00083e70       _trap_S_StopLoopingSound   10084e70 f   cg_syscalls.obj
 0001:00083e90       _trap_S_StartLocalSound    10084e90 f   cg_syscalls.obj
 0001:00083eb0       _trap_S_ClearLoopingSounds 10084eb0 f   cg_syscalls.obj
 0001:00083ee0       _trap_S_AddLoopingSound    10084ee0 f   cg_syscalls.obj
 0001:00083f00       _trap_S_AddRealLoopingSound 10084f00 f   cg_syscalls.obj
 0001:00083f20       _trap_S_UpdateEntityPosition 10084f20 f   cg_syscalls.obj
 0001:00083f40       _trap_S_Respatialize       10084f40 f   cg_syscalls.obj
 0001:00083f60       _trap_S_RegisterSound      10084f60 f   cg_syscalls.obj
 0001:00083fa0       _trap_S_StartBackgroundTrack 10084fa0 f   cg_syscalls.obj
 0001:00083fc0       _trap_S_StopBackgroundTrack 10084fc0 f   cg_syscalls.obj
 0001:00083fd0       _trap_R_LoadWorldMap       10084fd0 f   cg_syscalls.obj
 0001:00083ff0       _trap_R_RegisterModel      10084ff0 f   cg_syscalls.obj
 0001:00084010       _trap_R_RegisterSkin       10085010 f   cg_syscalls.obj
 0001:00084030       _trap_R_RegisterShader     10085030 f   cg_syscalls.obj
 0001:00084050       _trap_R_RegisterShaderNoMip 10085050 f   cg_syscalls.obj
 0001:00084070       _trap_R_ClearScene         10085070 f   cg_syscalls.obj
 0001:00084080       _trap_R_AddRefEntityToScene 10085080 f   cg_syscalls.obj
 0001:000840a0       _trap_R_AddPolyToScene     100850a0 f   cg_syscalls.obj
 0001:000840c0       _trap_R_AddPolysToScene    100850c0 f   cg_syscalls.obj
 0001:000840e0       _trap_R_AddLightToScene    100850e0 f   cg_syscalls.obj
 0001:00084150       _trap_R_AddAdditiveLightToScene 10085150 f   cg_syscalls.obj
 0001:000841c0       _trap_R_LightForPoint      100851c0 f   cg_syscalls.obj
 0001:000841e0       _trap_R_RenderScene        100851e0 f   cg_syscalls.obj
 0001:00084200       _trap_R_SetColor           10085200 f   cg_syscalls.obj
 0001:00084220       _trap_R_DrawStretchPic     10085220 f   cg_syscalls.obj
 0001:000842e0       _trap_R_ModelBounds        100852e0 f   cg_syscalls.obj
 0001:00084300       _trap_R_LerpTag            10085300 f   cg_syscalls.obj
 0001:00084340       _trap_R_RemapShader        10085340 f   cg_syscalls.obj
 0001:00084360       _trap_GetGlconfig          10085360 f   cg_syscalls.obj
 0001:00084380       _trap_GetGameState         10085380 f   cg_syscalls.obj
 0001:000843a0       _trap_GetCurrentSnapshotNumber 100853a0 f   cg_syscalls.obj
 0001:000843c0       _trap_GetSnapshot          100853c0 f   cg_syscalls.obj
 0001:00084400       _trap_GetServerCommand     10085400 f   cg_syscalls.obj
 0001:00084430       _trap_GetCurrentCmdNumber  10085430 f   cg_syscalls.obj
 0001:00084440       _trap_GetUserCmd           10085440 f   cg_syscalls.obj
 0001:00084480       _trap_SetUserCmdValue      10085480 f   cg_syscalls.obj
 0001:000844b0       _testPrintInt              100854b0 f   cg_syscalls.obj
 0001:000844d0       _testPrintFloat            100854d0 f   cg_syscalls.obj
 0001:00084500       _trap_MemoryRemaining      10085500 f   cg_syscalls.obj
 0001:00084510       _trap_R_RegisterFont       10085510 f   cg_syscalls.obj
 0001:00084530       _trap_Key_IsDown           10085530 f   cg_syscalls.obj
 0001:00084560       _trap_Key_GetCatcher       10085560 f   cg_syscalls.obj
 0001:00084570       _trap_Key_SetCatcher       10085570 f   cg_syscalls.obj
 0001:00084590       _trap_Key_GetKey           10085590 f   cg_syscalls.obj
 0001:000845b0       _trap_Key_KeynumToStringBuf 100855b0 f   cg_syscalls.obj
 0001:000845d0       _trap_Key_GetBindingBuf    100855d0 f   cg_syscalls.obj
 0001:000845f0       _trap_Key_SetBinding       100855f0 f   cg_syscalls.obj
 0001:00084610       _trap_Key_GetOverstrikeMode 10085610 f   cg_syscalls.obj
 0001:00084640       _trap_Key_SetOverstrikeMode 10085640 f   cg_syscalls.obj
 0001:00084670       _trap_Cmd_ExecuteText      10085670 f   cg_syscalls.obj
 0001:00084690       _trap_RealTime             10085690 f   cg_syscalls.obj
 0001:000846b0       _trap_QL_Cvar_RegisterRange 100856b0 f   cg_syscalls.obj
 0001:00084700       _trap_QL_Cvar_Reset        10085700 f   cg_syscalls.obj
 0001:00084730       _trap_QL_FS_GetFileList    10085730 f   cg_syscalls.obj
 0001:00084770       _trap_QL_S_StartSoundVolume 10085770 f   cg_syscalls.obj
 0001:000847b0       _trap_QL_S_StartLocalSoundVolume 100857b0 f   cg_syscalls.obj
 0001:000847f0       _trap_QL_SetupAdvertCellShader 100857f0 f   cg_syscalls.obj
 0001:00084830       _trap_QL_RefreshAdvertCellShader 10085830 f   cg_syscalls.obj
 0001:00084870       _trap_QL_SetActiveAdvert   10085870 f   cg_syscalls.obj
 0001:000848a0       _trap_QL_UpdateAdvert      100858a0 f   cg_syscalls.obj
 0001:000848d0       _trap_QL_AdvertisementBridge_SetMapPath 100858d0 f   cg_syscalls.obj
 0001:00084900       _trap_QL_IsClientMuted     10085900 f   cg_syscalls.obj
 0001:00084930       _trap_QL_ToggleClientMute  10085930 f   cg_syscalls.obj
 0001:00084960       _trap_AdvertisementBridge_InitCGame 10085960 f   cg_syscalls.obj
 0001:00084970       _trap_AdvertisementBridge_ShutdownCGame 10085970 f   cg_syscalls.obj
 0001:00084980       _trap_AdvertisementBridge_UpdateLoadingViewParameters 10085980 f   cg_syscalls.obj
 0001:00084990       _trap_AdvertisementBridge_SetFrameTime 10085990 f   cg_syscalls.obj
 0001:000849b0       _trap_QL_AdvertisementBridge_UpdateViewParameters 100859b0 f   cg_syscalls.obj
 0001:000849d0       _trap_QL_AdvertisementBridge_ClearDelay 100859d0 f   cg_syscalls.obj
 0001:000849f0       _trap_QL_TaggedCvarStringBuffer 100859f0 f   cg_syscalls.obj
 0001:00084a20       _trap_QL_R_MirrorPoint     10085a20 f   cg_syscalls.obj
 0001:00084a60       _trap_QL_R_MirrorVector    10085a60 f   cg_syscalls.obj
 0001:00084aa0       _trap_QL_DrawScaledText    10085aa0 f   cg_syscalls.obj
 0001:00084b10       _trap_QL_MeasureText       10085b10 f   cg_syscalls.obj
 0001:00084b60       _trap_QL_GetAvatarImageHandle 10085b60 f   cg_syscalls.obj
 0001:00084b90       _trap_CIN_PlayCinematic    10085b90 f   cg_syscalls.obj
 0001:00084bc0       _trap_CIN_StopCinematic    10085bc0 f   cg_syscalls.obj
 0001:00084be0       _trap_CIN_RunCinematic     10085be0 f   cg_syscalls.obj
 0001:00084c00       _trap_CIN_DrawCinematic    10085c00 f   cg_syscalls.obj
 0001:00084c20       _trap_CIN_SetExtents       10085c20 f   cg_syscalls.obj
 0001:00084c50       _trap_SnapVector           10085c50 f   cg_syscalls.obj
 0001:00084c70       _trap_GetEntityToken       10085c70 f   cg_syscalls.obj
 0001:00084cb0       _trap_R_inPVS              10085cb0 f   cg_syscalls.obj
 0001:000854b0       _dllEntry                  100864b0 f   cg_syscalls.obj
 0001:000854f0       _PASSFLOAT                 100864f0 f   cg_syscalls.obj
 0001:00085550       _CG_TestModel_f            10086550 f   cg_view.obj
 0001:00085740       _CG_TestGun_f              10086740 f   cg_view.obj
 0001:00085760       _CG_TestModelNextFrame_f   10086760 f   cg_view.obj
 0001:00085790       _CG_TestModelPrevFrame_f   10086790 f   cg_view.obj
 0001:000857d0       _CG_TestModelNextSkin_f    100867d0 f   cg_view.obj
 0001:00085800       _CG_TestModelPrevSkin_f    10086800 f   cg_view.obj
 0001:00085840       _CG_ZoomDown_f             10086840 f   cg_view.obj
 0001:000858a0       _CG_ZoomUp_f               100868a0 f   cg_view.obj
 0001:000858c0       _CG_AddBufferedSound       100868c0 f   cg_view.obj
 0001:00085970       _CG_ClearBufferedAnnouncements 10086970 f   cg_view.obj
 0001:00085980       _CG_DrawActiveFrame        10086980 f   cg_view.obj
 0001:00088e30       _CG_NextWeapon_f           10089e30 f   cg_weapons.obj
 0001:00088e40       _CG_PrevWeapon_f           10089e40 f   cg_weapons.obj
 0001:00088e50       _CG_Weapon_f               10089e50 f   cg_weapons.obj
 0001:00088f60       _CG_SetWeaponSelect        10089f60 f   cg_weapons.obj
 0001:00088fa0       _CG_RegisterWeapon         10089fa0 f   cg_weapons.obj
 0001:00089f70       _CG_RegisterItemVisuals    1008af70 f   cg_weapons.obj
 0001:0008a0a0       _CG_FireWeapon             1008b0a0 f   cg_weapons.obj
 0001:0008a310       _CG_MissileHitWall         1008b310 f   cg_weapons.obj
 0001:0008aba0       _CG_MissileHitWallDmgThrough 1008bba0 f   cg_weapons.obj
 0001:0008b030       _CG_MissileHitPlayer       1008c030 f   cg_weapons.obj
 0001:0008b0a0       _CG_ShotgunFire            1008c0a0 f   cg_weapons.obj
 0001:0008b370       _CG_ShotgunKillEffect      1008c370 f   cg_weapons.obj
 0001:0008b7c0       _CG_Bullet                 1008c7c0 f   cg_weapons.obj
 0001:0008b950       _CG_RailTrail              1008c950 f   cg_weapons.obj
 0001:0008c550       _CG_GrappleTrail           1008d550 f   cg_weapons.obj
 0001:0008c8b0       _CG_AddViewWeapon          1008d8b0 f   cg_weapons.obj
 0001:0008ce20       _CG_AddPlayerWeapon        1008de20 f   cg_weapons.obj
 0001:0008d770       _CG_DrawWeaponSelect       1008e770 f   cg_weapons.obj
 0001:0008d780       _CG_BuildPredictedRailForPlayerState 1008e780 f   cg_weapons.obj
 0001:0008de00       _CG_BuildPredictedBeamForPlayerState 1008ee00 f   cg_weapons.obj
 0001:0008e3b0       _CG_SelectHighestWeaponExcluding 1008f3b0 f   cg_weapons.obj
 0001:0008e430       _CG_OutOfAmmoChange        1008f430 f   cg_weapons.obj
 0001:00093d50       _CG_Tracer                 10094d50 f   cg_weapons.obj
 0001:00094d20       @__security_check_cookie@4 10095d20 f   MSVCRTD:secchk.obj
 0001:00094d40       ___raise_securityfailure   10095d40 f   MSVCRTD:gs_report.obj
 0001:00094d70       ___report_gsfailure        10095d70 f   MSVCRTD:gs_report.obj
 0001:00094e80       ___report_rangecheckfailure 10095e80 f   MSVCRTD:gs_report.obj
 0001:00094e90       ___report_securityfailure  10095e90 f   MSVCRTD:gs_report.obj
 0001:00094f70       ___report_securityfailureEx 10095f70 f   MSVCRTD:gs_report.obj
 0001:000950a0       __chkstk                   100960a0 f   MSVCRTD:chkstk.obj
 0001:000950a0       __alloca_probe             100960a0 f   MSVCRTD:chkstk.obj
 0001:000950d0       __ftol2_sse                100960d0 f   MSVCRTD:ftol2.obj
 0001:000950d9       __ftol2_pentium4           100960d9 f   MSVCRTD:ftol2.obj
 0001:000950ec       __ftol2_sse_excpt          100960ec f   MSVCRTD:ftol2.obj
 0001:00095110       __ftol2                    10096110 f   MSVCRTD:ftol2.obj
 0001:00095190       __allmul                   10096190 f   MSVCRTD:llmul.obj
 0001:000951d0       __aulldiv                  100961d0 f   MSVCRTD:ulldiv.obj
 0001:00095240       __aullshr                  10096240 f   MSVCRTD:ullshr.obj
 0001:00095700       __CRT_INIT@12              10096700 f   MSVCRTD:dll_dllmain.obj
 0001:00095720       __DllMainCRTStartup@12     10096720 f   MSVCRTD:dll_dllmain.obj
 0001:00095750       ___isa_available_init      10096750 f   MSVCRTD:cpu_disp.obj
 0001:00095aa0       ___security_init_cookie    10096aa0 f   MSVCRTD:gs_support.obj
 0001:00095b20       _DllMain@12                10096b20 f   MSVCRTD:dll_dllmain_stub.obj
 0001:00095b50       ?__scrt_initialize_type_info@@YAXXZ 10096b50 f   MSVCRTD:tncleanup.obj
 0001:00095b60       ?__scrt_uninitialize_type_info@@YAXXZ 10096b60 f   MSVCRTD:tncleanup.obj
 0001:00095b80       ___local_stdio_scanf_options 10096b80 f i MSVCRTD:default_local_stdio_options.obj
 0001:00095b90       ___scrt_initialize_default_local_stdio_options 10096b90 f   MSVCRTD:default_local_stdio_options.obj
 0001:00095bd0       ??$__crt_fast_decode_pointer@PAP6AXXZ@@YAPAP6AXXZQAP6AXXZ@Z 10096bd0 f i MSVCRTD:utility.obj
 0001:00095c00       ??$__crt_fast_encode_pointer@PAP6AXXZ@@YAPAP6AXXZQAP6AXXZ@Z 10096c00 f i MSVCRTD:utility.obj
 0001:00095c30       ?__crt_rotate_pointer_value@@YAIIH@Z 10096c30 f i MSVCRTD:utility.obj
 0001:00095c40       ?configure_argv@__scrt_narrow_argv_policy@@SAHXZ 10096c40 f i MSVCRTD:utility.obj
 0001:00095cf0       ?initialize_environment@__scrt_narrow_environment_policy@@SAHXZ 10096cf0 f i MSVCRTD:utility.obj
 0001:00095d70       _NtCurrentTeb              10096d70 f i MSVCRTD:utility.obj
 0001:00095d80       ___scrt_acquire_startup_lock 10096d80 f   MSVCRTD:utility.obj
 0001:00095dd0       ___scrt_dllmain_after_initialize_c 10096dd0 f   MSVCRTD:utility.obj
 0001:00095e00       ___scrt_dllmain_before_initialize_c 10096e00 f   MSVCRTD:utility.obj
 0001:00095e20       ___scrt_dllmain_crt_thread_attach 10096e20 f   MSVCRTD:utility.obj
 0001:00095e50       ___scrt_dllmain_crt_thread_detach 10096e50 f   MSVCRTD:utility.obj
 0001:00095e70       ___scrt_dllmain_exception_filter 10096e70 f   MSVCRTD:utility.obj
 0001:00095ec0       ___scrt_dllmain_uninitialize_c 10096ec0 f   MSVCRTD:utility.obj
 0001:00095ef0       ___scrt_dllmain_uninitialize_critical 10096ef0 f   MSVCRTD:utility.obj
 0001:00095f10       ___scrt_initialize_crt     10096f10 f   MSVCRTD:utility.obj
 0001:00095f80       ___scrt_initialize_onexit_tables 10096f80 f   MSVCRTD:utility.obj
 0001:00096060       ___scrt_is_nonwritable_in_current_image 10097060 f   MSVCRTD:utility.obj
 0001:00096190       ___scrt_release_startup_lock 10097190 f   MSVCRTD:utility.obj
 0001:000961c0       ___scrt_uninitialize_crt   100971c0 f   MSVCRTD:utility.obj
 0001:00096200       __onexit                   10097200 f   MSVCRTD:utility.obj
 0001:00096270       _at_quick_exit             10097270 f   MSVCRTD:utility.obj
 0001:000962c0       _atexit                    100972c0 f   MSVCRTD:utility.obj
 0001:000962f0       ___scrt_get_dyn_tls_init_callback 100972f0 f   MSVCRTD:dyn_tls_init.obj
 0001:00096300       ___scrt_fastfail           10097300 f   MSVCRTD:utility_desktop.obj
 0001:00096440       ___scrt_get_show_window_mode 10097440 f   MSVCRTD:utility_desktop.obj
 0001:00096480       ___scrt_initialize_mta     10097480 f   MSVCRTD:utility_desktop.obj
 0001:00096490       ___scrt_initialize_winrt   10097490 f   MSVCRTD:utility_desktop.obj
 0001:000964a0       ___scrt_is_managed_app     100974a0 f   MSVCRTD:utility_desktop.obj
 0001:00096530       ___scrt_set_unhandled_exception_filter 10097530 f   MSVCRTD:utility_desktop.obj
 0001:00096540       ___scrt_exe_initialize_mta 10097540 f   MSVCRTD:utility_desktop.obj
 0001:00096540       ___scrt_stub_for_initialize_mta 10097540 f   MSVCRTD:utility_desktop.obj
 0001:00096550       ___scrt_unhandled_exception_filter@4 10097550 f   MSVCRTD:utility_desktop.obj
 0001:000965b0       __crt_debugger_hook        100975b0 f   MSVCRTD:utility_desktop.obj
 0001:000965c0       __RTC_Initialize           100975c0 f   MSVCRTD:initsect.obj
 0001:000965f0       __RTC_Terminate            100975f0 f   MSVCRTD:initsect.obj
 0001:00096620       __except_handler4          10097620 f   MSVCRTD:chandler4gs.obj
 0001:00096650       @_guard_check_icall_nop@4  10097650 f i MSVCRTD:guard_support.obj
 0001:00096660       _ReadNoFence               10097660 f i MSVCRTD:guard_support.obj
 0001:00096680       _ReadPointerNoFence        10097680 f i MSVCRTD:guard_support.obj
 0001:000966a0       __guard_icall_checks_enforced 100976a0 f i MSVCRTD:guard_support.obj
 0001:000966d0       __get_startup_argv_mode    100976d0 f   MSVCRTD:argv_mode.obj
 0001:000966e0       ___scrt_is_ucrt_dll_in_use 100976e0 f   MSVCRTD:ucrt_detection.obj
 0001:00096704       _memset                    10097704 f   vcruntimed:VCRUNTIME140D.dll
 0001:0009670a       _memcpy                    1009770a f   vcruntimed:VCRUNTIME140D.dll
 0001:00096710       _strchr                    10097710 f   vcruntimed:VCRUNTIME140D.dll
 0001:00096716       _memmove                   10097716 f   vcruntimed:VCRUNTIME140D.dll
 0001:0009671c       _strstr                    1009771c f   vcruntimed:VCRUNTIME140D.dll
 0001:00096722       _strrchr                   10097722 f   vcruntimed:VCRUNTIME140D.dll
 0001:00096728       ___std_type_info_destroy_list 10097728 f   vcruntimed:VCRUNTIME140D.dll
 0001:0009672e       __except_handler4_common   1009772e f   vcruntimed:VCRUNTIME140D.dll
 0001:00096734       _cos                       10097734 f   ucrtd:ucrtbased.dll
 0001:0009673a       _sin                       1009773a f   ucrtd:ucrtbased.dll
 0001:00096740       _atof                      10097740 f   ucrtd:ucrtbased.dll
 0001:00096746       _abs                       10097746 f   ucrtd:ucrtbased.dll
 0001:0009674c       _fabs                      1009774c f   ucrtd:ucrtbased.dll
 0001:00096752       _sqrt                      10097752 f   ucrtd:ucrtbased.dll
 0001:00096758       __wassert                  10097758 f   ucrtd:ucrtbased.dll
 0001:0009675e       _atan2                     1009775e f   ucrtd:ucrtbased.dll
 0001:00096764       _rand                      10097764 f   ucrtd:ucrtbased.dll
 0001:0009676a       ___stdio_common_vsprintf   1009776a f   ucrtd:ucrtbased.dll
 0001:00096770       _strcat                    10097770 f   ucrtd:ucrtbased.dll
 0001:00096776       _strcmp                    10097776 f   ucrtd:ucrtbased.dll
 0001:0009677c       _strcpy                    1009777c f   ucrtd:ucrtbased.dll
 0001:00096782       _strlen                    10097782 f   ucrtd:ucrtbased.dll
 0001:00096788       _strncpy                   10097788 f   ucrtd:ucrtbased.dll
 0001:0009678e       _toupper                   1009778e f   ucrtd:ucrtbased.dll
 0001:00096794       _tolower                   10097794 f   ucrtd:ucrtbased.dll
 0001:0009679a       _ceil                      1009779a f   ucrtd:ucrtbased.dll
 0001:000967a0       _atoi                      100977a0 f   ucrtd:ucrtbased.dll
 0001:000967a6       _tan                       100977a6 f   ucrtd:ucrtbased.dll
 0001:000967ac       _qsort                     100977ac f   ucrtd:ucrtbased.dll
 0001:000967b2       _acos                      100977b2 f   ucrtd:ucrtbased.dll
 0001:000967b8       _strtoul                   100977b8 f   ucrtd:ucrtbased.dll
 0001:000967be       _floor                     100977be f   ucrtd:ucrtbased.dll
 0001:000967c4       _strtod                    100977c4 f   ucrtd:ucrtbased.dll
 0001:000967ca       _strtol                    100977ca f   ucrtd:ucrtbased.dll
 0001:000967d0       _strtoull                  100977d0 f   ucrtd:ucrtbased.dll
 0001:000967d6       __initterm                 100977d6 f   ucrtd:ucrtbased.dll
 0001:000967dc       __initterm_e               100977dc f   ucrtd:ucrtbased.dll
 0001:000967e2       __seh_filter_dll           100977e2 f   ucrtd:ucrtbased.dll
 0001:000967e8       __configure_narrow_argv    100977e8 f   ucrtd:ucrtbased.dll
 0001:000967ee       __initialize_narrow_environment 100977ee f   ucrtd:ucrtbased.dll
 0001:000967f4       __initialize_onexit_table  100977f4 f   ucrtd:ucrtbased.dll
 0001:000967fa       __register_onexit_function 100977fa f   ucrtd:ucrtbased.dll
 0001:00096800       __execute_onexit_table     10097800 f   ucrtd:ucrtbased.dll
 0001:00096806       __crt_atexit               10097806 f   ucrtd:ucrtbased.dll
 0001:0009680c       __crt_at_quick_exit        1009780c f   ucrtd:ucrtbased.dll
 0001:00096812       __cexit                    10097812 f   ucrtd:ucrtbased.dll
 0001:00096818       _terminate                 10097818 f   ucrtd:ucrtbased.dll
 0001:0009681e       _UnhandledExceptionFilter@4 1009781e f   kernel32:KERNEL32.dll
 0001:00096824       _SetUnhandledExceptionFilter@4 10097824 f   kernel32:KERNEL32.dll
 0001:0009682a       _GetCurrentProcess@0       1009782a f   kernel32:KERNEL32.dll
 0001:00096830       _TerminateProcess@8        10097830 f   kernel32:KERNEL32.dll
 0001:00096836       _IsProcessorFeaturePresent@4 10097836 f   kernel32:KERNEL32.dll
 0001:0009683c       _QueryPerformanceCounter@4 1009783c f   kernel32:KERNEL32.dll
 0001:00096842       _GetCurrentProcessId@0     10097842 f   kernel32:KERNEL32.dll
 0001:00096848       _GetCurrentThreadId@0      10097848 f   kernel32:KERNEL32.dll
 0001:0009684e       _GetSystemTimeAsFileTime@4 1009784e f   kernel32:KERNEL32.dll
 0001:00096854       _DisableThreadLibraryCalls@4 10097854 f   kernel32:KERNEL32.dll
 0001:0009685a       _InitializeSListHead@4     1009785a f   kernel32:KERNEL32.dll
 0001:00096860       _IsDebuggerPresent@0       10097860 f   kernel32:KERNEL32.dll
 0001:00096866       _GetStartupInfoW@4         10097866 f   kernel32:KERNEL32.dll
 0001:0009686c       _GetModuleHandleW@4        1009786c f   kernel32:KERNEL32.dll
 0001:00096880       ___vcrt_initialize         10097880 f   MSVCRTD:ucrt_stubs.obj
 0001:00096880       ___acrt_initialize         10097880 f   MSVCRTD:ucrt_stubs.obj
 0001:00096880       ___scrt_stub_for_acrt_initialize 10097880 f   MSVCRTD:ucrt_stubs.obj
 0001:00096890       ___acrt_thread_attach      10097890 f   MSVCRTD:ucrt_stubs.obj
 0001:00096890       ___vcrt_thread_attach      10097890 f   MSVCRTD:ucrt_stubs.obj
 0001:00096890       ___scrt_stub_for_acrt_thread_attach 10097890 f   MSVCRTD:ucrt_stubs.obj
 0001:000968a0       ___acrt_thread_detach      100978a0 f   MSVCRTD:ucrt_stubs.obj
 0001:000968a0       ___vcrt_thread_detach      100978a0 f   MSVCRTD:ucrt_stubs.obj
 0001:000968a0       ___scrt_stub_for_acrt_thread_detach 100978a0 f   MSVCRTD:ucrt_stubs.obj
 0001:000968b0       ___vcrt_uninitialize       100978b0 f   MSVCRTD:ucrt_stubs.obj
 0001:000968b0       ___scrt_stub_for_acrt_uninitialize 100978b0 f   MSVCRTD:ucrt_stubs.obj
 0001:000968b0       ___acrt_uninitialize       100978b0 f   MSVCRTD:ucrt_stubs.obj
 0001:000968c0       ___acrt_uninitialize_critical 100978c0 f   MSVCRTD:ucrt_stubs.obj
 0001:000968c0       ___vcrt_uninitialize_critical 100978c0 f   MSVCRTD:ucrt_stubs.obj
 0001:000968c0       ___scrt_stub_for_acrt_uninitialize_critical 100978c0 f   MSVCRTD:ucrt_stubs.obj
 0001:000968d0       __is_c_termination_complete 100978d0 f   MSVCRTD:ucrt_stubs.obj
 0001:000968d0       ___scrt_stub_for_is_c_termination_complete 100978d0 f   MSVCRTD:ucrt_stubs.obj
 0002:00000000       __imp__InitializeSListHead@4 10098000     kernel32:KERNEL32.dll
 0002:00000004       __imp__SetUnhandledExceptionFilter@4 10098004     kernel32:KERNEL32.dll
 0002:00000008       __imp__GetCurrentProcess@0 10098008     kernel32:KERNEL32.dll
 0002:0000000c       __imp__TerminateProcess@8  1009800c     kernel32:KERNEL32.dll
 0002:00000010       __imp__IsProcessorFeaturePresent@4 10098010     kernel32:KERNEL32.dll
 0002:00000014       __imp__QueryPerformanceCounter@4 10098014     kernel32:KERNEL32.dll
 0002:00000018       __imp__GetCurrentProcessId@0 10098018     kernel32:KERNEL32.dll
 0002:0000001c       __imp__GetCurrentThreadId@0 1009801c     kernel32:KERNEL32.dll
 0002:00000020       __imp__GetModuleHandleW@4  10098020     kernel32:KERNEL32.dll
 0002:00000024       __imp__GetStartupInfoW@4   10098024     kernel32:KERNEL32.dll
 0002:00000028       __imp__IsDebuggerPresent@0 10098028     kernel32:KERNEL32.dll
 0002:0000002c       __imp__UnhandledExceptionFilter@4 1009802c     kernel32:KERNEL32.dll
 0002:00000030       __imp__DisableThreadLibraryCalls@4 10098030     kernel32:KERNEL32.dll
 0002:00000034       __imp__GetSystemTimeAsFileTime@4 10098034     kernel32:KERNEL32.dll
 0002:00000038       \177KERNEL32_NULL_THUNK_DATA 10098038     kernel32:KERNEL32.dll
 0002:0000003c       __imp__strrchr             1009803c     vcruntimed:VCRUNTIME140D.dll
 0002:00000040       __imp__strstr              10098040     vcruntimed:VCRUNTIME140D.dll
[...]
 0003:0002c258       _g_editingField            100c7258     ui_shared.obj
 0003:0002c25c       _g_bindItem                100c725c     ui_shared.obj
 0003:0002c260       _g_editItem                100c7260     ui_shared.obj
 0003:0002c264       _debugMode                 100c7264     ui_shared.obj
 0003:0002c268       _lastListBoxClickTime      100c7268     ui_shared.obj
 0003:0002c26c       _allocPoint                100c726c     ui_shared.obj
 0003:0002c270       _memoryPool                100c7270     ui_shared.obj
 0003:0004c270       _outOfMemory               100e7270     ui_shared.obj
 0003:0004c274       _strPoolIndex              100e7274     ui_shared.obj
 0003:0004c278       _strPool                   100e7278     ui_shared.obj
 0003:0006c278       _strHandleCount            10107278     ui_shared.obj
 0003:0006c27c       $SG17926                   1010727c     ui_shared.obj
 0003:0006c27d       $SG18590                   1010727d     ui_shared.obj
 0003:0006c27e       $SG18605                   1010727e     ui_shared.obj
 0003:0006c27f       $SG18846                   1010727f     ui_shared.obj
 0003:0006c280       _strHandle                 10107280     ui_shared.obj
 0003:0006e280       ?string@?1??PC_SourceWarning@@9@9 10109280     ui_shared.obj
 0003:0006f280       ?string@?1??PC_SourceError@@9@9 1010a280     ui_shared.obj
 0003:00070280       ?rect@?1??Item_CorrectedTextRect@@9@9 1010b280     ui_shared.obj
 0003:00070290       ?inHandleKey@?9??Menu_HandleKey@@9@9 1010b290     ui_shared.obj
 0003:00070294       $SG18848                   1010b294     ui_shared.obj
 0003:00070295       $SG18853                   1010b295     ui_shared.obj
 0003:00070296       $SG18854                   1010b296     ui_shared.obj
 0003:00070297       $SG19759                   1010b297     ui_shared.obj
 0003:00070298       _cg_pstatsRequestActive    1010b298     cg_consolecmds.obj
 0003:000702a8       _cgSpectatorMenu           1010b2a8     cg_draw.obj
 0003:000702ac       _cgSpectatorFollowMenu     1010b2ac     cg_draw.obj
 0003:000702b0       _cgSpectatorRedTopMenu     1010b2b0     cg_draw.obj
 0003:000702b4       _cgSpectatorRedBottomMenu  1010b2b4     cg_draw.obj
 0003:000702b8       _cgSpectatorBlueTopMenu    1010b2b8     cg_draw.obj
 0003:000702bc       _cgSpectatorBlueBottomMenu 1010b2bc     cg_draw.obj
 0003:000702c0       _cg_speedometerHistory     1010b2c0     cg_draw.obj
 0003:000704c0       _cg_speedometerHistoryCount 1010b4c0     cg_draw.obj
 0003:000704c4       _cg_speedometerHistoryTime 1010b4c4     cg_draw.obj
 0003:000704c8       _cg_inputCmdUpShader       1010b4c8     cg_draw.obj
 0003:000704cc       _cg_inputCmdDownShader     1010b4cc     cg_draw.obj
 0003:000704d0       _cg_inputCmdRightShader    1010b4d0     cg_draw.obj
 0003:000704d4       _cg_inputCmdLeftShader     1010b4d4     cg_draw.obj
 0003:000704d8       _cg_spectatorItemPickupBaseY 1010b4d8     cg_draw.obj
 0003:000704dc       _cg_drawActiveMilliseconds 1010b4dc     cg_draw.obj
 0003:000704e0       _cg_queuedWorldMarkers     1010b4e0     cg_draw.obj
 0003:000711e0       $SG21349                   1010c1e0     cg_draw.obj
 0003:000711e1       $SG21352                   1010c1e1     cg_draw.obj
 0003:000711e2       $SG22934                   1010c1e2     cg_draw.obj
 0003:000711e3       $SG23105                   1010c1e3     cg_draw.obj
 0003:000711e4       ?previousTimes@?1??CG_DrawFPS@@9@9 1010c1e4     cg_draw.obj
 0003:000711f4       ?index@?1??CG_DrawFPS@@9@9 1010c1f4     cg_draw.obj
 0003:000711f8       ?previous@?1??CG_DrawFPS@@9@9 1010c1f8     cg_draw.obj
 0003:000711fc       ?vignetteShader@?1??CG_DrawScreenVignette@@9@9 1010c1fc     cg_draw.obj
 0003:00071200       ?proxTime@?1??CG_DrawProxWarning@@9@9 1010c200     cg_draw.obj
 0003:00071204       ?proxCounter@?1??CG_DrawProxWarning@@9@9 1010c204     cg_draw.obj
 0003:00071208       ?proxTick@?1??CG_DrawProxWarning@@9@9 1010c208     cg_draw.obj
 0003:0007120c       $SG23109                   1010c20c     cg_draw.obj
 0003:00071210       ?playbackStateDelayFrames@?1??CG_DrawDemoPlaybackControls@@9@9 1010c210     cg_draw.obj
 0003:00071214       ?color@?1??CG_FadeColor@@9@9 1010c214     cg_drawtools.obj
 0003:00071224       ?lastPos@?1??CG_ScorePlum@@9@9 1010c224     cg_effects.obj
 0003:00071230       ?str@?1??CG_PlaceString@@9@9 1010c230     cg_event.obj
 0003:00071270       $SG21047                   1010c270     cg_event.obj
 0003:00071271       $SG21395                   1010c271     cg_event.obj
 0003:00071272       $SG21396                   1010c272     cg_event.obj
 0003:00071273       $SG21433                   1010c273     cg_event.obj
 0003:00071274       $SG21497                   1010c274     cg_event.obj
 0003:00071275       $SG21563                   1010c275     cg_event.obj
 0003:00071276       $SG22067                   1010c276     cg_event.obj
 0003:00071277       $SG22070                   1010c277     cg_event.obj
 0003:00071278       $SG22076                   1010c278     cg_event.obj
 0003:00071279       $SG22079                   1010c279     cg_event.obj
 0003:0007127a       $SG22136                   1010c27a     cg_event.obj
 0003:0007127b       $SG22140                   1010c27b     cg_event.obj
 0003:0007127c       $SG22143                   1010c27c     cg_event.obj
 0003:00071280       _loadingPlayerIconCount    1010c280     cg_info.obj
 0003:00071284       _loadingItemIconCount      1010c284     cg_info.obj
 0003:00071288       _loadingProgressStage      1010c288     cg_info.obj
 0003:0007128c       $SG21086                   1010c28c     cg_info.obj
 0003:00071290       _loadingPlayerIcons        1010c290     cg_info.obj
 0003:000712d0       _loadingItemIcons          1010c2d0     cg_info.obj
 0003:00071338       $SG21291                   1010c338     cg_main.obj
 0003:00071339       $SG21425                   1010c339     cg_main.obj
 0003:0007133a       $SG21427                   1010c33a     cg_main.obj
 0003:0007133b       $SG21429                   1010c33b     cg_main.obj
 0003:0007133c       $SG21431                   1010c33c     cg_main.obj
 0003:0007133d       $SG21445                   1010c33d     cg_main.obj
 0003:0007133e       $SG21447                   1010c33e     cg_main.obj
 0003:0007133f       $SG21449                   1010c33f     cg_main.obj
 0003:00071340       $SG21453                   1010c340     cg_main.obj
 0003:00071341       $SG21455                   1010c341     cg_main.obj
 0003:00071342       $SG21457                   1010c342     cg_main.obj
 0003:00071343       $SG21463                   1010c343     cg_main.obj
 0003:00071344       $SG21465                   1010c344     cg_main.obj
 0003:00071345       $SG21467                   1010c345     cg_main.obj
 0003:00071346       $SG21469                   1010c346     cg_main.obj
 0003:00071347       $SG21471                   1010c347     cg_main.obj
 0003:00071348       $SG21473                   1010c348     cg_main.obj
 0003:00071349       $SG21529                   1010c349     cg_main.obj
 0003:0007134a       $SG21557                   1010c34a     cg_main.obj
 0003:0007134b       $SG21631                   1010c34b     cg_main.obj
 0003:0007134c       $SG21633                   1010c34c     cg_main.obj
 0003:0007134d       $SG21635                   1010c34d     cg_main.obj
 0003:0007134e       $SG21637                   1010c34e     cg_main.obj
 0003:0007134f       $SG21703                   1010c34f     cg_main.obj
 0003:00071350       $SG21705                   1010c350     cg_main.obj
 0003:00071351       $SG21707                   1010c351     cg_main.obj
 0003:00071352       $SG21709                   1010c352     cg_main.obj
 0003:00071353       $SG21711                   1010c353     cg_main.obj
 0003:00071354       $SG21713                   1010c354     cg_main.obj
 0003:00071355       $SG21715                   1010c355     cg_main.obj
 0003:00071356       $SG21717                   1010c356     cg_main.obj
 0003:00071357       $SG21719                   1010c357     cg_main.obj
 0003:00071358       $SG21721                   1010c358     cg_main.obj
 0003:00071359       $SG21723                   1010c359     cg_main.obj
 0003:0007135a       $SG21725                   1010c35a     cg_main.obj
 0003:0007135b       $SG21727                   1010c35b     cg_main.obj
 0003:0007135c       $SG21729                   1010c35c     cg_main.obj
 0003:0007135d       $SG21731                   1010c35d     cg_main.obj
 0003:0007135e       $SG21733                   1010c35e     cg_main.obj
 0003:0007135f       $SG21735                   1010c35f     cg_main.obj
 0003:00071360       $SG22523                   1010c360     cg_main.obj
 0003:00071361       $SG22037                   1010c361     cg_main.obj
 0003:00071362       $SG22265                   1010c362     cg_main.obj
 0003:00071363       $SG22290                   1010c363     cg_main.obj
 0003:00071364       _cgScoreboardSelectionMenus 1010c364     cg_main.obj
 0003:0007136c       $SG23784                   1010c36c     cg_main.obj
 0003:0007136d       $SG23799                   1010c36d     cg_main.obj
 0003:0007136e       $SG23809                   1010c36e     cg_main.obj
 0003:0007136f       $SG23829                   1010c36f     cg_main.obj
 0003:00071370       _cgClientSpeakingState     1010c370     cg_main.obj
 0003:00071570       ?buffer@?1??CG_Argv@@9@9   1010c570     cg_main.obj
 0003:00071970       ?buf@?1??CG_GetMenuBuffer@@9@9 1010c970     cg_main.obj
 0003:00079970       ?buf@?1??CG_LoadMenus@@9@9 10114970     cg_main.obj
 0003:0007a970       $SG23840                   10115970     cg_main.obj
 0003:0007a971       $SG23862                   10115971     cg_main.obj
 0003:0007a972       $SG23874                   10115972     cg_main.obj
 0003:0007a973       $SG23877                   10115973     cg_main.obj
 0003:0007a974       $SG23883                   10115974     cg_main.obj
 0003:0007a975       $SG23886                   10115975     cg_main.obj
 0003:0007a976       $SG23890                   10115976     cg_main.obj
 0003:0007a977       $SG23892                   10115977     cg_main.obj
 0003:0007a978       $SG23907                   10115978     cg_main.obj
 0003:0007a979       $SG23910                   10115979     cg_main.obj
 0003:0007a97a       $SG23920                   1011597a     cg_main.obj
 0003:0007a97b       $SG23935                   1011597b     cg_main.obj
 0003:0007a97c       $SG23938                   1011597c     cg_main.obj
 0003:0007a97d       $SG23952                   1011597d     cg_main.obj
 0003:0007a97e       $SG23967                   1011597e     cg_main.obj
 0003:0007a97f       $SG23970                   1011597f     cg_main.obj
 0003:0007a980       $SG23980                   10115980     cg_main.obj
 0003:0007a981       $SG23985                   10115981     cg_main.obj
 0003:0007a982       $SG24003                   10115982     cg_main.obj
 0003:0007a983       $SG24006                   10115983     cg_main.obj
 0003:0007a984       $SG24024                   10115984     cg_main.obj
 0003:0007a985       $SG24026                   10115985     cg_main.obj
 0003:0007a986       $SG24045                   10115986     cg_main.obj
 0003:0007a987       $SG24048                   10115987     cg_main.obj
 0003:0007a988       $SG24050                   10115988     cg_main.obj
 0003:0007a989       $SG24086                   10115989     cg_main.obj
 0003:0007a98a       $SG24103                   1011598a     cg_main.obj
 0003:0007a98b       $SG24106                   1011598b     cg_main.obj
 0003:0007a98c       $SG24108                   1011598c     cg_main.obj
 0003:0007a98d       $SG24142                   1011598d     cg_main.obj
 0003:0007a98e       $SG24160                   1011598e     cg_main.obj
 0003:0007a98f       $SG24163                   1011598f     cg_main.obj
 0003:0007a990       $SG24165                   10115990     cg_main.obj
 0003:0007a991       $SG24203                   10115991     cg_main.obj
 0003:0007a992       $SG24224                   10115992     cg_main.obj
 0003:0007a993       $SG24700                   10115993     cg_main.obj
 0003:0007a998       _cgGameTypeIconShaders     10115998     cg_newdraw.obj
 0003:0007a9cc       $SG21047                   101159cc     cg_newdraw.obj
 0003:0007a9cd       $SG21811                   101159cd     cg_newdraw.obj
 0003:0007a9ce       $SG22894                   101159ce     cg_newdraw.obj
 0003:0007a9cf       $SG22897                   101159cf     cg_newdraw.obj
 0003:0007a9d0       ?buffer@?1??CG_GetRaceStatusText@@9@9 101159d0     cg_newdraw.obj
 0003:0007aa10       ?buffer@?1??CG_GetRaceTimesPrimaryText@@9@9 10115a10     cg_newdraw.obj
 0003:0007aa50       ?buffer@?1??CG_GetRaceTimesSecondaryText@@9@9 10115a50     cg_newdraw.obj
 0003:0007aa90       ?fallback@?1??CG_GetProfileFallbackShader@@9@9 10115a90     cg_newdraw.obj
 0003:0007aa94       ?buffer@?1??CG_GetMatchStateLabel@@9@9 10115a94     cg_newdraw.obj
 0003:0007aab4       $SG22900                   10115ab4     cg_newdraw.obj
 0003:0007aab5       $SG22914                   10115ab5     cg_newdraw.obj
 0003:0007aab6       $SG22943                   10115ab6     cg_newdraw.obj
 0003:0007aab7       $SG22945                   10115ab7     cg_newdraw.obj
 0003:0007aab8       ?buffer@?1??CG_GetMatchStatusText@@9@9 10115ab8     cg_newdraw.obj
 0003:0007abb8       ?buffer@?1??CG_GetEndGameScoreText@@9@9 10115bb8     cg_newdraw.obj
 0003:0007ac38       ?buffer@?1??CG_GetMatchWinnerText@@9@9 10115c38     cg_newdraw.obj
 0003:0007acb8       _cg_voteShotCache          10115cb8     cg_newdraw.obj
 0003:0007ad84       $SG23294                   10115d84     cg_newdraw.obj
 0003:0007ad85       $SG24868                   10115d85     cg_newdraw.obj
 0003:0007ad86       $SG25455                   10115d86     cg_newdraw.obj
 0003:0007ad87       $SG25630                   10115d87     cg_newdraw.obj
 0003:0007ad88       _cgTeamPickupSummaryIconHandles 10115d88     cg_newdraw.obj
 0003:0007adb4       _cgTeamPickupSummaryBlueFlagHandle 10115db4     cg_newdraw.obj
 0003:0007adb8       _cgTeamPickupSummaryNeutralFlagHandle 10115db8     cg_newdraw.obj
 0003:0007adbc       _cgTeamPickupSummaryRedFlagHandle 10115dbc     cg_newdraw.obj
 0003:0007adc0       $SG25632                   10115dc0     cg_newdraw.obj
 0003:0007adc1       $SG25635                   10115dc1     cg_newdraw.obj
 0003:0007adc4       ?rect@?1??CG_BrowserCorrectedTextRect@@9@9 10115dc4     cg_newdraw.obj
 0003:0007add4       _markTotal                 10115dd4     cg_marks.obj
 0003:0007add8       _shaderAnims               10115dd8     cg_particles.obj
 0003:0007cdd8       _numShaderAnims            10117dd8     cg_particles.obj
 0003:0007cddc       _active_particles          10117ddc     cg_particles.obj
 0003:0007cde0       _free_particles            10117de0     cg_particles.obj
 0003:0007cde4       _initparticles             10117de4     cg_particles.obj
 0003:0007cde8       _particles                 10117de8     cg_particles.obj
 0003:0009bde8       _vforward                  10136de8     cg_particles.obj
 0003:0009bdf4       _vright                    10136df4     cg_particles.obj
 0003:0009be00       _vup                       10136e00     cg_particles.obj
 0003:0009be0c       _rforward                  10136e0c     cg_particles.obj
 0003:0009be18       _rright                    10136e18     cg_particles.obj
 0003:0009be24       _rup                       10136e24     cg_particles.obj
 0003:0009be30       _oldtime                   10136e30     cg_particles.obj
 0003:0009be34       _roll                      10136e34     cg_particles.obj
 0003:0009be38       $SG21097                   10136e38     cg_players.obj
 0003:0009be39       $SG21153                   10136e39     cg_players.obj
 0003:0009be40       _cg_pmove                  10136e40     cg_predict.obj
 0003:0009bf34       _cg_numSolidEntities       10136f34     cg_predict.obj
 0003:0009bf38       _cg_solidEntities          10136f38     cg_predict.obj
 0003:0009c338       _cg_numTriggerEntities     10137338     cg_predict.obj
 0003:0009c33c       _cg_clientInfoContextValid 1013733c     cg_predict.obj
 0003:0009c340       _cg_triggerEntities        10137340     cg_predict.obj
 0003:0009c740       _cg_clientInfoContextFollow 10137740     cg_predict.obj
 0003:0009c744       _cg_clientInfoContextClientNum 10137744     cg_predict.obj
 0003:0009c748       _cg_clientInfoContextTeam  10137748     cg_predict.obj
 0003:0009c74c       _cg_screenDamageBlendShader 1013774c     cg_screen.obj
 0003:0009c750       _cg_joinGameMenuCaptureActive 10137750     cg_screen.obj
 0003:0009c758       _localClient               10137758     cg_scoreboard.obj
 0003:0009c75c       $SG21088                   1013775c     cg_scoreboard.obj
 0003:0009c75d       $SG21090                   1013775d     cg_scoreboard.obj
 0003:0009c75e       $SG21251                   1013775e     cg_scoreboard.obj
 0003:0009c75f       $SG21254                   1013775f     cg_scoreboard.obj
 0003:0009c760       _cgHudScoreboard           10137760     cg_scoreboard.obj
 0003:0009cfb4       $SG21155                   10137fb4     cg_servercmds.obj
 0003:0009cfb5       $SG21725                   10137fb5     cg_servercmds.obj
 0003:0009cfb6       $SG21747                   10137fb6     cg_servercmds.obj
 0003:0009cfb7       $SG22179                   10137fb7     cg_servercmds.obj
 0003:0009cfb8       _cg_matchTimeoutStartTime  10137fb8     cg_servercmds.obj
 0003:0009cfbc       $SG22227                   10137fbc     cg_servercmds.obj
 0003:0009cfbd       $SG22272                   10137fbd     cg_servercmds.obj
 0003:0009cfbe       $SG22495                   10137fbe     cg_servercmds.obj
 0003:0009cfbf       $SG22522                   10137fbf     cg_servercmds.obj
 0003:0009cfc0       $SG22577                   10137fc0     cg_servercmds.obj
 0003:0009cfc1       $SG22579                   10137fc1     cg_servercmds.obj
 0003:0009cfc2       $SG22581                   10137fc2     cg_servercmds.obj
 0003:0009cfc3       $SG22761                   10137fc3     cg_servercmds.obj
 0003:0009cfc4       _cg_refreshClientInfoContextQueued 10137fc4     cg_snapshot.obj
 0003:0009cfc8       _cg_imports                10137fc8     cg_syscalls.obj
 0003:0009cfd0       _cg_viewFilterModificationCount 10137fd0     cg_view.obj
 0003:0009cfd4       _cg_bufferedSoundHead      10137fd4     cg_view.obj
 0003:0009cfd8       _cg_bufferedSoundTail      10137fd8     cg_view.obj
 0003:0009cfe0       _cg_bufferedSounds         10137fe0     cg_view.obj
 0003:0009d060       _cg_bufferedSoundTimes     10138060     cg_view.obj
 0003:0009d0e0       _cg_bufferedSoundDelays    101380e0     cg_view.obj
 0003:0009d160       _cg_lightningImpactFrameTime 10138160     cg_weapons.obj
 0003:0009d164       _cg_lightningImpactCount   10138164     cg_weapons.obj
 0003:0009d168       _cg_weaponTogglePrevious   10138168     cg_weapons.obj
 0003:0009d16c       _cg_weaponToggleFallback   1013816c     cg_weapons.obj
 0003:0009d170       _GS_ExceptionRecord        10138170     MSVCRTD:gs_report.obj
 0003:0009d1c0       _GS_ContextRecord          101381c0     MSVCRTD:gs_report.obj
 0003:0009d48c       ?__proc_attached@@3HA      1013848c     MSVCRTD:dll_dllmain.obj
 0003:0009d4b8       ?is_initialized_as_dll@@3_NA 101384b8     MSVCRTD:utility.obj
 0003:0009d4b9       ?module_local_atexit_table_initialized@@3_NA 101384b9     MSVCRTD:utility.obj
 0003:0009d4bc       ?module_local_atexit_table@@3U_onexit_table_t@@A 101384bc     MSVCRTD:utility.obj
 0003:0009d4c8       ?module_local_at_quick_exit_table@@3U_onexit_table_t@@A 101384c8     MSVCRTD:utility.obj
 0004:00000060       $R000000                   10516060     * linker generated manifest res *
