 qagamex86

 Timestamp is 69d21986 (Sun Apr  5 09:12:54 2026)

 Preferred load address is 10000000

 Start         Length     Name                   Class
 0001:00000000 000a5fb7H .text$mn                CODE
 0002:00000000 000000fcH .idata$5                DATA
 0002:000000fc 00000004H .00cfg                  DATA
 0002:00000100 00000004H .CRT$XCA                DATA
 0002:00000104 00000004H .CRT$XCZ                DATA
 0002:00000108 00000004H .CRT$XIA                DATA
 0002:0000010c 00000004H .CRT$XIZ                DATA
 0002:00000110 00000004H .CRT$XPA                DATA
 0002:00000114 00000004H .CRT$XPZ                DATA
 0002:00000118 00000004H .CRT$XTA                DATA
 0002:0000011c 00000004H .CRT$XTZ                DATA
 0002:00000120 00000000H .gfids$y                DATA
 0002:00000120 00000fc0H .rdata                  DATA
 0002:000010e0 00000004H .rdata$sxdata           DATA
 0002:000010e4 000002a8H .rdata$zzzdbg           DATA
 0002:0000138c 00000004H .rtc$IAA                DATA
 0002:00001390 00000004H .rtc$IZZ                DATA
 0002:00001394 00000004H .rtc$TAA                DATA
 0002:00001398 00000008H .rtc$TZZ                DATA
 0002:000013a0 00000080H .xdata$x                DATA
 0002:00001420 0000005cH .edata                  DATA
 0002:0000147c 0000003cH .idata$2                DATA
 0002:000014b8 00000014H .idata$3                DATA
 0002:000014cc 000000fcH .idata$4                DATA
 0002:000015c8 000003e8H .idata$6                DATA
 0003:00000000 0001f2c0H .data                   DATA
 0003:0001f2c0 00198044H .bss                    DATA
 0004:00000000 00000060H .rsrc$01                DATA
 0004:00000060 00000180H .rsrc$02                DATA

  Address         Publics by Value              Rva+Base       Lib:Object

 0000:00000000       ___guard_longjmp_table     00000000     <absolute>
 0000:00000000       ___guard_fids_count        00000000     <absolute>
 0000:00000000       ___hybrid_code_map_count   00000000     <absolute>
 0000:00000000       ___volatile_metadata       00000000     <absolute>
 0000:00000000       ___hybrid_auxiliary_iat    00000000     <absolute>
 0000:00000000       ___enclave_config          00000000     <absolute>
 0000:00000000       ___guard_longjmp_count     00000000     <absolute>
 0000:00000000       ___guard_iat_count         00000000     <absolute>
 0000:00000000       ___guard_iat_table         00000000     <absolute>
 0000:00000000       ___guard_fids_table        00000000     <absolute>
 0000:00000000       ___hybrid_code_map         00000000     <absolute>
 0000:00000000       ___dynamic_value_reloc_table 00000000     <absolute>
 0000:00000001       ___safe_se_handler_count   00000001     <absolute>
 0000:00000100       ___guard_flags             00000100     <absolute>
 0000:00000000       ___ImageBase               10000000     <linker-defined>
 0001:00000000       _BotChat_EnterGame         10001000 f   ai_chat.obj
 0001:00000160       _BotChat_ExitGame          10001160 f   ai_chat.obj
 0001:000002b0       _BotChat_StartLevel        100012b0 f   ai_chat.obj
 0001:00000410       _BotChat_EndLevel          10001410 f   ai_chat.obj
 0001:00000660       _BotChat_HitTalking        10001660 f   ai_chat.obj
 0001:00000840       _BotChat_HitNoDeath        10001840 f   ai_chat.obj
 0001:00000a70       _BotChat_HitNoKill         10001a70 f   ai_chat.obj
 0001:00000c50       _BotChat_Death             10001c50 f   ai_chat.obj
 0001:00001160       _BotChat_Kill              10002160 f   ai_chat.obj
 0001:00001470       _BotChat_EnemySuicide      10002470 f   ai_chat.obj
 0001:000015f0       _BotChat_Random            100025f0 f   ai_chat.obj
 0001:00001900       _BotChatTime               10002900 f   ai_chat.obj
 0001:00001930       _BotValidChatPosition      10002930 f   ai_chat.obj
 0001:00001c50       _BotChatTest               10002c50 f   ai_chat.obj
 0001:000029c0       _BotNumActivePlayers       100039c0 f   ai_chat.obj
 0001:00002ae0       _BotIsFirstInRankings      10003ae0 f   ai_chat.obj
 0001:00002c30       _BotIsLastInRankings       10003c30 f   ai_chat.obj
 0001:00002d80       _BotFirstClientInRankings  10003d80 f   ai_chat.obj
 0001:00002f00       _BotLastClientInRankings   10003f00 f   ai_chat.obj
 0001:00003080       _BotRandomOpponentName     10004080 f   ai_chat.obj
 0001:000032a0       _BotMapTitle               100042a0 f   ai_chat.obj
 0001:00003330       _BotWeaponNameForMeansOfDeath 10004330 f   ai_chat.obj
 0001:00003430       _BotRandomWeaponName       10004430 f   ai_chat.obj
 0001:00003500       _BotVisibleEnemies         10004500 f   ai_chat.obj
 0001:000036d0       _BotMatchMessage           100046d0 f   ai_cmd.obj
 0001:00003af0       _BotPrintTeamGoal          10004af0 f   ai_cmd.obj
 0001:00003dc0       _BotGetItemTeamGoal        10004dc0 f   ai_cmd.obj
 0001:00003e20       _BotGetMessageTeamGoal     10004e20 f   ai_cmd.obj
 0001:00003e80       _BotGetTime                10004e80 f   ai_cmd.obj
 0001:00004000       _FindClientByName          10005000 f   ai_cmd.obj
 0001:00004120       _FindEnemyByName           10005120 f   ai_cmd.obj
 0001:00004270       _NumPlayersOnSameTeam      10005270 f   ai_cmd.obj
 0001:00004350       _BotGetPatrolWaypoints     10005350 f   ai_cmd.obj
 0001:00004610       _BotAddressedToBot         10005610 f   ai_cmd.obj
 0001:000048b0       _BotGPSToPosition          100058b0 f   ai_cmd.obj
 0001:000049c0       _BotMatch_HelpAccompany    100059c0 f   ai_cmd.obj
 0001:00004f60       _BotMatch_DefendKeyArea    10005f60 f   ai_cmd.obj
 0001:00005100       _BotMatch_GetItem          10006100 f   ai_cmd.obj
 0001:00005260       _BotMatch_Camp             10006260 f   ai_cmd.obj
 0001:00005790       _BotMatch_Patrol           10006790 f   ai_cmd.obj
 0001:00005900       _BotMatch_GetFlag          10006900 f   ai_cmd.obj
 0001:00005a90       _BotMatch_AttackEnemyBase  10006a90 f   ai_cmd.obj
 0001:00005c10       _BotMatch_Harvest          10006c10 f   ai_cmd.obj
 0001:00005d70       _BotMatch_RushBase         10006d70 f   ai_cmd.obj
 0001:00005ee0       _BotMatch_TaskPreference   10006ee0 f   ai_cmd.obj
 0001:000060a0       _BotMatch_ReturnFlag       100070a0 f   ai_cmd.obj
 0001:000061d0       _BotMatch_JoinSubteam      100071d0 f   ai_cmd.obj
 0001:000062d0       _BotMatch_LeaveSubteam     100072d0 f   ai_cmd.obj
 0001:000063b0       _BotMatch_WhichTeam        100073b0 f   ai_cmd.obj
 0001:00006440       _BotMatch_CheckPoint       10007440 f   ai_cmd.obj
 0001:00006790       _BotMatch_FormationSpace   10007790 f   ai_cmd.obj
 0001:000068b0       _BotMatch_Dismiss          100078b0 f   ai_cmd.obj
 0001:00006990       _BotMatch_Suicide          10007990 f   ai_cmd.obj
 0001:00006a50       _BotMatch_StartTeamLeaderShip 10007a50 f   ai_cmd.obj
 0001:00006b20       _BotMatch_StopTeamLeaderShip 10007b20 f   ai_cmd.obj
 0001:00006c20       _BotMatch_WhoIsTeamLeader  10007c20 f   ai_cmd.obj
 0001:00006ca0       _BotMatch_WhatAreYouDoing  10007ca0 f   ai_cmd.obj
 0001:00006f70       _BotMatch_WhatIsMyCommand  10007f70 f   ai_cmd.obj
 0001:00006fd0       _BotNearestVisibleItem     10007fd0 f   ai_cmd.obj
 0001:000071a0       _BotMatch_WhereAreYou      100081a0 f   ai_cmd.obj
 0001:00007680       _BotMatch_LeadTheWay       10008680 f   ai_cmd.obj
 0001:00007a20       _BotMatch_Kill             10008a20 f   ai_cmd.obj
 0001:00007b90       _BotMatch_CTF              10008b90 f   ai_cmd.obj
 0001:00007da0       _BotMatch_EnterGame        10008da0 f   ai_cmd.obj
 0001:00007e00       _BotMatch_NewLeader        10008e00 f   ai_cmd.obj
 0001:00007e70       ___local_stdio_scanf_options 10008e70 f i ai_cmd.obj
 0001:00007e80       __vsscanf_l                10008e80 f i ai_cmd.obj
 0001:00007eb0       _sscanf                    10008eb0 f i ai_cmd.obj
 0001:00008080       _AIEnter_Intermission      10009080 f   ai_dmnet.obj
 0001:000080f0       _AIEnter_Observer          100090f0 f   ai_dmnet.obj
 0001:00008130       _AIEnter_Respawn           10009130 f   ai_dmnet.obj
 0001:00008250       _AIEnter_Stand             10009250 f   ai_dmnet.obj
 0001:000082a0       _AIEnter_Seek_ActivateEntity 100092a0 f   ai_dmnet.obj
 0001:000082d0       _AIEnter_Seek_NBG          100092d0 f   ai_dmnet.obj
 0001:00008370       _AIEnter_Seek_LTG          10009370 f   ai_dmnet.obj
 0001:00008410       _AIEnter_Battle_Fight      10009410 f   ai_dmnet.obj
 0001:00008450       _AIEnter_Battle_Chase      10009450 f   ai_dmnet.obj
 0001:00008490       _AIEnter_Battle_Retreat    10009490 f   ai_dmnet.obj
 0001:000084c0       _AIEnter_Battle_NBG        100094c0 f   ai_dmnet.obj
 0001:000084f0       _AINode_Intermission       100094f0 f   ai_dmnet.obj
 0001:00008580       _AINode_Observer           10009580 f   ai_dmnet.obj
 0001:000085b0       _AINode_Respawn            100095b0 f   ai_dmnet.obj
 0001:000086c0       _AINode_Stand              100096c0 f   ai_dmnet.obj
 0001:00008820       _AINode_Seek_ActivateEntity 10009820 f   ai_dmnet.obj
 0001:00009250       _AINode_Seek_NBG           1000a250 f   ai_dmnet.obj
 0001:00009880       _AINode_Seek_LTG           1000a880 f   ai_dmnet.obj
 0001:0000a180       _AINode_Battle_Fight       1000b180 f   ai_dmnet.obj
 0001:0000a820       _AINode_Battle_Chase       1000b820 f   ai_dmnet.obj
 0001:0000af20       _AINode_Battle_Retreat     1000bf20 f   ai_dmnet.obj
 0001:0000b760       _AINode_Battle_NBG         1000c760 f   ai_dmnet.obj
 0001:0000be10       _BotResetNodeSwitches      1000ce10 f   ai_dmnet.obj
 0001:0000be20       _BotDumpNodeSwitches       1000ce20 f   ai_dmnet.obj
 0001:0000bec0       _BotRecordNodeSwitch       1000cec0 f   ai_dmnet.obj
 0001:0000bf70       _BotGetAirGoal             1000cf70 f   ai_dmnet.obj
 0001:0000c270       _BotGoForAir               1000d270 f   ai_dmnet.obj
 0001:0000c380       _BotNearbyGoal             1000d380 f   ai_dmnet.obj
 0001:0000c450       _BotReachedGoal            1000d450 f   ai_dmnet.obj
 0001:0000c690       _BotGetItemLongTermGoal    1000d690 f   ai_dmnet.obj
 0001:0000c7f0       _BotGetLongTermGoal        1000d7f0 f   ai_dmnet.obj
 0001:0000f8e0       _BotLongTermGoal           100108e0 f   ai_dmnet.obj
 0001:0000ffd0       _BotSelectActivateWeapon   10010fd0 f   ai_dmnet.obj
 0001:000101d0       _BotClearPath              100111d0 f   ai_dmnet.obj
 0001:00010870       _AIEnter_Battle_SuicidalFight 10011870 f   ai_dmnet.obj
 0001:00010b90       _BotSetupDeathmatchAI      10011b90 f   ai_dmq3.obj
 0001:00010f70       _BotShutdownDeathmatchAI   10011f70 f   ai_dmq3.obj
 0001:00010f80       _BotDeathmatchAI           10011f80 f   ai_dmq3.obj
 0001:000113c0       _BotFreeWaypoints          100123c0 f   ai_dmq3.obj
 0001:00011400       _BotChooseWeapon           10012400 f   ai_dmq3.obj
 0001:000114a0       _BotSetupForMovement       100124a0 f   ai_dmq3.obj
 0001:000116f0       _BotUpdateInventory        100126f0 f   ai_dmq3.obj
 0001:000121e0       _BotUpdateBattleInventory  100131e0 f   ai_dmq3.obj
 0001:00012320       _BotBattleUseItems         10013320 f   ai_dmq3.obj
 0001:000123e0       _BotIsDead                 100133e0 f   ai_dmq3.obj
 0001:00012410       _BotIsObserver             10013410 f   ai_dmq3.obj
 0001:00012490       _BotIntermission           10013490 f   ai_dmq3.obj
 0001:000124d0       _BotInLavaOrSlime          100134d0 f   ai_dmq3.obj
 0001:00012580       _EntityIsDead              10013580 f   ai_dmq3.obj
 0001:000125e0       _EntityIsInvisible         100135e0 f   ai_dmq3.obj
 0001:00012610       _EntityIsShooting          10013610 f   ai_dmq3.obj
 0001:00012630       _EntityHasKamikaze         10013630 f   ai_dmq3.obj
 0001:00012650       _BotSetUserInfo            10013650 f   ai_dmq3.obj
 0001:000126d0       _BotSetTeamStatus          100136d0 f   ai_dmq3.obj
 0001:00012890       _ClientName                10013890 f   ai_dmq3.obj
 0001:00012940       _EasyClientName            10013940 f   ai_dmq3.obj
 0001:00012c90       _ClientSkin                10013c90 f   ai_dmq3.obj
 0001:00012d30       _BotSynonymContext         10013d30 f   ai_dmq3.obj
 0001:00012de0       _BotSetLastOrderedTask     10013de0 f   ai_dmq3.obj
 0001:00012fa0       _BotTeamGoals              10013fa0 f   ai_dmq3.obj
 0001:00013070       _BotAggression             10014070 f   ai_dmq3.obj
 0001:000132a0       _BotFeelingBad             100142a0 f   ai_dmq3.obj
 0001:00013310       _BotWantsToRetreat         10014310 f   ai_dmq3.obj
 0001:000134a0       _BotWantsToChase           100144a0 f   ai_dmq3.obj
 0001:00013610       _BotWantsToHelp            10014610 f   ai_dmq3.obj
 0001:00013620       _BotCanAndWantsToRocketJump 10014620 f   ai_dmq3.obj
 0001:00013720       _BotHasPersistantPowerupAndWeapon 10014720 f   ai_dmq3.obj
 0001:00013970       _BotWantsToCamp            10014970 f   ai_dmq3.obj
 0001:00013c30       _BotAttackMove             10014c30 f   ai_dmq3.obj
 0001:00014700       _BotSameTeam               10015700 f   ai_dmq3.obj
 0001:000147f0       _TeamPlayIsOn              100157f0 f   ai_dmq3.obj
 0001:00014820       _BotTeamFlagCarrier        10015820 f   ai_dmq3.obj
 0001:000148f0       _BotTeamFlagCarrierVisible 100158f0 f   ai_dmq3.obj
 0001:00014a10       _BotEnemyFlagCarrierVisible 10015a10 f   ai_dmq3.obj
 0001:00014b30       _BotVisibleTeamMatesAndEnemies 10015b30 f   ai_dmq3.obj
 0001:00014d60       _InFieldOfVision           10015d60 f   ai_dmq3.obj
 0001:00014ea0       _BotFindEnemy              10015ea0 f   ai_dmq3.obj
 0001:000157e0       _BotRoamGoal               100167e0 f   ai_dmq3.obj
 0001:00015e20       _BotEntityVisible          10016e20 f   ai_dmq3.obj
 0001:00016810       _BotAimAtEnemy             10017810 f   ai_dmq3.obj
 0001:00018a20       _BotCheckAttack            10019a20 f   ai_dmq3.obj
 0001:000192b0       _BotAIBlocked              1001a2b0 f   ai_dmq3.obj
 0001:000198f0       _BotAIPredictObstacles     1001a8f0 f   ai_dmq3.obj
 0001:00019ac0       _BotEnableActivateGoalAreas 1001aac0 f   ai_dmq3.obj
 0001:00019b50       _BotPopFromActivateGoalStack 1001ab50 f   ai_dmq3.obj
 0001:00019bc0       _BotClearActivateGoalStack 1001abc0 f   ai_dmq3.obj
 0001:00019be0       _BotTeam                   1001abe0 f   ai_dmq3.obj
 0001:00019c90       _BotOppositeTeam           1001ac90 f   ai_dmq3.obj
 0001:00019cd0       _BotCTFCarryingFlag        1001acd0 f   ai_dmq3.obj
 0001:00019d20       _BotRememberLastOrderedTask 1001ad20 f   ai_dmq3.obj
 0001:00019d90       _BotCTFSeekGoals           1001ad90 f   ai_dmq3.obj
 0001:0001aa90       _BotCTFRetreatGoals        1001ba90 f   ai_dmq3.obj
 0001:0001ab20       _Bot1FCTFCarryingFlag      1001bb20 f   ai_dmq3.obj
 0001:0001ab50       _BotHarvesterCarryingCubes 1001bb50 f   ai_dmq3.obj
 0001:0001aba0       _Bot1FCTFSeekGoals         1001bba0 f   ai_dmq3.obj
 0001:0001b4b0       _Bot1FCTFRetreatGoals      1001c4b0 f   ai_dmq3.obj
 0001:0001b560       _BotObeliskSeekGoals       1001c560 f   ai_dmq3.obj
 0001:0001b920       _BotObeliskRetreatGoals    1001c920 f   ai_dmq3.obj
 0001:0001b930       _BotGoHarvest              1001c930 f   ai_dmq3.obj
 0001:0001b9c0       _BotHarvesterSeekGoals     1001c9c0 f   ai_dmq3.obj
 0001:0001bf20       _BotHarvesterRetreatGoals  1001cf20 f   ai_dmq3.obj
 0001:0001bfb0       _BotTeamCubeCarrierVisible 1001cfb0 f   ai_dmq3.obj
 0001:0001c0d0       _BotEnemyCubeCarrierVisible 1001d0d0 f   ai_dmq3.obj
 0001:0001c1f0       _BotGetAlternateRouteGoal  1001d1f0 f   ai_dmq3.obj
 0001:0001c3c0       _BotAlternateRoute         1001d3c0 f   ai_dmq3.obj
 0001:0001c470       _BotCreateWayPoint         1001d470 f   ai_dmq3.obj
 0001:0001c640       _BotFindWayPoint           1001d640 f   ai_dmq3.obj
 0001:0001c680       _stristr                   1001d680 f   ai_dmq3.obj
 0001:0001c720       _ClientFromName            1001d720 f   ai_dmq3.obj
 0001:0001c800       _ClientOnSameTeamFromName  1001d800 f   ai_dmq3.obj
 0001:0001c8f0       _BotPointAreaNum           1001d8f0 f   ai_dmq3.obj
 0001:0001c9d0       _BotMapScripts             1001d9d0 f   ai_dmq3.obj
 0001:0001d050       _BotEnemyFlag              1001e050 f   ai_dmq3.obj
 0001:0001d080       _BotTeamFlag               1001e080 f   ai_dmq3.obj
 0001:0001d0b0       _EntityCarriesFlag         1001e0b0 f   ai_dmq3.obj
 0001:0001d100       _EntityIsChatting          1001e100 f   ai_dmq3.obj
 0001:0001d190       _EntityHasQuad             1001e190 f   ai_dmq3.obj
 0001:0001d1b0       _EntityCarriesCubes        1001e1b0 f   ai_dmq3.obj
 0001:0001d210       _BotRefuseOrder            1001e210 f   ai_dmq3.obj
 0001:0001d2a0       _BotCheckItemPickup        1001e2a0 f   ai_dmq3.obj
 0001:0001d630       _BotUseKamikaze            1001e630 f   ai_dmq3.obj
 0001:0001df80       _BotUseInvulnerability     1001ef80 f   ai_dmq3.obj
 0001:0001e770       _BotSetTeleportTime        1001f770 f   ai_dmq3.obj
 0001:0001e7c0       _BotInitWaypoints          1001f7c0 f   ai_dmq3.obj
 0001:0001e810       _BotGoCamp                 1001f810 f   ai_dmq3.obj
 0001:0001e940       _BotDontAvoid              1001f940 f   ai_dmq3.obj
 0001:0001e9b0       _BotGoForPowerups          1001f9b0 f   ai_dmq3.obj
 0001:0001ea20       _BotSetMovedir             1001fa20 f   ai_dmq3.obj
 0001:0001eb10       _BotModelMinsMaxs          1001fb10 f   ai_dmq3.obj
 0001:0001eda0       _BotFuncButtonActivateGoal 1001fda0 f   ai_dmq3.obj
 0001:00020340       _BotFuncDoorActivateGoal   10021340 f   ai_dmq3.obj
 0001:000206f0       _BotTriggerMultipleActivateGoal 100216f0 f   ai_dmq3.obj
 0001:00020d10       _BotPushOntoActivateGoalStack 10021d10 f   ai_dmq3.obj
 0001:00020e20       _BotIsGoingToActivateEntity 10021e20 f   ai_dmq3.obj
 0001:00020ef0       _BotGetActivateGoal        10021ef0 f   ai_dmq3.obj
 0001:000218d0       _BotGoForActivateGoal      100228d0 f   ai_dmq3.obj
 0001:000219e0       _BotPrintActivateGoalInfo  100229e0 f   ai_dmq3.obj
 0001:00021b40       _BotRandomMove             10022b40 f   ai_dmq3.obj
 0001:00021c40       _BotCheckConsoleMessages   10022c40 f   ai_dmq3.obj
 0001:000220b0       _BotCheckForGrenades       100230b0 f   ai_dmq3.obj
 0001:00022100       _BotCheckForProxMines      10023100 f   ai_dmq3.obj
 0001:00022220       _BotCheckForKamikazeBody   10023220 f   ai_dmq3.obj
 0001:00022250       _BotCheckEvents            10023250 f   ai_dmq3.obj
 0001:00022920       _BotCheckSnapshot          10023920 f   ai_dmq3.obj
 0001:00022a50       _BotCheckAir               10023a50 f   ai_dmq3.obj
 0001:00022aa0       _BotSetupAlternativeRouteGoals 10023aa0 f   ai_dmq3.obj
 0001:00022ce0       _BotSetEntityNumForGoalWithModel 10023ce0 f   ai_dmq3.obj
 0001:00022e40       _BotSetEntityNumForGoal    10023e40 f   ai_dmq3.obj
 0001:00022fa0       _BotGoalForBSPEntity       10023fa0 f   ai_dmq3.obj
 0001:000232b0       _BotInterbreedEndMatch     100242b0 f   ai_main.obj
 0001:00023330       _BotAISetup                10024330 f   ai_main.obj
 0001:000234d0       _BotAIShutdown             100244d0 f   ai_main.obj
 0001:00023540       _BotAILoadMap              10024540 f   ai_main.obj
 0001:00023610       _BotAISetupClient          10024610 f   ai_main.obj
 0001:00023b00       _BotAIShutdownClient       10024b00 f   ai_main.obj
 0001:00023c30       _BotAIStartFrame           10024c30 f   ai_main.obj
 0001:00024530       _BotTestAAS                10025530 f   ai_main.obj
 0001:00024620       _BotResetState             10025620 f   ai_main.obj
 0001:00024890       _NumBots                   10025890 f   ai_main.obj
 0001:000248a0       _BotEntityInfo             100258a0 f   ai_main.obj
 0001:000248c0       _BotAI_Print               100258c0 f   ai_main.obj
 0001:000249d0       _BotAI_BotInitialChat      100259d0 f   ai_main.obj
 0001:00024af0       _BotAI_Trace               10025af0 f   ai_main.obj
 0001:00024c40       _BotAI_GetClientState      10025c40 f   ai_main.obj
 0001:00024ca0       _BotAI_GetEntityState      10025ca0 f   ai_main.obj
 0001:00024d20       _BotAI_GetSnapshotEntity   10025d20 f   ai_main.obj
 0001:00024d70       _BotTeamLeader             10025d70 f   ai_main.obj
 0001:000255e0       _BotGetLocalClient         100265e0 f   ai_main.obj
 0001:00025640       _BotGetFirstBotClient      10026640 f   ai_main.obj
 0001:000256a0       _BotSetTrainingCvarIfChanged 100266a0 f   ai_main.obj
 0001:00025710       _BotInterbreedBots         10026710 f   ai_main.obj
 0001:000258e0       _BotWriteInterbreeded      100268e0 f   ai_main.obj
 0001:000259b0       _BotInterbreeding          100269b0 f   ai_main.obj
 0001:00025ae0       _AngleDifference           10026ae0 f   ai_main.obj
 0001:00025b60       _BotChangeViewAngle        10026b60 f   ai_main.obj
 0001:00025c80       _BotChangeViewAngles       10026c80 f   ai_main.obj
 0001:000260e0       _BotInputToUserCommand     100270e0 f   ai_main.obj
 0001:00026620       _BotUpdateInput            10027620 f   ai_main.obj
 0001:00026790       _BotAIRegularUpdate        10027790 f   ai_main.obj
 0001:000267d0       _RemoveColorEscapeSequences 100277d0 f   ai_main.obj
 0001:00026880       _BotAI                     10027880 f   ai_main.obj
 0001:00026ea0       _BotScheduleBotThink       10027ea0 f   ai_main.obj
 0001:00026f10       _BotWriteSessionData       10027f10 f   ai_main.obj
 0001:000270a0       _BotReadSessionData        100280a0 f   ai_main.obj
 0001:00027200       _BotInitLibrary            10028200 f   ai_main.obj
 0001:000276f0       ___local_stdio_printf_options 100286f0 f i ai_main.obj
 0001:00027700       __vsnprintf_l              10028700 f i ai_main.obj
 0001:00027760       _vsprintf                  10028760 f i ai_main.obj
 0001:000277a0       _BotTeamAI                 100287a0 f   ai_team.obj
 0001:00027f30       _BotGetTeamMateTaskPreference 10028f30 f   ai_team.obj
 0001:00027fa0       _BotSetTeamMateTaskPreference 10028fa0 f   ai_team.obj
 0001:00028000       _BotVoiceChat              10029000 f   ai_team.obj
 0001:00028060       _BotVoiceChatOnly          10029060 f   ai_team.obj
 0001:000280c0       _BotValidTeamLeader        100290c0 f   ai_team.obj
 0001:00028100       _BotNumTeamMates           10029100 f   ai_team.obj
 0001:00028240       _BotClientTravelTimeToGoal 10029240 f   ai_team.obj
 0001:000282c0       _BotSortTeamMatesByBaseTravelTime 100292c0 f   ai_team.obj
 0001:00028560       _BotSortTeamMatesByTaskPreference 10029560 f   ai_team.obj
 0001:00028720       _BotSayTeamOrderAlways     10029720 f   ai_team.obj
 0001:000287e0       _BotSayTeamOrder           100297e0 f   ai_team.obj
 0001:00028820       _BotSayVoiceTeamOrder      10029820 f   ai_team.obj
 0001:00028840       _BotCTFOrders_BothFlagsNotAtBase 10029840 f   ai_team.obj
 0001:00028e90       _BotCTFOrders_FlagNotAtBase 10029e90 f   ai_team.obj
 0001:00029780       _BotCTFOrders_EnemyFlagNotAtBase 1002a780 f   ai_team.obj
 0001:00029d40       _BotCTFOrders_BothFlagsAtBase 1002ad40 f   ai_team.obj
 0001:0002a630       _BotCTFOrders              1002b630 f   ai_team.obj
 0001:0002a6e0       _BotCreateGroup            1002b6e0 f   ai_team.obj
 0001:0002a7c0       _BotTeamOrders             1002b7c0 f   ai_team.obj
 0001:0002aa30       _Bot1FCTFOrders_FlagAtCenter 1002ba30 f   ai_team.obj
 0001:0002b320       _Bot1FCTFOrders_TeamHasFlag 1002c320 f   ai_team.obj
 0001:0002be80       _Bot1FCTFOrders_EnemyHasFlag 1002ce80 f   ai_team.obj
 0001:0002c770       _Bot1FCTFOrders_EnemyDroppedFlag 1002d770 f   ai_team.obj
 0001:0002d060       _Bot1FCTFOrders            1002e060 f   ai_team.obj
 0001:0002d0d0       _BotObeliskOrders          1002e0d0 f   ai_team.obj
 0001:0002d9c0       _BotHarvesterOrders        1002e9c0 f   ai_team.obj
 0001:0002e2b0       _FindHumanTeamLeader       1002f2b0 f   ai_team.obj
 0001:0002e360       _BotVoiceChatCommand       1002f360 f   ai_vcmd.obj
 0001:0002e5f0       _BotVoiceChat_Defend       1002f5f0 f   ai_vcmd.obj
 0001:0002e790       _BotVoiceChat_GetFlag      1002f790 f   ai_vcmd.obj
 0001:0002e8c0       _BotVoiceChat_Offense      1002f8c0 f   ai_vcmd.obj
 0001:0002ea70       _BotVoiceChat_DefendFlag   1002fa70 f   ai_vcmd.obj
 0001:0002ea90       _BotVoiceChat_Patrol       1002fa90 f   ai_vcmd.obj
 0001:0002eb20       _BotVoiceChat_Camp         1002fb20 f   ai_vcmd.obj
 0001:0002edd0       _BotVoiceChat_FollowMe     1002fdd0 f   ai_vcmd.obj
 0001:0002f0a0       _BotVoiceChat_FollowFlagCarrier 100300a0 f   ai_vcmd.obj
 0001:0002f0e0       _BotVoiceChat_ReturnFlag   100300e0 f   ai_vcmd.obj
 0001:0002f1b0       _BotVoiceChat_StartLeader  100301b0 f   ai_vcmd.obj
 0001:0002f1d0       _BotVoiceChat_StopLeader   100301d0 f   ai_vcmd.obj
 0001:0002f250       _BotVoiceChat_WhoIsLeader  10030250 f   ai_vcmd.obj
 0001:0002f2f0       _BotVoiceChat_WantOnDefense 100302f0 f   ai_vcmd.obj
 0001:0002f3c0       _BotVoiceChat_WantOnOffense 100303c0 f   ai_vcmd.obj
 0001:0002f490       _BotVoiceChat_Dummy        10030490 f   ai_vcmd.obj
 0001:0002f4a0       _BG_GetWeaponStats         100304a0 f   bg_misc.obj
 0001:0002f500       _BG_GetWeaponMaxAmmo       10030500 f   bg_misc.obj
 0001:0002f520       _BG_GetHandicapScalar      10030520 f   bg_misc.obj
 0001:0002f5a0       _BG_GetWeaponAmmoPackSize  100305a0 f   bg_misc.obj
 0001:0002f5d0       _BG_GetWeaponAmmoPackMaxStack 100305d0 f   bg_misc.obj
 0001:0002f600       _BG_ItemTagForWeapon       10030600 f   bg_misc.obj
 0001:0002f630       _BG_WeaponForItemTag       10030630 f   bg_misc.obj
 0001:0002f660       _BG_ItemTagForHoldable     10030660 f   bg_misc.obj
 0001:0002f680       _BG_HoldableForItemTag     10030680 f   bg_misc.obj
 0001:0002f6a0       _BG_PlayerHasPersistantPowerup 100306a0 f   bg_misc.obj
 0001:0002f730       _BG_GetArmorUpperBound     10030730 f   bg_misc.obj
 0001:0002f760       _BG_GetHealthUpperBound    10030760 f   bg_misc.obj
 0001:0002f7b0       _BG_UpdateArmorTierFromCurrentArmor 100307b0 f   bg_misc.obj
 0001:0002f850       _BG_ClearArmorTierIfEmpty  10030850 f   bg_misc.obj
 0001:0002f890       _BG_GetArmorRegenTarget    10030890 f   bg_misc.obj
 0001:0002f8f0       _BG_ApplyArmorPickup       100308f0 f   bg_misc.obj
 0001:0002fb60       _BG_FindItem               10030b60 f   bg_misc.obj
 0001:0002fbb0       _BG_FindItemByClassname    10030bb0 f   bg_misc.obj
 0001:0002fc10       _BG_FindItemByTypeAndTag   10030c10 f   bg_misc.obj
 0001:0002fc70       _BG_FindItemForWeapon      10030c70 f   bg_misc.obj
 0001:0002fca0       _BG_FindItemForPowerup     10030ca0 f   bg_misc.obj
 0001:0002fdb0       _BG_FindItemForHoldable    10030db0 f   bg_misc.obj
 0001:0002fde0       _BG_PlayerCarryingFlag     10030de0 f   bg_misc.obj
 0001:0002fe40       _BG_WeaponName             10030e40 f   bg_misc.obj
 0001:0002fea0       _BG_CanItemBeGrabbed       10030ea0 f   bg_misc.obj
 0001:000305a0       _BG_EvaluateTrajectory     100315a0 f   bg_misc.obj
 0001:00030a40       _BG_EvaluateTrajectoryDelta 10031a40 f   bg_misc.obj
 0001:00030d60       _BG_AddPredictableEventToPlayerstate 10031d60 f   bg_misc.obj
 0001:00030e40       _BG_TouchJumpPad           10031e40 f   bg_misc.obj
 0001:00030f10       _BG_PlayerStateToEntityState 10031f10 f   bg_misc.obj
 0001:00031390       _BG_PlayerTouchesItem      10032390 f   bg_misc.obj
 0001:00031930       _PM_UpdateViewAngles       10032930 f   bg_pmove.obj
 0001:00031a40       _Pmove                     10032a40 f   bg_pmove.obj
 0001:00031ba0       _PM_GetDefaultSettings     10032ba0 f   bg_pmove.obj
 0001:00031bb0       _PM_ClipVelocity           10032bb0 f   bg_pmove.obj
 0001:00031ca0       _PM_AddTouchEnt            10032ca0 f   bg_pmove.obj
 0001:00031d20       _PM_AddEvent               10032d20 f   bg_pmove.obj
 0001:00031d40       _PM_ApplyStepJump          10032d40 f   bg_pmove.obj
 0001:00031e60       _PM_GetActiveSettings      10032e60 f   bg_pmove.obj
 0001:00037d90       _PmoveSingle               10038d90 f   bg_pmove.obj
 0001:000385a0       _PM_SlideMove              100395a0 f   bg_slidemove.obj
 0001:00039500       _PM_StepSlideMove          1003a500 f   bg_slidemove.obj
 0001:0003a620       _G_AutoShuffleCountdown_SetGuard 1003b620 f   g_autoshuffle.obj
 0001:0003a630       _G_AutoShuffleCountdown_SetCompleteCallback 1003b630 f   g_autoshuffle.obj
 0001:0003a640       _G_AutoShuffleCountdown_Arm 1003b640 f   g_autoshuffle.obj
 0001:0003a690       _G_AutoShuffleCountdown_Cancel 1003b690 f   g_autoshuffle.obj
 0001:0003a6c0       _G_AutoShuffleCountdown_IsActive 1003b6c0 f   g_autoshuffle.obj
 0001:0003a6d0       _G_AutoShuffleCountdown_GetSecondsRemaining 1003b6d0 f   g_autoshuffle.obj
 0001:0003a710       _G_AutoShuffleCountdown_Frame 1003b710 f   g_autoshuffle.obj
 0001:0003a820       _G_FreezeGametypeEnabled   1003b820 f   g_active.obj
 0001:0003a850       _G_FreezeSyncCvars         1003b850 f   g_active.obj
 0001:0003aa30       _G_FreezeRunFrame          1003ba30 f   g_active.obj
 0001:0003aac0       _G_FreezeHandleWarmupDelayCvarUpdate 1003bac0 f   g_active.obj
 0001:0003aaf0       _G_TouchTriggers           1003baf0 f   g_active.obj
 0001:0003b010       _ClientThink               1003c010 f   g_active.obj
 0001:0003b080       _G_Frame_BeginRoundWarmup  1003c080 f   g_active.obj
 0001:0003b0d0       _G_Frame_UpdateRoundController 1003c0d0 f   g_active.obj
 0001:0003b270       _G_SetClientRatingModifiers 1003c270 f   g_active.obj
 0001:0003b2d0       _G_RefreshClientRatingModifiers 1003c2d0 f   g_active.obj
 0001:0003b3a0       _G_InitLagHaxHistory       1003c3a0 f   g_active.obj
 0001:0003b4b0       _G_ClearLagHaxHistory      1003c4b0 f   g_active.obj
 0001:0003b510       _G_StoreHistory            1003c510 f   g_active.obj
 0001:0003b6c0       _G_TimeShiftAllClients     1003c6c0 f   g_active.obj
 0001:0003b910       _G_UnTimeShiftAllClients   1003c910 f   g_active.obj
 0001:0003bad0       _ClientEndFrame            1003cad0 f   g_active.obj
 0001:0003bf50       _G_RunClient               1003cf50 f   g_active.obj
 0001:0003c320       _P_DamageFeedback          1003d320 f   g_active.obj
 0001:0003c4e0       _P_WorldEffects            1003d4e0 f   g_active.obj
 0001:0003c780       _G_SetClientSound          1003d780 f   g_active.obj
 0001:0003c800       _ClientImpacts             1003d800 f   g_active.obj
 0001:0003c910       _SpectatorThink            1003d910 f   g_active.obj
 0001:0003cc40       _ClientInactivityTimer     1003dc40 f   g_active.obj
 0001:0003d150       _ClientTimerActions        1003e150 f   g_active.obj
 0001:0003d6a0       _ClientIntermissionThink   1003e6a0 f   g_active.obj
 0001:0003d730       _ClientEvents              1003e730 f   g_active.obj
 0001:0003dd70       _SendPendingPredictableEvents 1003ed70 f   g_active.obj
 0001:0003de80       _ClientThink_real          1003ee80 f   g_active.obj
 0001:0003ec30       _SpectatorClientEndFrame   1003fc30 f   g_active.obj
 0001:0003fff0       _UpdateTournamentInfo      10040ff0 f   g_arenas.obj
 0001:00040560       _SpawnModelsOnVictoryPads  10041560 f   g_arenas.obj
 0001:000406f0       _Svcmd_AbortPodium_f       100416f0 f   g_arenas.obj
 0001:00041c70       _G_GetArenaInfoByMap       10042c70 f   g_bot.obj
 0001:00041cd0       _G_MapSupportsGametype     10042cd0 f   g_bot.obj
 0001:00041dc0       _G_InitBots                10042dc0 f   g_bot.obj
 0001:00041fe0       _G_GetBotInfoByNumber      10042fe0 f   g_bot.obj
 0001:00042020       _G_GetBotInfoByName        10043020 f   g_bot.obj
 0001:00042090       _G_CheckBotSpawn           10043090 f   g_bot.obj
 0001:00042180       _G_RemoveQueuedBotBegin    10043180 f   g_bot.obj
 0001:000421d0       _G_BotConnect              100431d0 f   g_bot.obj
 0001:000422c0       _Svcmd_AddBot_f            100432c0 f   g_bot.obj
 0001:00042470       _Svcmd_BotList_f           10043470 f   g_bot.obj
 0001:00042660       _trap_Cvar_VariableValue   10043660 f   g_bot.obj
 0001:000426c0       _G_ParseInfos              100436c0 f   g_bot.obj
 0001:00042da0       _G_AddRandomBot            10043da0 f   g_bot.obj
 0001:00043060       _G_RemoveRandomBot         10044060 f   g_bot.obj
 0001:00043100       _G_CountHumanPlayers       10044100 f   g_bot.obj
 0001:00043190       _G_CountBotPlayers         10044190 f   g_bot.obj
 0001:00043260       _G_CheckMinimumPlayers     10044260 f   g_bot.obj
 0001:00043ff0       _G_FreezeClientEndFrame    10044ff0 f   g_client.obj
 0001:00044260       _G_FreezeHandlePlayerDeath 10045260 f   g_client.obj
 0001:00044940       _TeamCount                 10045940 f   g_client.obj
 0001:000449c0       _TeamLeader                100459c0 f   g_client.obj
 0001:00044a40       _PickTeam                  10045a40 f   g_client.obj
 0001:00044b00       _SetClientViewAngle        10045b00 f   g_client.obj
 0001:00044c40       _G_SelectRankedSpawnPoint  10045c40 f   g_client.obj
 0001:000450d0       _SelectSpawnPoint          100460d0 f   g_client.obj
 0001:000450f0       _CopyToBodyQue             100460f0 f   g_client.obj
 0001:00045650       _respawn                   10046650 f   g_client.obj
 0001:000457e0       _InitBodyQue               100467e0 f   g_client.obj
 0001:00045840       _ClientSpawn               10046840 f   g_client.obj
 0001:00046550       _G_RRInitClient            10047550 f   g_client.obj
 0001:000465c0       _G_RRProcessClient         100475c0 f   g_client.obj
 0001:00046720       _G_RRHandlePlayerDeath     10047720 f   g_client.obj
 0001:000467e0       _G_RRHandleDamageScore     100477e0 f   g_client.obj
 0001:00046930       _G_RRResetRoundState       10047930 f   g_client.obj
 0001:000469c0       _G_RRCheckExitRules        100479c0 f   g_client.obj
 0001:00046a50       _G_RRTrackRoundActivity    10047a50 f   g_client.obj
 0001:00046a90       _SpotWouldTelefrag         10047a90 f   g_client.obj
 0001:00046c70       _ClientConnect             10047c70 f   g_client.obj
 0001:000472c0       _ClientUserinfoChanged     100482c0 f   g_client.obj
 0001:00047d00       _ClientDisconnect          10048d00 f   g_client.obj
 0001:00048260       _ClientBegin               10049260 f   g_client.obj
 0001:00048670       _G_ClientIsReady           10049670 f   g_client.obj
 0001:000486b0       _G_SetClientReadyState     100496b0 f   g_client.obj
 0001:00048720       _G_SyncClientReadyState    10049720 f   g_client.obj
 0001:00048750       _G_RunGrantScript          10049750 f   g_client.obj
 0001:00048a60       _SP_info_player_deathmatch 10049a60 f   g_client.obj
 0001:00048ad0       _SP_info_player_start      10049ad0 f   g_client.obj
 0001:00048af0       _SP_info_player_intermission 10049af0 f   g_client.obj
 0001:00048c80       _SelectNearestDeathmatchSpawnPoint 10049c80 f   g_client.obj
 0001:00048db0       _SelectRandomDeathmatchSpawnPoint 10049db0 f   g_client.obj
 0001:00048e90       _SelectRandomFurthestSpawnPoint 10049e90 f   g_client.obj
 0001:00048f60       _SelectInitialSpawnPoint   10049f60 f   g_client.obj
 0001:00048ff0       _SelectSpectatorSpawnPoint 10049ff0 f   g_client.obj
 0001:000491d0       _BodySink                  1004a1d0 f   g_client.obj
 0001:0004a4a0       _Cmd_Score_f               1004b4a0 f   g_cmds.obj
 0001:0004a4d0       _G_SendClientKeyMask       1004b4d0 f   g_cmds.obj
 0001:0004a560       _G_BroadcastClientKeyMask  1004b560 f   g_cmds.obj
 0001:0004a5d0       _G_SendAllClientKeyMasks   1004b5d0 f   g_cmds.obj
 0001:0004a770       _Cmd_Pause_f               1004b770 f   g_cmds.obj
 0001:0004a830       _Cmd_Timeout_f             1004b830 f   g_cmds.obj
 0001:0004a960       _Cmd_Timein_f              1004b960 f   g_cmds.obj
 0001:0004a9d0       _Cmd_ShuffleTeams_f        1004b9d0 f   g_cmds.obj
 0001:0004aa00       _StopFollowing             1004ba00 f   g_cmds.obj
 0001:0004ab80       _BroadcastTeamChange       1004bb80 f   g_cmds.obj
 0001:0004ac50       _SetTeam                   1004bc50 f   g_cmds.obj
 0001:0004b330       _Cmd_FollowCycle_f         1004c330 f   g_cmds.obj
 0001:0004b550       _G_CanForfeit              1004c550 f   g_cmds.obj
 0001:0004b9d0       _G_SendItemTimerState      1004c9d0 f   g_cmds.obj
 0001:0004ba30       _G_BroadcastItemTimerState 1004ca30 f   g_cmds.obj
 0001:0004ba50       _G_GiveItemByName          1004ca50 f   g_cmds.obj
 0001:0004bec0       _Cmd_Admin_f               1004cec0 f   g_cmds.obj
 0001:0004cdb0       _Cmd_Ruleset_f             1004ddb0 f   g_cmds.obj
 0001:0004cdf0       _Cmd_Invite_f              1004ddf0 f   g_cmds.obj
 0001:0004d020       _Cmd_Revoke_f              1004e020 f   g_cmds.obj
 0001:0004d210       _Cmd_Whois_f               1004e210 f   g_cmds.obj
 0001:0004d370       _Cmd_Mute_f                1004e370 f   g_cmds.obj
 0001:0004d510       _Cmd_Unmute_f              1004e510 f   g_cmds.obj
 0001:0004d6b0       _Cmd_Lock_f                1004e6b0 f   g_cmds.obj
 0001:0004d780       _Cmd_Unlock_f              1004e780 f   g_cmds.obj
 0001:0004d850       _Cmd_PutTeam_f             1004e850 f   g_cmds.obj
 0001:0004d9a0       _Cmd_AllReady_f            1004e9a0 f   g_cmds.obj
 0001:0004db10       _Cmd_Map_f                 1004eb10 f   g_cmds.obj
 0001:0004de30       _Cmd_Restart_f             1004ee30 f   g_cmds.obj
 0001:0004def0       _Cmd_Shuffle_f             1004eef0 f   g_cmds.obj
 0001:0004dfa0       _Cmd_Teamsize_f            1004efa0 f   g_cmds.obj
 0001:0004e0c0       _Cmd_Clan_f                1004f0c0 f   g_cmds.obj
 0001:0004e160       _Cmd_Kick_f                1004f160 f   g_cmds.obj
 0001:0004e260       _Cmd_Ban_f                 1004f260 f   g_cmds.obj
 0001:0004e360       _Cmd_ClientKick_f          1004f360 f   g_cmds.obj
 0001:0004e4a0       _Cmd_TimeLimit_f           1004f4a0 f   g_cmds.obj
 0001:0004e5c0       _Cmd_AddPOI_f              1004f5c0 f   g_cmds.obj
 0001:0004e9f0       _Cmd_DelPOI_f              1004f9f0 f   g_cmds.obj
 0001:0004eb40       _Cmd_POIs_f                1004fb40 f   g_cmds.obj
 0001:0004ec00       _Cmd_ReadyUp_f             1004fc00 f   g_cmds.obj
 0001:0004ee20       _Cmd_Elo_f                 1004fe20 f   g_cmds.obj
 0001:0004ef30       _Cmd_Cointoss_f            1004ff30 f   g_cmds.obj
 0001:0004ef80       _DeathmatchScoreboardMessage 1004ff80 f   g_cmds.obj
 0001:0004f550       _G_TeamHoldStatForPowerup  10050550 f   g_cmds.obj
 0001:0004f5d0       _G_BeginClientTeamHoldStat 100505d0 f   g_cmds.obj
 0001:0004f620       _G_EndClientTeamHoldStat   10050620 f   g_cmds.obj
 0001:0004f6e0       _G_FlushExpiredClientTeamHoldStats 100506e0 f   g_cmds.obj
 0001:0004f7a0       _G_GetClientTeamHoldStatSeconds 100507a0 f   g_cmds.obj
 0001:0004f870       _ClientCommand             10050870 f   g_cmds.obj
 0001:000540d0       _Cmd_Ready_f               100550d0 f   g_cmds.obj
 0001:000541b0       _Cmd_NotReady_f            100551b0 f   g_cmds.obj
 0001:00054280       _Cmd_Players_f             10055280 f   g_cmds.obj
 0001:000543c0       _Cmd_Teams_f               100553c0 f   g_cmds.obj
 0001:00054690       _Cmd_Acc_f                 10055690 f   g_cmds.obj
 0001:000546b0       _Cmd_Cvar_f                100556b0 f   g_cmds.obj
 0001:000548b0       _CheatsOk                  100558b0 f   g_cmds.obj
 0001:00054930       _ConcatArgs                10055930 f   g_cmds.obj
 0001:00054be0       _SanitizeString            10055be0 f   g_cmds.obj
 0001:00054c60       _ClientNumberFromString    10055c60 f   g_cmds.obj
 0001:00054e50       _Cmd_Give_f                10055e50 f   g_cmds.obj
 0001:00054f00       _Cmd_God_f                 10055f00 f   g_cmds.obj
 0001:00054f80       _Cmd_Notarget_f            10055f80 f   g_cmds.obj
 0001:00055000       _Cmd_Noclip_f              10056000 f   g_cmds.obj
 0001:00055430       _Cmd_LevelShot_f           10056430 f   g_cmds.obj
 0001:000554a0       _Cmd_TeamTask_f            100564a0 f   g_cmds.obj
 0001:000555f0       _Cmd_Kill_f                100565f0 f   g_cmds.obj
 0001:00055740       _Cmd_Forfeit_f             10056740 f   g_cmds.obj
 0001:000557f0       _Cmd_Team_f                100567f0 f   g_cmds.obj
 0001:000559b0       _Cmd_Follow_f              100569b0 f   g_cmds.obj
 0001:00055df0       _G_Say                     10056df0 f   g_cmds.obj
 0001:000563e0       _G_Voice                   100573e0 f   g_cmds.obj
 0001:00056a40       _Cmd_GameCommand_f         10057a40 f   g_cmds.obj
 0001:00056b50       _Cmd_Where_f               10057b50 f   g_cmds.obj
 0001:00056d20       _Cmd_CallVote_f            10057d20 f   g_cmds.obj
 0001:00059220       _Cmd_Vote_f                1005a220 f   g_cmds.obj
 0001:00059540       _Cmd_CallTeamVote_f        1005a540 f   g_cmds.obj
 0001:00059d10       _Cmd_TeamVote_f            1005ad10 f   g_cmds.obj
 0001:00059f10       _Cmd_SetViewpos_f          1005af10 f   g_cmds.obj
 0001:0005a090       _Cmd_Stats_f               1005b090 f   g_cmds.obj
 0001:0005ab60       _CanDamage                 1005bb60 f   g_combat.obj
 0001:0005b0a0       _G_Damage                  1005c0a0 f   g_combat.obj
 0001:0005bf70       _G_RadiusDamage            1005cf70 f   g_combat.obj
 0001:0005c380       _G_InvulnerabilityEffect   1005d380 f   g_combat.obj
 0001:0005c690       _body_die                  1005d690 f   g_combat.obj
 0001:0005c6b0       _TossClientItems           1005d6b0 f   g_combat.obj
 0001:0005c8c0       _TossClientPersistantPowerups 1005d8c0 f   g_combat.obj
 0001:0005c970       _TossClientCubes           1005d970 f   g_combat.obj
 0001:0005cc20       _CheckAlmostCapture        1005dc20 f   g_combat.obj
 0001:0005ce60       _CheckAlmostScored         1005de60 f   g_combat.obj
 0001:0005d040       _player_die                1005e040 f   g_combat.obj
 0001:0005db40       _AddScore                  1005eb40 f   g_combat.obj
 0001:0005dc40       _G_ComplaintResetClient    1005ec40 f   g_combat.obj
 0001:0005dcb0       _G_ComplaintConsiderForDamage 1005ecb0 f   g_combat.obj
 0001:0005df00       _G_ComplaintResolve        1005ef00 f   g_combat.obj
 0001:0005e090       _G_ComplaintClientDisconnected 1005f090 f   g_combat.obj
 0001:0005e160       _ScorePlum                 1005f160 f   g_combat.obj
 0001:0005e630       _LookAtKiller              1005f630 f   g_combat.obj
 0001:0005e840       _GibEntity                 1005f840 f   g_combat.obj
 0001:0005e990       _Kamikaze_DeathActivate    1005f990 f   g_combat.obj
 0001:0005e9b0       _Kamikaze_DeathTimer       1005f9b0 f   g_combat.obj
 0001:0005ed80       _CheckArmor                1005fd80 f   g_combat.obj
 0001:0005ee70       _RaySphereIntersections    1005fe70 f   g_combat.obj
 0001:0005f980       _G_KeyItemDefs             10060980 f   g_items.obj
 0001:0005f9a0       _G_KeyItemForBit           100609a0 f   g_items.obj
 0001:0005fa00       _G_DropClientKeys          10060a00 f   g_items.obj
 0001:0005fab0       _G_SyncSpectatorItemStatesForClient 10060ab0 f   g_items.obj
 0001:0005fb10       _G_CheckTeamItems          10060b10 f   g_items.obj
 0001:0005fd80       _G_RunItem                 10060d80 f   g_items.obj
 0001:0005ff50       _RespawnItem               10060f50 f   g_items.obj
 0001:000601b0       _Drop_Item                 100611b0 f   g_items.obj
 0001:00060290       _LaunchItem                10061290 f   g_items.obj
 0001:000605b0       _G_SpawnItem               100615b0 f   g_items.obj
 0001:000606d0       _FinishSpawningItem        100616d0 f   g_items.obj
 0001:00060a50       _G_SpawnItemPowerups       10061a50 f   g_items.obj
 0001:00060b30       _G_SpawnQuadHogQuad        10061b30 f   g_items.obj
 0001:00060cf0       _G_EnsureQuadHogQuad       10061cf0 f   g_items.obj
 0001:00060dd0       _Add_Ammo                  10061dd0 f   g_items.obj
 0001:00060ec0       _Touch_Item                10061ec0 f   g_items.obj
 0001:00061480       _ClearRegisteredItems      10062480 f   g_items.obj
 0001:00061540       _RegisterItem              10062540 f   g_items.obj
 0001:00061580       _SaveRegisteredItems       10062580 f   g_items.obj
 0001:00062ca0       _Pickup_Powerup            10063ca0 f   g_items.obj
 0001:000632a0       _Pickup_PersistantPowerup  100642a0 f   g_items.obj
 0001:00063320       _Pickup_Holdable           10064320 f   g_items.obj
 0001:00063660       _Pickup_Ammo               10064660 f   g_items.obj
 0001:000637b0       _Pickup_Weapon             100647b0 f   g_items.obj
 0001:00063990       _Pickup_Health             10064990 f   g_items.obj
 0001:00063ad0       _Pickup_Armor              10064ad0 f   g_items.obj
 0001:00064890       _Use_Item                  10065890 f   g_items.obj
 0001:000648b0       _G_ItemDisabled            100658b0 f   g_items.obj
 0001:00064900       _G_BounceItem              10065900 f   g_items.obj
 0001:00064ea0       _Com_Error                 10065ea0 f   g_main.obj
 0001:00064f10       _Com_Printf                10065f10 f   g_main.obj
 0001:00064f80       _G_InitWeaponConfig        10065f80 f   g_main.obj
 0001:00065550       _G_UpdateWeaponConfig      10066550 f   g_main.obj
 0001:00065560       _G_InitFlagConfig          10066560 f   g_main.obj
 0001:00065570       _G_UpdateFlagConfig        10066570 f   g_main.obj
 0001:000656e0       _G_GetSuddenDeathRespawnDelay 100666e0 f   g_main.obj
 0001:00065790       _G_QuadHogOnPickup         10066790 f   g_main.obj
 0001:00065830       _G_QuadHogFrame            10066830 f   g_main.obj
 0001:00065b20       _G_RefreshAllCvars         10066b20 f   g_main.obj
 0001:00065b70       _G_CustomSettingsDirty     10066b70 f   g_main.obj
 0001:00065b80       _G_ClearCustomSettingsDirtyFlag 10066b80 f   g_main.obj
 0001:00065b90       _G_AdminAccessForSteamID   10066b90 f   g_main.obj
 0001:00065c00       _G_ReloadAdminAccess       10066c00 f   g_main.obj
 0001:00065c70       _G_UpdateReadyUpConfigstring 10066c70 f   g_main.obj
 0001:00065cd0       _G_GametypeInit            10066cd0 f   g_main.obj
 0001:00065cf0       _G_GametypeClientBegin     10066cf0 f   g_main.obj
 0001:00065d10       _G_GametypeClientSpawn     10066d10 f   g_main.obj
 0001:00065d30       _G_ApplyForfeit            10066d30 f   g_main.obj
 0001:00065eb0       _BeginIntermission         10066eb0 f   g_main.obj
 0001:00066010       _CalculateRanks            10067010 f   g_main.obj
 0001:000665b0       _MoveClientToIntermission  100675b0 f   g_main.obj
 0001:00066790       _FindIntermissionPoint     10067790 f   g_main.obj
 0001:00066970       _G_FindNextTournamentPlayer 10067970 f   g_main.obj
 0001:00066a30       _G_UpdateTournamentQueuePositions 10067a30 f   g_main.obj
 0001:00066bc0       _G_SyncTournamentQueueTeamTasks 10067bc0 f   g_main.obj
 0001:00066d70       _PrintTeam                 10067d70 f   g_main.obj
 0001:00066dd0       _SetLeader                 10067dd0 f   g_main.obj
 0001:00066f40       _CheckTeamLeader           10067f40 f   g_main.obj
 0001:00067070       _G_RunThink                10068070 f   g_main.obj
 0001:00067110       _G_LogPrintf               10068110 f   g_main.obj
 0001:00067240       _LogExit                   10068240 f   g_main.obj
 0001:00067510       _SendScoreboardMessageToAllClients 10068510 f   g_main.obj
 0001:00067570       _ScoreIsTied               10068570 f   g_main.obj
 0001:00067640       _G_SetGameState            10068640 f   g_main.obj
 0001:000676c0       _G_ResetTimeoutState       100686c0 f   g_main.obj
 0001:00067700       _G_ApplyTimeoutPauseDelta  10068700 f   g_main.obj
 0001:00067780       _G_Printf                  10068780 f   g_main.obj
 0001:000677e0       _G_Error                   100687e0 f   g_main.obj
 0001:00067840       _G_RankResetClientStats    10068840 f   g_main.obj
 0001:000678f0       _G_RankClientConnect       100688f0 f   g_main.obj
 0001:000679d0       _G_RankClientDisconnect    100689d0 f   g_main.obj
 0001:00067ab0       _G_RankAccumulateWeaponTime 10068ab0 f   g_main.obj
 0001:00067ba0       _G_RankAccumulateDamage    10068ba0 f   g_main.obj
 0001:00067ca0       _G_RankSendPlayerMedal     10068ca0 f   g_main.obj
 0001:00068010       _G_RankSendFlagStatus      10069010 f   g_main.obj
 0001:000682e0       _G_RankSendPlayerSwitchTeam 100692e0 f   g_main.obj
 0001:00068610       _G_RankSendPlayerRaceComplete 10069610 f   g_main.obj
 0001:00068950       _G_RankSendPlayerDeath     10069950 f   g_main.obj
 0001:000691a0       _G_RankSendPlayerStats     1006a1a0 f   g_main.obj
 0001:00069280       _G_RankSendMatchStarted    1006a280 f   g_main.obj
 0001:00069310       _G_RankSubmitMatchReport   1006a310 f   g_main.obj
 0001:000693a0       _G_WarmupReadyToStart      1006a3a0 f   g_main.obj
 0001:00069520       _G_UpdateForcedCosmeticsConfigstring 1006a520 f   g_main.obj
 0001:000696d0       _G_SetWorldspawnAtmosphere 1006a6d0 f   g_main.obj
 0001:0006b2f0       _G_SuddenDeathThink        1006c2f0 f   g_main.obj
 0001:0006b450       _QLR_Game_BindFrameContext 1006c450 f   g_main.obj
 0001:0006b490       _QLR_Game_UnbindFrameContext 1006c490 f   g_main.obj
 0001:0006bb80       _G_InitGame                1006cb80 f   g_main.obj
 0001:0006c1e0       _G_RunFrame                1006d1e0 f   g_main.obj
 0001:0006c330       _G_ShutdownGame            1006d330 f   g_main.obj
 0001:0006c3a0       _G_RegisterCvars           1006d3a0 f   g_main.obj
 0001:0006c680       _CheckExitRules            1006d680 f   g_main.obj
 0001:0006cb80       _vmMain                    1006db80 f   g_main.obj
 0001:0006cd90       _G_GetNativeExportTable    1006dd90 f   g_main.obj
 0001:0006cda0       _G_FindTeams               1006dda0 f   g_main.obj
 0001:0006cf60       _G_RemapTeamShaders        1006df60 f   g_main.obj
 0001:0006d070       _G_UpdateCvars             1006e070 f   g_main.obj
 0001:0006db80       _AddTournamentPlayer       1006eb80 f   g_main.obj
 0001:0006dbd0       _RemoveTournamentLoser     1006ebd0 f   g_main.obj
 0001:0006dc30       _RemoveTournamentWinner    1006ec30 f   g_main.obj
 0001:0006dc90       _AdjustTournamentScores    1006ec90 f   g_main.obj
 0001:0006e200       _SortRanks                 1006f200 f   g_main.obj
 0001:0006e370       _ExitLevel                 1006f370 f   g_main.obj
 0001:00072370       _CheckIntermissionExit     10073370 f   g_main.obj
 0001:00072830       _CheckTournament           10073830 f   g_main.obj
 0001:00072f00       _CheckVote                 10073f00 f   g_main.obj
 0001:00072fe0       _CheckTeamVote             10073fe0 f   g_main.obj
 0001:00073130       _CheckCvars                10074130 f   g_main.obj
 0001:00073250       __vsnprintf                10074250 f i g_main.obj
 0001:00073270       _G_UpdateTimeoutConfigStrings 10074270 f   g_match_state.obj
 0001:00073330       _G_UpdateMatchStateConfigString 10074330 f   g_match_state.obj
 0001:000736e0       _G_UpdateTeamCountConfigstrings 100746e0 f   g_match_state.obj
 0001:00073ab0       _G_Alloc                   10074ab0 f   g_mem.obj
 0001:00073b40       _G_InitMemory              10074b40 f   g_mem.obj
 0001:00073b50       _Svcmd_GameMem_f           10074b50 f   g_mem.obj
 0001:00073c70       _TeleportPlayer            10074c70 f   g_misc.obj
 0001:00073f80       _DropPortalSource          10074f80 f   g_misc.obj
 0001:000742a0       _DropPortalDestination     100752a0 f   g_misc.obj
 0001:000745b0       _SP_info_camp              100755b0 f   g_misc.obj
 0001:000745d0       _SP_info_null              100755d0 f   g_misc.obj
 0001:000745f0       _SP_info_notnull           100755f0 f   g_misc.obj
 0001:00074610       _SP_light                  10075610 f   g_misc.obj
 0001:00074630       _SP_misc_teleporter_dest   10075630 f   g_misc.obj
 0001:00074640       _SP_misc_model             10075640 f   g_misc.obj
 0001:00074660       _SP_advertisement          10075660 f   g_misc.obj
 0001:00074a50       _SP_info_tour_point        10075a50 f   g_misc.obj
 0001:00074d60       _locateCamera              10075d60 f   g_misc.obj
 0001:00074f90       _SP_misc_portal_surface    10075f90 f   g_misc.obj
 0001:000750d0       _SP_misc_portal_camera     100760d0 f   g_misc.obj
 0001:000751b0       _Use_Shooter               100761b0 f   g_misc.obj
 0001:000755a0       _InitShooter               100765a0 f   g_misc.obj
 0001:00075690       _SP_shooter_rocket         10076690 f   g_misc.obj
 0001:000756b0       _SP_shooter_plasma         100766b0 f   g_misc.obj
 0001:000756d0       _SP_shooter_grenade        100766d0 f   g_misc.obj
 0001:00075a20       _G_IsMidAirEligibleTarget  10076a20 f   g_missile.obj
 0001:00075bc0       _G_RunMissile              10076bc0 f   g_missile.obj
 0001:00076260       _fire_plasma               10077260 f   g_missile.obj
 0001:00076550       _fire_grenade              10077550 f   g_missile.obj
 0001:00076830       _fire_rocket               10077830 f   g_missile.obj
 0001:00076a20       _fire_bfg                  10077a20 f   g_missile.obj
 0001:00076d10       _fire_grapple              10077d10 f   g_missile.obj
 0001:00076ee0       _fire_nail                 10077ee0 f   g_missile.obj
 0001:000775f0       _fire_prox                 100785f0 f   g_missile.obj
 0001:000778d0       _G_BounceMissile           100788d0 f   g_missile.obj
 0001:00077c70       _G_ExplodeMissile          10078c70 f   g_missile.obj
 0001:00077ef0       _ProximityMine_Trigger     10078ef0 f   g_missile.obj
 0001:000784d0       _G_MissileImpact           100794d0 f   g_missile.obj
 0001:00079da0       _G_RunMover                1007ada0 f   g_mover.obj
 0001:00079df0       _Touch_DoorTrigger         1007adf0 f   g_mover.obj
 0001:00079e80       _MatchTeam                 1007ae80 f   g_mover.obj
 0001:00079ec0       _G_TestEntityPosition      1007aec0 f   g_mover.obj
 0001:00079fa0       _G_CreateRotationMatrix    1007afa0 f   g_mover.obj
 0001:00079ff0       _G_TransposeMatrix         1007aff0 f   g_mover.obj
 0001:0007a050       _G_RotatePoint             1007b050 f   g_mover.obj
 0001:0007a250       _G_TryPushingEntity        1007b250 f   g_mover.obj
 0001:0007ac80       _G_CheckProxMinePosition   1007bc80 f   g_mover.obj
 0001:0007ae70       _G_TryPushingProxMine      1007be70 f   g_mover.obj
 0001:0007b360       _G_MoverPush               1007c360 f   g_mover.obj
 0001:0007be20       _G_MoverTeam               1007ce20 f   g_mover.obj
 0001:0007c110       _SetMoverState             1007d110 f   g_mover.obj
 0001:0007c5d0       _ReturnToPos1              1007d5d0 f   g_mover.obj
 0001:0007c620       _Reached_BinaryMover       1007d620 f   g_mover.obj
 0001:0007c760       _Use_BinaryMover           1007d760 f   g_mover.obj
 0001:0007c9a0       _InitMover                 1007d9a0 f   g_mover.obj
 0001:0007cdf0       _Blocked_Door              1007ddf0 f   g_mover.obj
 0001:0007d150       _Think_SpawnNewDoorTrigger 1007e150 f   g_mover.obj
 0001:0007d730       _Think_MatchTeam           1007e730 f   g_mover.obj
 0001:0007d760       _SP_func_door              1007e760 f   g_mover.obj
 0001:0007dd70       _Touch_Plat                1007ed70 f   g_mover.obj
 0001:0007ddc0       _Touch_PlatCenterTrigger   1007edc0 f   g_mover.obj
 0001:0007de00       _SpawnPlatTrigger          1007ee00 f   g_mover.obj
 0001:0007e1d0       _SP_func_plat              1007f1d0 f   g_mover.obj
 0001:0007e490       _Touch_Button              1007f490 f   g_mover.obj
 0001:0007e4d0       _SP_func_button            1007f4d0 f   g_mover.obj
 0001:0007e8c0       _Think_BeginMoving         1007f8c0 f   g_mover.obj
 0001:0007e8e0       _Reached_Train             1007f8e0 f   g_mover.obj
 0001:0007ebd0       _Think_SetupTrainTargets   1007fbd0 f   g_mover.obj
 0001:0007ed10       _SP_path_corner            1007fd10 f   g_mover.obj
 0001:0007ed50       _SP_func_train             1007fd50 f   g_mover.obj
 0001:0007ee80       _SP_func_static            1007fe80 f   g_mover.obj
 0001:0007ef70       _SP_func_rotating          1007ff70 f   g_mover.obj
 0001:0007f180       _SP_func_bobbing           10080180 f   g_mover.obj
 0001:0007f370       _SP_func_pendulum          10080370 f   g_mover.obj
 0001:0007f5f0       _G_ReadSessionData         100805f0 f   g_session.obj
 0001:0007f830       _G_InitSessionData         10080830 f   g_session.obj
 0001:0007f9c0       _G_InitWorldSession        100809c0 f   g_session.obj
 0001:0007fa40       _G_WriteSessionData        10080a40 f   g_session.obj
 0001:0007fac0       _G_WriteClientSessionData  10080ac0 f   g_session.obj
 0001:0007fba0       _G_SpawnString             10080ba0 f   g_spawn.obj
 0001:0007fc30       _G_SpawnFloat              10080c30 f   g_spawn.obj
 0001:0007fc70       _G_SpawnInt                10080c70 f   g_spawn.obj
 0001:0007fcb0       _G_SpawnVector             10080cb0 f   g_spawn.obj
 0001:0007fd10       _G_InitSpawnQueue          10080d10 f   g_spawn.obj
 0001:0007fd90       _G_SyncMatchFactoryConfigToLevel 10080d90 f   g_spawn.obj
 0001:0007fdb0       _G_RequestClientSpawn      10080db0 f   g_spawn.obj
 0001:00080000       _G_SpawnEntitiesFromString 10081000 f   g_spawn.obj
 0001:00080060       _G_UpdateDisableLoadoutConfigstrings 10081060 f   g_spawn.obj
 0001:000800a0       _G_NewString               100810a0 f   g_spawn.obj
 0001:000804c0       _SP_item_botroam           100814c0 f   g_spawn.obj
 0001:000804d0       _G_CallSpawn               100814d0 f   g_spawn.obj
 0001:000805b0       _G_ParseField              100815b0 f   g_spawn.obj
 0001:000808c0       _G_SpawnGEntityFromSpawnVars 100818c0 f   g_spawn.obj
 0001:00080b70       _G_AddSpawnVarToken        10081b70 f   g_spawn.obj
 0001:00080bf0       _G_ParseSpawnVars          10081bf0 f   g_spawn.obj
 0001:00080d80       _SP_worldspawn             10081d80 f   g_spawn.obj
 0001:00081490       _ConsoleCommand            10082490 f   g_svcmds.obj
 0001:00081a70       _G_ProcessIPBans           10082a70 f   g_svcmds.obj
 0001:00081b50       _G_FilterPacket            10082b50 f   g_svcmds.obj
 0001:00082120       _Svcmd_AddIP_f             10083120 f   g_svcmds.obj
 0001:00082180       _Svcmd_RemoveIP_f          10083180 f   g_svcmds.obj
 0001:00082280       _Svcmd_EntityList_f        10083280 f   g_svcmds.obj
 0001:00082440       _ClientForString           10083440 f   g_svcmds.obj
 0001:000826c0       _Svcmd_ForceTeam_f         100836c0 f   g_svcmds.obj
 0001:00082950       _Svcmd_TeamSize_f          10083950 f   g_svcmds.obj
 0001:000829f0       _Cmd_CoinToss_f            100839f0 f   g_svcmds.obj
 0001:00082a80       _Cmd_RandomMap_f           10083a80 f   g_svcmds.obj
 0001:00082ac0       _trap_Printf               10083ac0 f   g_syscalls.obj
 0001:00082ae0       _trap_Error                10083ae0 f   g_syscalls.obj
 0001:00082b00       _trap_Milliseconds         10083b00 f   g_syscalls.obj
 0001:00082b10       _trap_Argc                 10083b10 f   g_syscalls.obj
 0001:00082b20       _trap_Argv                 10083b20 f   g_syscalls.obj
 0001:00082b40       _trap_FS_FOpenFile         10083b40 f   g_syscalls.obj
 0001:00082b60       _trap_FS_Read              10083b60 f   g_syscalls.obj
 0001:00082b80       _trap_FS_Write             10083b80 f   g_syscalls.obj
 0001:00082ba0       _trap_FS_FCloseFile        10083ba0 f   g_syscalls.obj
 0001:00082bc0       _trap_FS_GetFileList       10083bc0 f   g_syscalls.obj
 0001:00082be0       _trap_FS_Seek              10083be0 f   g_syscalls.obj
 0001:00082c00       _trap_SendConsoleCommand   10083c00 f   g_syscalls.obj
 0001:00082c20       _trap_Cvar_Register        10083c20 f   g_syscalls.obj
 0001:00082c40       _trap_Cvar_Update          10083c40 f   g_syscalls.obj
 0001:00082c60       _trap_Cvar_Set             10083c60 f   g_syscalls.obj
 0001:00082c80       _trap_Cvar_VariableIntegerValue 10083c80 f   g_syscalls.obj
 0001:00082ca0       _trap_Cvar_VariableStringBuffer 10083ca0 f   g_syscalls.obj
 0001:00082cc0       _trap_LocateGameData       10083cc0 f   g_syscalls.obj
 0001:00082cf0       _trap_DropClient           10083cf0 f   g_syscalls.obj
 0001:00082d10       _trap_SendServerCommand    10083d10 f   g_syscalls.obj
 0001:00082d30       _trap_SetConfigstring      10083d30 f   g_syscalls.obj
 0001:00082d50       _trap_GetConfigstring      10083d50 f   g_syscalls.obj
 0001:00082d70       _trap_GetUserinfo          10083d70 f   g_syscalls.obj
 0001:00082d90       _trap_SetUserinfo          10083d90 f   g_syscalls.obj
 0001:00082db0       _trap_GetServerinfo        10083db0 f   g_syscalls.obj
 0001:00082dd0       _trap_GetSteamId           10083dd0 f   g_syscalls.obj
 0001:00082e10       _trap_VerifySteamAuth      10083e10 f   g_syscalls.obj
 0001:00082e40       _trap_SubmitMatchReport    10083e40 f   g_syscalls.obj
 0001:00082e70       _trap_ReportPlayerEvent    10083e70 f   g_syscalls.obj
 0001:00082eb0       _trap_AddSteamStat         10083eb0 f   g_syscalls.obj
 0001:00082ef0       _trap_UnlockSteamAchievement 10083ef0 f   g_syscalls.obj
 0001:00082f20       _trap_HasSteamAchievement  10083f20 f   g_syscalls.obj
 0001:00082f70       _trap_RankActive           10083f70 f   g_syscalls.obj
 0001:00082fa0       _trap_RankBegin            10083fa0 f   g_syscalls.obj
 0001:00082fc0       _trap_RankCheckInit        10083fc0 f   g_syscalls.obj
 0001:00082ff0       _trap_RankPoll             10083ff0 f   g_syscalls.obj
 0001:00083010       _trap_RankUserStatus       10084010 f   g_syscalls.obj
 0001:00083030       _trap_RankUserReset        10084030 f   g_syscalls.obj
 0001:00083050       _trap_RankReportInt        10084050 f   g_syscalls.obj
 0001:00083090       _trap_RankReportStr        10084090 f   g_syscalls.obj
 0001:000830c0       _trap_SetBrushModel        100840c0 f   g_syscalls.obj
 0001:000830e0       _trap_Trace                100840e0 f   g_syscalls.obj
 0001:00083110       _trap_PointContents        10084110 f   g_syscalls.obj
 0001:00083130       _trap_InPVS                10084130 f   g_syscalls.obj
 0001:00083170       _trap_InPVSIgnorePortals   10084170 f   g_syscalls.obj
 0001:000831b0       _trap_AdjustAreaPortalState 100841b0 f   g_syscalls.obj
 0001:000831f0       _trap_AreasConnected       100841f0 f   g_syscalls.obj
 0001:00083230       _trap_LinkEntity           10084230 f   g_syscalls.obj
 0001:00083250       _trap_UnlinkEntity         10084250 f   g_syscalls.obj
 0001:00083270       _trap_EntitiesInBox        10084270 f   g_syscalls.obj
 0001:00083290       _trap_EntityContact        10084290 f   g_syscalls.obj
 0001:000832d0       _trap_BotAllocateClient    100842d0 f   g_syscalls.obj
 0001:000832e0       _trap_BotFreeClient        100842e0 f   g_syscalls.obj
 0001:00083300       _trap_GetUsercmd           10084300 f   g_syscalls.obj
 0001:00083320       _trap_GetEntityToken       10084320 f   g_syscalls.obj
 0001:00083360       _trap_DebugPolygonCreate   10084360 f   g_syscalls.obj
 0001:00083380       _trap_DebugPolygonDelete   10084380 f   g_syscalls.obj
 0001:000833a0       _trap_BotLibSetup          100843a0 f   g_syscalls.obj
 0001:000833c0       _trap_BotLibShutdown       100843c0 f   g_syscalls.obj
 0001:000833e0       _trap_BotLibVarSet         100843e0 f   g_syscalls.obj
 0001:00083400       _trap_BotLibVarGet         10084400 f   g_syscalls.obj
 0001:00083420       _trap_BotLibDefine         10084420 f   g_syscalls.obj
 0001:00083440       _trap_BotLibStartFrame     10084440 f   g_syscalls.obj
 0001:00083470       _trap_BotLibLoadMap        10084470 f   g_syscalls.obj
 0001:00083490       _trap_BotLibUpdateEntity   10084490 f   g_syscalls.obj
 0001:000834b0       _trap_BotLibTest           100844b0 f   g_syscalls.obj
 0001:000834e0       _trap_BotGetSnapshotEntity 100844e0 f   g_syscalls.obj
 0001:00083500       _trap_BotGetServerCommand  10084500 f   g_syscalls.obj
 0001:00083520       _trap_BotUserCommand       10084520 f   g_syscalls.obj
 0001:00083540       _trap_AAS_BBoxAreas        10084540 f   g_syscalls.obj
 0001:00083570       _trap_AAS_AreaInfo         10084570 f   g_syscalls.obj
 0001:00083590       _trap_AAS_EntityInfo       10084590 f   g_syscalls.obj
 0001:000835b0       _trap_AAS_Initialized      100845b0 f   g_syscalls.obj
 0001:000835d0       _trap_AAS_PresenceTypeBoundingBox 100845d0 f   g_syscalls.obj
 0001:000835f0       _trap_AAS_Time             100845f0 f   g_syscalls.obj
 0001:00083630       _trap_AAS_PointAreaNum     10084630 f   g_syscalls.obj
 0001:00083650       _trap_AAS_PointReachabilityAreaIndex 10084650 f   g_syscalls.obj
 0001:00083670       _trap_AAS_TraceAreas       10084670 f   g_syscalls.obj
 0001:000836a0       _trap_AAS_PointContents    100846a0 f   g_syscalls.obj
 0001:000836c0       _trap_AAS_NextBSPEntity    100846c0 f   g_syscalls.obj
 0001:000836e0       _trap_AAS_ValueForBSPEpairKey 100846e0 f   g_syscalls.obj
 0001:00083710       _trap_AAS_VectorForBSPEpairKey 10084710 f   g_syscalls.obj
 0001:00083730       _trap_AAS_FloatForBSPEpairKey 10084730 f   g_syscalls.obj
 0001:00083750       _trap_AAS_IntForBSPEpairKey 10084750 f   g_syscalls.obj
 0001:00083770       _trap_AAS_AreaReachability 10084770 f   g_syscalls.obj
 0001:00083790       _trap_AAS_AreaTravelTimeToGoalArea 10084790 f   g_syscalls.obj
 0001:000837c0       _trap_AAS_EnableRoutingArea 100847c0 f   g_syscalls.obj
 0001:000837e0       _trap_AAS_PredictRoute     100847e0 f   g_syscalls.obj
 0001:00083820       _trap_AAS_AlternativeRouteGoals 10084820 f   g_syscalls.obj
 0001:00083860       _trap_AAS_Swimming         10084860 f   g_syscalls.obj
 0001:00083880       _trap_AAS_PredictClientMovement 10084880 f   g_syscalls.obj
 0001:000838e0       _trap_EA_Say               100848e0 f   g_syscalls.obj
 0001:00083900       _trap_EA_SayTeam           10084900 f   g_syscalls.obj
 0001:00083920       _trap_EA_Command           10084920 f   g_syscalls.obj
 0001:00083940       _trap_EA_Action            10084940 f   g_syscalls.obj
 0001:00083960       _trap_EA_Gesture           10084960 f   g_syscalls.obj
 0001:00083980       _trap_EA_Talk              10084980 f   g_syscalls.obj
 0001:000839a0       _trap_EA_Attack            100849a0 f   g_syscalls.obj
 0001:000839c0       _trap_EA_Use               100849c0 f   g_syscalls.obj
 0001:000839e0       _trap_EA_Respawn           100849e0 f   g_syscalls.obj
 0001:00083a00       _trap_EA_Crouch            10084a00 f   g_syscalls.obj
 0001:00083a20       _trap_EA_MoveUp            10084a20 f   g_syscalls.obj
 0001:00083a40       _trap_EA_MoveDown          10084a40 f   g_syscalls.obj
 0001:00083a60       _trap_EA_MoveForward       10084a60 f   g_syscalls.obj
 0001:00083a80       _trap_EA_MoveBack          10084a80 f   g_syscalls.obj
 0001:00083aa0       _trap_EA_MoveLeft          10084aa0 f   g_syscalls.obj
 0001:00083ac0       _trap_EA_MoveRight         10084ac0 f   g_syscalls.obj
 0001:00083ae0       _trap_EA_SelectWeapon      10084ae0 f   g_syscalls.obj
 0001:00083b00       _trap_EA_Jump              10084b00 f   g_syscalls.obj
 0001:00083b20       _trap_EA_DelayedJump       10084b20 f   g_syscalls.obj
 0001:00083b40       _trap_EA_Move              10084b40 f   g_syscalls.obj
 0001:00083b70       _trap_EA_View              10084b70 f   g_syscalls.obj
 0001:00083b90       _trap_EA_EndRegular        10084b90 f   g_syscalls.obj
 0001:00083bc0       _trap_EA_GetInput          10084bc0 f   g_syscalls.obj
 0001:00083bf0       _trap_EA_ResetInput        10084bf0 f   g_syscalls.obj
 0001:00083c10       _trap_BotLoadCharacter     10084c10 f   g_syscalls.obj
 0001:00083c40       _trap_BotFreeCharacter     10084c40 f   g_syscalls.obj
 0001:00083c60       _trap_Characteristic_Float 10084c60 f   g_syscalls.obj
 0001:00083cb0       _trap_Characteristic_BFloat 10084cb0 f   g_syscalls.obj
 0001:00083d40       _trap_Characteristic_Integer 10084d40 f   g_syscalls.obj
 0001:00083d60       _trap_Characteristic_BInteger 10084d60 f   g_syscalls.obj
 0001:00083d90       _trap_Characteristic_String 10084d90 f   g_syscalls.obj
 0001:00083dc0       _trap_BotAllocChatState    10084dc0 f   g_syscalls.obj
 0001:00083de0       _trap_BotFreeChatState     10084de0 f   g_syscalls.obj
 0001:00083e00       _trap_BotQueueConsoleMessage 10084e00 f   g_syscalls.obj
 0001:00083e20       _trap_BotRemoveConsoleMessage 10084e20 f   g_syscalls.obj
 0001:00083e40       _trap_BotNextConsoleMessage 10084e40 f   g_syscalls.obj
 0001:00083e60       _trap_BotNumConsoleMessages 10084e60 f   g_syscalls.obj
 0001:00083e80       _trap_BotInitialChat       10084e80 f   g_syscalls.obj
 0001:00083ec0       _trap_BotNumInitialChats   10084ec0 f   g_syscalls.obj
 0001:00083ee0       _trap_BotReplyChat         10084ee0 f   g_syscalls.obj
 0001:00083f30       _trap_BotChatLength        10084f30 f   g_syscalls.obj
 0001:00083f50       _trap_BotEnterChat         10084f50 f   g_syscalls.obj
 0001:00083f70       _trap_BotGetChatMessage    10084f70 f   g_syscalls.obj
 0001:00083f90       _trap_StringContains       10084f90 f   g_syscalls.obj
 0001:00083fb0       _trap_BotFindMatch         10084fb0 f   g_syscalls.obj
 0001:00083fd0       _trap_BotMatchVariable     10084fd0 f   g_syscalls.obj
 0001:00084000       _trap_UnifyWhiteSpaces     10085000 f   g_syscalls.obj
 0001:00084020       _trap_BotReplaceSynonyms   10085020 f   g_syscalls.obj
 0001:00084040       _trap_BotLoadChatFile      10085040 f   g_syscalls.obj
 0001:00084060       _trap_BotSetChatGender     10085060 f   g_syscalls.obj
 0001:00084080       _trap_BotSetChatName       10085080 f   g_syscalls.obj
 0001:000840a0       _trap_BotResetGoalState    100850a0 f   g_syscalls.obj
 0001:000840c0       _trap_BotRemoveFromAvoidGoals 100850c0 f   g_syscalls.obj
 0001:000840e0       _trap_BotResetAvoidGoals   100850e0 f   g_syscalls.obj
 0001:00084100       _trap_BotPushGoal          10085100 f   g_syscalls.obj
 0001:00084120       _trap_BotPopGoal           10085120 f   g_syscalls.obj
 0001:00084140       _trap_BotEmptyGoalStack    10085140 f   g_syscalls.obj
 0001:00084160       _trap_BotDumpAvoidGoals    10085160 f   g_syscalls.obj
 0001:00084180       _trap_BotDumpGoalStack     10085180 f   g_syscalls.obj
 0001:000841a0       _trap_BotGoalName          100851a0 f   g_syscalls.obj
 0001:000841c0       _trap_BotGetTopGoal        100851c0 f   g_syscalls.obj
 0001:000841e0       _trap_BotGetSecondGoal     100851e0 f   g_syscalls.obj
 0001:00084200       _trap_BotChooseLTGItem     10085200 f   g_syscalls.obj
 0001:00084230       _trap_BotChooseNBGItem     10085230 f   g_syscalls.obj
 0001:00084270       _trap_BotTouchingGoal      10085270 f   g_syscalls.obj
 0001:00084290       _trap_BotItemGoalInVisButNotVisible 10085290 f   g_syscalls.obj
 0001:000842c0       _trap_BotGetNextCampSpotGoal 100852c0 f   g_syscalls.obj
 0001:000842e0       _trap_BotGetMapLocationGoal 100852e0 f   g_syscalls.obj
 0001:00084300       _trap_BotGetLevelItemGoal  10085300 f   g_syscalls.obj
 0001:00084320       _trap_BotAvoidGoalTime     10085320 f   g_syscalls.obj
 0001:00084370       _trap_BotSetAvoidGoalTime  10085370 f   g_syscalls.obj
 0001:000843a0       _trap_BotInitLevelItems    100853a0 f   g_syscalls.obj
 0001:000843c0       _trap_BotUpdateEntityItems 100853c0 f   g_syscalls.obj
 0001:000843e0       _trap_BotLoadItemWeights   100853e0 f   g_syscalls.obj
 0001:00084400       _trap_BotFreeItemWeights   10085400 f   g_syscalls.obj
 0001:00084420       _trap_BotInterbreedGoalFuzzyLogic 10085420 f   g_syscalls.obj
 0001:00084440       _trap_BotSaveGoalFuzzyLogic 10085440 f   g_syscalls.obj
 0001:00084460       _trap_BotMutateGoalFuzzyLogic 10085460 f   g_syscalls.obj
 0001:00084490       _trap_BotAllocGoalState    10085490 f   g_syscalls.obj
 0001:000844b0       _trap_BotFreeGoalState     100854b0 f   g_syscalls.obj
 0001:000844d0       _trap_BotResetMoveState    100854d0 f   g_syscalls.obj
 0001:000844f0       _trap_BotMoveToGoal        100854f0 f   g_syscalls.obj
 0001:00084520       _trap_BotMoveInDirection   10085520 f   g_syscalls.obj
 0001:00084560       _trap_BotResetAvoidReach   10085560 f   g_syscalls.obj
 0001:00084580       _trap_BotResetLastAvoidReach 10085580 f   g_syscalls.obj
 0001:000845a0       _trap_BotReachabilityArea  100855a0 f   g_syscalls.obj
 0001:000845c0       _trap_BotMovementViewTarget 100855c0 f   g_syscalls.obj
 0001:00084600       _trap_BotPredictVisiblePosition 10085600 f   g_syscalls.obj
 0001:00084630       _trap_BotAllocMoveState    10085630 f   g_syscalls.obj
 0001:00084650       _trap_BotFreeMoveState     10085650 f   g_syscalls.obj
 0001:00084670       _trap_BotInitMoveState     10085670 f   g_syscalls.obj
 0001:00084690       _trap_BotAddAvoidSpot      10085690 f   g_syscalls.obj
 0001:000846d0       _trap_BotChooseBestFightWeapon 100856d0 f   g_syscalls.obj
 0001:000846f0       _trap_BotGetWeaponInfo     100856f0 f   g_syscalls.obj
 0001:00084710       _trap_BotLoadWeaponWeights 10085710 f   g_syscalls.obj
 0001:00084730       _trap_BotAllocWeaponState  10085730 f   g_syscalls.obj
 0001:00084750       _trap_BotFreeWeaponState   10085750 f   g_syscalls.obj
 0001:00084770       _trap_BotResetWeaponState  10085770 f   g_syscalls.obj
 0001:00084790       _trap_GeneticParentsAndChildSelection 10085790 f   g_syscalls.obj
 0001:000847c0       _trap_SnapVector           100857c0 f   g_syscalls.obj
 0001:00085050       _dllEntry                  10086050 f   g_syscalls.obj
 0001:00085090       _PASSFLOAT                 10086090 f   g_syscalls.obj
 0001:000850b0       _trap_TraceCapsule         100860b0 f   g_syscalls.obj
 0001:000850e0       _trap_EntityContactCapsule 100860e0 f   g_syscalls.obj
 0001:00085120       _trap_RealTime             10086120 f   g_syscalls.obj
 0001:00085140       _trap_PC_LoadSource        10086140 f   g_syscalls.obj
 0001:00085160       _trap_PC_FreeSource        10086160 f   g_syscalls.obj
 0001:00085180       _trap_PC_ReadToken         10086180 f   g_syscalls.obj
 0001:000851a0       _trap_PC_SourceFileAndLine 100861a0 f   g_syscalls.obj
 0001:000851c0       _Use_Target_Give           100861c0 f   g_target.obj
 0001:00085280       _SP_target_give            10086280 f   g_target.obj
 0001:000852a0       _Use_target_remove_powerups 100862a0 f   g_target.obj
 0001:00085320       _SP_target_remove_powerups 10086320 f   g_target.obj
 0001:00085370       _SP_target_remove_keys     10086370 f   g_target.obj
 0001:00085390       _Think_Target_Delay        10086390 f   g_target.obj
 0001:000853b0       _Use_Target_Delay          100863b0 f   g_target.obj
 0001:00085460       _SP_target_delay           10086460 f   g_target.obj
 0001:00085540       _SP_target_cvar            10086540 f   g_target.obj
 0001:00085570       _Use_Target_Score          10086570 f   g_target.obj
 0001:000855a0       _SP_target_score           100865a0 f   g_target.obj
 0001:000855d0       _Use_Target_Print          100865d0 f   g_target.obj
 0001:000856c0       _SP_target_print           100866c0 f   g_target.obj
 0001:000856e0       _Use_Target_Speaker        100866e0 f   g_target.obj
 0001:00085790       _SP_target_speaker         10086790 f   g_target.obj
 0001:000859b0       _target_laser_think        100869b0 f   g_target.obj
 0001:00085e00       _target_laser_on           10086e00 f   g_target.obj
 0001:00085e30       _target_laser_off          10086e30 f   g_target.obj
 0001:00085e50       _target_laser_use          10086e50 f   g_target.obj
 0001:00085e90       _target_laser_start        10086e90 f   g_target.obj
 0001:00085f90       _SP_target_laser           10086f90 f   g_target.obj
 0001:00085fc0       _target_teleporter_use     10086fc0 f   g_target.obj
 0001:00086020       _SP_target_teleporter      10087020 f   g_target.obj
 0001:00086070       _target_relay_use          10087070 f   g_target.obj
 0001:00086140       _SP_target_relay           10087140 f   g_target.obj
 0001:00086160       _target_kill_use           10087160 f   g_target.obj
 0001:00086190       _SP_target_kill            10087190 f   g_target.obj
 0001:000861b0       _SP_target_position        100871b0 f   g_target.obj
 0001:000862c0       _SP_target_location        100872c0 f   g_target.obj
 0001:00086380       _SP_target_achievement     10087380 f   g_target.obj
 0001:00086470       _G_ADResolveRoundState     10087470 f   g_team.obj
 0001:000864d0       _G_ADHandleDamageScore     100874d0 f   g_team.obj
 0001:00086630       _G_ADCheckExitRules        10087630 f   g_team.obj
 0001:00086880       _AD_RoundStateTransition   10087880 f   g_team.obj
 0001:00086d30       _G_ADResolveAttackingTeam  10087d30 f   g_team.obj
 0001:00086d60       _G_ADResolveDefendingTeam  10087d60 f   g_team.obj
 0001:00086d90       _G_ADNotifyLastAlivePlayer 10087d90 f   g_team.obj
 0001:00086e50       _G_CANotifyLastAlivePlayer 10087e50 f   g_team.obj
 0001:00086f10       _G_FreezeNotifyLastAlivePlayer 10087f10 f   g_team.obj
 0001:00086fd0       _G_RRNotifyLastAlivePlayer 10087fd0 f   g_team.obj
 0001:00087090       _G_BroadcastGlobalTeamSound 10088090 f   g_team.obj
 0001:00087110       _G_ADResetScoreHistory     10088110 f   g_team.obj
 0001:000871c0       _G_ADUpdateScoreHistory    100881c0 f   g_team.obj
 0001:000872e0       _G_CAADRespawnAsSpectator  100882e0 f   g_team.obj
 0001:00087500       _G_CAADResetClientForRound 10088500 f   g_team.obj
 0001:00087600       _G_CanClientSeeClient      10088600 f   g_team.obj
 0001:000876c0       _G_ClientsOnSameTeam       100886c0 f   g_team.obj
 0001:00087730       _G_ClientNumsOnSameTeam    10088730 f   g_team.obj
 0001:00087760       _G_AreEnemyClients         10088760 f   g_team.obj
 0001:000877f0       _G_ShouldSuppressVoiceToClient 100887f0 f   g_team.obj
 0001:000878f0       _G_IsObjectiveEntity       100888f0 f   g_team.obj
 0001:000879d0       _G_IsClientSpectator       100889d0 f   g_team.obj
 0001:00087a10       _G_IsClientAdmin           10088a10 f   g_team.obj
 0001:00087a50       _G_GetClientScore          10088a50 f   g_team.obj
 0001:00087a90       _G_CountActivePlayersByTeam 10088a90 f   g_team.obj
 0001:00087b30       _G_CountConnectedClientsByTeam 10088b30 f   g_team.obj
 0001:00087bc0       _OnSameTeam                10088bc0 f   g_team.obj
 0001:00087c00       _Team_CheckDroppedItem     10088c00 f   g_team.obj
 0001:00087c60       _G_TossFlag                10088c60 f   g_team.obj
 0001:00087e30       _CheckObeliskAttack        10088e30 f   g_team.obj
 0001:00087f30       _AddTeamScore              10088f30 f   g_team.obj
 0001:000880a0       _Team_RunDomination        100890a0 f   g_team.obj
 0001:000881f0       _Team_RegisterDominationPoint 100891f0 f   g_team.obj
 0001:000883d0       _Team_RegisterDominationTrigger 100893d0 f   g_team.obj
 0001:000884d0       _Team_DominationPointTouch 100894d0 f   g_team.obj
 0001:00088600       _Team_SelectDominationSpawnPoint 10089600 f   g_team.obj
 0001:000887b0       _Team_ReturnFlag           100897b0 f   g_team.obj
 0001:00088800       _Team_FreeEntity           10089800 f   g_team.obj
 0001:00088860       _SelectCTFSpawnPoint       10089860 f   g_team.obj
 0001:000889c0       _Team_GetLocation          100899c0 f   g_team.obj
 0001:00088ba0       _Team_GetLocationMsg       10089ba0 f   g_team.obj
 0001:00088c60       _TeamplayInfoMessage       10089c60 f   g_team.obj
 0001:00088fb0       _CheckTeamStatus           10089fb0 f   g_team.obj
 0001:00089120       _Team_HasMinimumPlayersForWarmup 1008a120 f   g_team.obj
 0001:000891e0       _Team_UpdateAutoShuffleState 1008a1e0 f   g_team.obj
 0001:00089340       _Team_ClampWarmupToShuffleCountdown 1008a340 f   g_team.obj
 0001:000893d0       _Team_GetRespawnRatioForTeam 1008a3d0 f   g_team.obj
 0001:00089440       _Team_IsAutoShuffleArmed   1008a440 f   g_team.obj
 0001:00089450       _OtherTeam                 1008a450 f   g_team.obj
 0001:00089480       _TeamName                  1008a480 f   g_team.obj
 0001:000894c0       _OtherTeamName             1008a4c0 f   g_team.obj
 0001:00089500       _TeamColorString           1008a500 f   g_team.obj
 0001:00089530       _Team_DroppedFlagThink     1008a530 f   g_team.obj
 0001:00089600       _Team_FragBonuses          1008a600 f   g_team.obj
 0001:0008a080       _Team_CheckHurtCarrier     1008b080 f   g_team.obj
 0001:0008a170       _Team_InitGame             1008b170 f   g_team.obj
 0001:0008a260       _Pickup_Team               1008b260 f   g_team.obj
 0001:0008a3f0       _G_ADAwardBonus            1008b3f0 f   g_team.obj
[...]
 0003:0001f433       $SG15761                   100c8433     bg_misc.obj
 0003:0001f434       $SG15762                   100c8434     bg_misc.obj
 0003:0001f435       $SG15768                   100c8435     bg_misc.obj
 0003:0001f436       $SG15769                   100c8436     bg_misc.obj
 0003:0001f437       $SG15776                   100c8437     bg_misc.obj
 0003:0001f438       $SG15784                   100c8438     bg_misc.obj
 0003:0001f439       $SG15792                   100c8439     bg_misc.obj
 0003:0001f43a       $SG15800                   100c843a     bg_misc.obj
 0003:0001f43b       $SG15801                   100c843b     bg_misc.obj
 0003:0001f43c       $SG15808                   100c843c     bg_misc.obj
 0003:0001f43d       $SG15809                   100c843d     bg_misc.obj
 0003:0001f43e       $SG15816                   100c843e     bg_misc.obj
 0003:0001f43f       $SG15824                   100c843f     bg_misc.obj
 0003:0001f440       $SG15831                   100c8440     bg_misc.obj
 0003:0001f441       $SG15832                   100c8441     bg_misc.obj
 0003:0001f442       $SG15838                   100c8442     bg_misc.obj
 0003:0001f443       $SG15839                   100c8443     bg_misc.obj
 0003:0001f444       $SG15845                   100c8444     bg_misc.obj
 0003:0001f445       $SG15852                   100c8445     bg_misc.obj
 0003:0001f446       $SG15853                   100c8446     bg_misc.obj
 0003:0001f447       $SG15859                   100c8447     bg_misc.obj
 0003:0001f448       $SG15860                   100c8448     bg_misc.obj
 0003:0001f449       $SG15866                   100c8449     bg_misc.obj
 0003:0001f44a       $SG15867                   100c844a     bg_misc.obj
 0003:0001f44b       $SG15873                   100c844b     bg_misc.obj
 0003:0001f44c       $SG15874                   100c844c     bg_misc.obj
 0003:0001f44d       $SG15880                   100c844d     bg_misc.obj
 0003:0001f44e       $SG15881                   100c844e     bg_misc.obj
 0003:0001f44f       $SG15887                   100c844f     bg_misc.obj
 0003:0001f450       $SG15888                   100c8450     bg_misc.obj
 0003:0001f451       $SG15894                   100c8451     bg_misc.obj
 0003:0001f452       $SG15895                   100c8452     bg_misc.obj
 0003:0001f453       $SG15901                   100c8453     bg_misc.obj
 0003:0001f454       $SG15902                   100c8454     bg_misc.obj
 0003:0001f455       $SG15908                   100c8455     bg_misc.obj
 0003:0001f456       $SG15909                   100c8456     bg_misc.obj
 0003:0001f457       $SG15915                   100c8457     bg_misc.obj
 0003:0001f458       $SG15916                   100c8458     bg_misc.obj
 0003:0001f459       $SG15922                   100c8459     bg_misc.obj
 0003:0001f45a       $SG15923                   100c845a     bg_misc.obj
 0003:0001f45b       $SG15929                   100c845b     bg_misc.obj
 0003:0001f45c       $SG15930                   100c845c     bg_misc.obj
 0003:0001f45d       $SG15936                   100c845d     bg_misc.obj
 0003:0001f45e       $SG15937                   100c845e     bg_misc.obj
 0003:0001f45f       $SG15943                   100c845f     bg_misc.obj
 0003:0001f460       $SG15950                   100c8460     bg_misc.obj
 0003:0001f461       $SG15955                   100c8461     bg_misc.obj
 0003:0001f462       $SG15956                   100c8462     bg_misc.obj
 0003:0001f463       $SG15962                   100c8463     bg_misc.obj
 0003:0001f464       $SG15963                   100c8464     bg_misc.obj
 0003:0001f465       $SG15969                   100c8465     bg_misc.obj
 0003:0001f466       $SG15970                   100c8466     bg_misc.obj
 0003:0001f467       $SG15976                   100c8467     bg_misc.obj
 0003:0001f468       $SG15977                   100c8468     bg_misc.obj
 0003:0001f469       $SG15983                   100c8469     bg_misc.obj
 0003:0001f46a       $SG15984                   100c846a     bg_misc.obj
 0003:0001f46b       $SG15990                   100c846b     bg_misc.obj
 0003:0001f46c       $SG15991                   100c846c     bg_misc.obj
 0003:0001f46d       $SG15997                   100c846d     bg_misc.obj
 0003:0001f46e       $SG15998                   100c846e     bg_misc.obj
 0003:0001f490       _pm_jumpTakeoffVelocity    100c8490     bg_pmove.obj
 0003:0001f494       _pm_jumpTakeoffDoubleJumpActive 100c8494     bg_pmove.obj
 0003:0001f498       _pm_jumpTakeoffChainJumpActive 100c8498     bg_pmove.obj
 0003:0001f49c       _pm_jumpTakeoffRampJumpActive 100c849c     bg_pmove.obj
 0003:0001f4a0       _g_autoShuffleCountdownGuard 100c84a0     g_autoshuffle.obj
 0003:0001f4a4       _g_autoShuffleCountdownComplete 100c84a4     g_autoshuffle.obj
 0003:0001f4a8       _g_lagHaxHistoryHeads      100c84a8     g_active.obj
 0003:0001f5a8       _g_lagHaxSaved             100c85a8     g_active.obj
 0003:0001ffa8       _g_numBots                 100c8fa8     g_bot.obj
 0003:0001ffac       $SG19775                   100c8fac     g_bot.obj
 0003:0001ffad       $SG19938                   100c8fad     g_bot.obj
 0003:0001ffae       $SG20180                   100c8fae     g_bot.obj
 0003:0001ffb0       _g_botInfos                100c8fb0     g_bot.obj
 0003:00020fb0       _g_arenaInfos              100c9fb0     g_bot.obj
 0003:00021fb0       _botSpawnQueue             100cafb0     g_bot.obj
 0003:00022030       ?checkminimumplayers_time@?1??G_CheckMinimumPlayers@@9@9 100cb030     g_bot.obj
 0003:00022034       $SG20489                   100cb034     g_client.obj
 0003:00022035       $SG20685                   100cb035     g_client.obj
 0003:00022036       $SG20692                   100cb036     g_client.obj
 0003:00022037       $SG20882                   100cb037     g_client.obj
 0003:00022038       $SG21228                   100cb038     g_cmds.obj
 0003:00022040       ?line@?1??ConcatArgs@@9@9  100cb040     g_cmds.obj
 0003:00022440       ?deathAnimIndex@?CM@??player_die@@9@9 100cb440     g_combat.obj
 0003:00022444       ?lastTrainingComplaintTime@?CP@??G_Damage@@9@9 100cb444     g_combat.obj
 0003:00022448       _g_spawnItemPowerupSpots   100cb448     g_items.obj
 0003:00022458       _g_weaponRespawnLegacy     100cb458     g_main.obj
 0003:00022568       _g_damageGauntletLegacy    100cb568     g_main.obj
 0003:00022678       $SG20247                   100cb678     g_main.obj
 0003:00022679       $SG20255                   100cb679     g_main.obj
 0003:0002267a       $SG20262                   100cb67a     g_main.obj
 0003:0002267b       $SG20463                   100cb67b     g_main.obj
 0003:0002267c       $SG20465                   100cb67c     g_main.obj
 0003:0002267d       $SG20489                   100cb67d     g_main.obj
 0003:0002267e       $SG20495                   100cb67e     g_main.obj
 0003:0002267f       $SG20498                   100cb67f     g_main.obj
 0003:00022680       $SG20516                   100cb680     g_main.obj
 0003:00022681       $SG20555                   100cb681     g_main.obj
 0003:00022682       $SG20558                   100cb682     g_main.obj
 0003:00022683       $SG20632                   100cb683     g_main.obj
 0003:00022684       $SG20683                   100cb684     g_main.obj
 0003:00022685       $SG20703                   100cb685     g_main.obj
 0003:00022686       $SG20706                   100cb686     g_main.obj
 0003:00022687       $SG20905                   100cb687     g_main.obj
 0003:00022688       $SG19769                   100cb688     g_main.obj
 0003:00022689       $SG20181                   100cb689     g_main.obj
 0003:0002268a       $SG21885                   100cb68a     g_main.obj
 0003:0002268b       $SG21887                   100cb68b     g_main.obj
 0003:0002268c       _g_qlr_frame_ctx           100cb68c     g_main.obj
 0003:00022690       _s_itemTimersModCount      100cb690     g_main.obj
 0003:00022694       _s_itemHeightModCount      100cb694     g_main.obj
 0003:00022698       _s_disableLoadoutModCount  100cb698     g_main.obj
 0003:0002269c       _s_factoryModCount         100cb69c     g_main.obj
 0003:000226a0       _s_rulesetModCount         100cb6a0     g_main.obj
 0003:000226a4       _s_roundWarmupDelayModCount 100cb6a4     g_main.obj
 0003:000226a8       _s_teamSizeMinModCount     100cb6a8     g_main.obj
 0003:000226ac       $SG22157                   100cb6ac     g_main.obj
 0003:000226ad       $SG22268                   100cb6ad     g_main.obj
 0003:000226ae       $SG23467                   100cb6ae     g_main.obj
 0003:000226af       $SG23803                   100cb6af     g_main.obj
 0003:000226b0       _s_worldspawnAtmosphere    100cb6b0     g_main.obj
 0003:000226f0       _s_lastForcedCosmeticsPayload 100cb6f0     g_main.obj
 0003:00022af0       _s_serverSettingsInfoPayloadA 100cbaf0     g_main.obj
 0003:00022ef0       _s_serverSettingsInfoPayloadB 100cbef0     g_main.obj
 0003:000232f0       _s_weaponReloadPayload     100cc2f0     g_main.obj
 0003:000236f0       _s_playerAppearancePayload 100cc6f0     g_main.obj
 0003:00023af0       _s_gameStateBuffer         100ccaf0     g_main.obj
 0003:00023b00       _s_dominationCaptureTimePayload 100ccb00     g_main.obj
 0003:00023b20       _s_rrInfectedSurvivorPingRatePayload 100ccb20     g_main.obj
 0003:00023b40       _s_customSettingsPayload   100ccb40     g_main.obj
 0003:00023f40       _s_lastCustomSettingsMask  100ccf40     g_main.obj
 0003:00023f48       _matchFlow_lastConfig      100ccf48     g_main.obj
 0003:00023f80       $SG23854                   100ccf80     g_main.obj
 0003:00023f81       $SG24014                   100ccf81     g_main.obj
 0003:00023f82       $SG24245                   100ccf82     g_main.obj
 0003:00023f83       $SG24246                   100ccf83     g_main.obj
 0003:00023f84       $SG24247                   100ccf84     g_main.obj
 0003:00023f85       $SG24248                   100ccf85     g_main.obj
 0003:00023f86       $SG24249                   100ccf86     g_main.obj
 0003:00023f87       $SG24251                   100ccf87     g_main.obj
 0003:00023f88       $SG24252                   100ccf88     g_main.obj
 0003:00023f8c       _s_nextTeamCountConfigstringUpdateTime 100ccf8c     g_match_state.obj
 0003:00023f90       $SG19851                   100ccf90     g_match_state.obj
 0003:00023f98       _memoryPool                100ccf98     g_mem.obj
 0003:00063f98       _allocPoint                1010cf98     g_mem.obj
 0003:00063f9c       $SG19737                   1010cf9c     g_misc.obj
 0003:00063f9d       $SG19788                   1010cf9d     g_misc.obj
 0003:00063f9e       $SG19793                   1010cf9e     g_misc.obj
 0003:00063f9f       $SG19804                   1010cf9f     g_misc.obj
 0003:00063fa0       $SG19730                   1010cfa0     g_session.obj
 0003:00063fa1       $SG19836                   1010cfa1     g_spawn.obj
 0003:00063fa2       $SG19837                   1010cfa2     g_spawn.obj
 0003:00063fa3       $SG19842                   1010cfa3     g_spawn.obj
 0003:00063fa4       $SG20370                   1010cfa4     g_spawn.obj
 0003:00063fa5       $SG20429                   1010cfa5     g_spawn.obj
 0003:00063fa6       $SG20436                   1010cfa6     g_spawn.obj
 0003:00063fa7       $SG20438                   1010cfa7     g_spawn.obj
 0003:00063fa8       $SG20440                   1010cfa8     g_spawn.obj
 0003:00063fa9       $SG20442                   1010cfa9     g_spawn.obj
 0003:00063faa       $SG20444                   1010cfaa     g_spawn.obj
 0003:00063fab       $SG20462                   1010cfab     g_spawn.obj
 0003:00063fac       $SG20467                   1010cfac     g_spawn.obj
 0003:00063fad       $SG20468                   1010cfad     g_spawn.obj
 0003:00063fb0       _ipFilters                 1010cfb0     g_svcmds.obj
 0003:00065fb0       _numIPFilters              1010efb0     g_svcmds.obj
 0003:00065fb4       _g_imports                 1010efb4     g_syscalls.obj
 0003:00065fb8       _s_teamAutoShuffleArmed    1010efb8     g_team.obj
 0003:00065fbc       $SG21621                   1010efbc     g_team.obj
 0003:00065fc4       $SG19763                   1010efc4     g_utils.obj
 0003:00065fc5       $SG20034                   1010efc5     g_utils.obj
 0003:00065fc6       $SG20056                   1010efc6     g_utils.obj
 0003:00065fc8       ?buff@?1??BuildShaderStateConfig@@9@9 1010efc8     g_utils.obj
 0003:00066fc8       ?index@?1??tv@@9@9         1010ffc8     g_utils.obj
 0003:00066fcc       ?index@?1??vtos@@9@9       1010ffcc     g_utils.obj
 0003:00066fd0       ?vecs@?1??tv@@9@9          1010ffd0     g_utils.obj
 0003:00067030       ?str@?1??vtos@@9@9         10110030     g_utils.obj
 0003:00067130       _s_factoryList             10110130     g_factory.obj
 0003:00067134       _s_activeFactory           10110134     g_factory.obj
 0003:00067138       _s_factoryCount            10110138     g_factory.obj
 0003:0006713c       $SG19829                   1011013c     g_factory.obj
 0003:0006713d       $SG19831                   1011013d     g_factory.obj
 0003:0006713e       $SG20133                   1011013e     g_factory.obj
 0003:0006713f       $SG20135                   1011013f     g_factory.obj
 0003:00067140       $SG20220                   10110140     g_factory.obj
 0003:00067141       $SG20257                   10110141     g_factory.obj
 0003:00067142       $SG20264                   10110142     g_factory.obj
 0003:00067148       _g_raceScores              10110148     g_race.obj
 0003:00067548       _g_raceInfo                10110548     g_race.obj
 0003:00067948       $SG19784                   10110948     g_race.obj
 0003:00067949       $SG19788                   10110949     g_race.obj
 0003:00067950       _g_pmove_airAccel_cvar     10110950     g_pmove.obj
 0003:00067a60       _g_pmove_airControl_cvar   10110a60     g_pmove.obj
 0003:00067b70       _g_pmove_airStepFriction_cvar 10110b70     g_pmove.obj
 0003:00067c80       _g_pmove_airSteps_cvar     10110c80     g_pmove.obj
 0003:00067d90       _g_pmove_airStopAccel_cvar 10110d90     g_pmove.obj
 0003:00067ea0       _g_pmove_autoHop_cvar      10110ea0     g_pmove.obj
 0003:00067fb0       _g_pmove_bunnyHop_cvar     10110fb0     g_pmove.obj
 0003:000680c0       _g_pmove_chainJump_cvar    101110c0     g_pmove.obj
 0003:000681d0       _g_pmove_chainJumpVelocity_cvar 101111d0     g_pmove.obj
 0003:000682e0       _g_pmove_circleStrafeFriction_cvar 101112e0     g_pmove.obj
 0003:000683f0       _g_pmove_crouchSlide_cvar  101113f0     g_pmove.obj
 0003:00068500       _g_pmove_crouchSlideFriction_cvar 10111500     g_pmove.obj
 0003:00068610       _g_pmove_crouchSlideTime_cvar 10111610     g_pmove.obj
 0003:00068720       _g_pmove_crouchStepJump_cvar 10111720     g_pmove.obj
 0003:00068830       _g_pmove_doubleJump_cvar   10111830     g_pmove.obj
 0003:00068940       _g_pmove_jumpTimeDeltaMin_cvar 10111940     g_pmove.obj
 0003:00068a50       _g_pmove_jumpVelocity_cvar 10111a50     g_pmove.obj
 0003:00068b60       _g_pmove_jumpVelocityMax_cvar 10111b60     g_pmove.obj
 0003:00068c70       _g_pmove_jumpVelocityScaleAdd_cvar 10111c70     g_pmove.obj
 0003:00068d80       _g_pmove_jumpVelocityTimeThreshold_cvar 10111d80     g_pmove.obj
 0003:00068e90       _g_pmove_jumpVelocityTimeThresholdOffset_cvar 10111e90     g_pmove.obj
 0003:00068fa0       _g_pmove_noPlayerClip_cvar 10111fa0     g_pmove.obj
 0003:000690b0       _g_pmove_rampJump_cvar     101120b0     g_pmove.obj
 0003:000691c0       _g_pmove_rampJumpScale_cvar 101121c0     g_pmove.obj
 0003:000692d0       _g_pmove_stepHeight_cvar   101122d0     g_pmove.obj
 0003:000693e0       _g_pmove_stepJump_cvar     101123e0     g_pmove.obj
 0003:000694f0       _g_pmove_stepJumpVelocity_cvar 101124f0     g_pmove.obj
 0003:00069600       _g_pmove_strafeAccel_cvar  10112600     g_pmove.obj
 0003:00069710       _g_pmove_velocityGh_cvar   10112710     g_pmove.obj
 0003:00069820       _g_pmove_walkAccel_cvar    10112820     g_pmove.obj
 0003:00069930       _g_pmove_walkFriction_cvar 10112930     g_pmove.obj
 0003:00069a40       _g_pmove_waterSwimScale_cvar 10112a40     g_pmove.obj
 0003:00069b50       _g_pmove_waterWadeScale_cvar 10112b50     g_pmove.obj
 0003:00069c60       _g_pmove_weaponDropTime_cvar 10112c60     g_pmove.obj
 0003:00069d70       _g_pmove_weaponRaiseTime_cvar 10112d70     g_pmove.obj
 0003:00069e80       _g_pmove_wishSpeed_cvar    10112e80     g_pmove.obj
 0003:00069f90       _s_pmoveSettingsPayload    10112f90     g_pmove.obj
 0003:0006a390       $SG19950                   10113390     g_pmove.obj
 0003:0006a391       $SG19956                   10113391     g_pmove.obj
 0003:0006a392       $SG19974                   10113392     g_pmove.obj
 0003:0006a394       _g_pmoveWeaponReloadOverrides 10113394     g_pmove.obj
 0003:0006a3d0       $SG19744                   101133d0     g_vote.obj
 0003:0006a3d1       $SG19745                   101133d1     g_vote.obj
 0003:0006a3d2       $SG16707                   101133d2     auth_credentials.obj
 0003:0006a3d8       _s_reportedFactoryConfig   101133d8     g_config.obj
 0003:0006a444       _s_reportedMatchFactoryConfig 10113444     g_match_config.obj
 0003:0006a47c       _s_quadFactor              1011347c     g_weapon.obj
 0003:0006a480       _forward                   10113480     g_weapon.obj
 0003:0006a48c       _right                     1011348c     g_weapon.obj
 0003:0006a498       _up                        10113498     g_weapon.obj
 0003:0006a4a4       _muzzle                    101134a4     g_weapon.obj
 0003:0006a4bc       ?bops_initialized@?1??BoxOnPlaneSide@@9@9 101134bc     q_math.obj
 0003:0006a4c0       ?Ljmptab@?1??BoxOnPlaneSide@@9@9 101134c0     q_math.obj
 0003:0006a4e0       ?sr@?1??AngleVectors@@9@9  101134e0     q_math.obj
 0003:0006a4e4       ?sp@?1??AngleVectors@@9@9  101134e4     q_math.obj
 0003:0006a4e8       ?sy@?1??AngleVectors@@9@9  101134e8     q_math.obj
 0003:0006a4ec       ?cr@?1??AngleVectors@@9@9  101134ec     q_math.obj
 0003:0006a4f0       ?cp@?1??AngleVectors@@9@9  101134f0     q_math.obj
 0003:0006a4f4       ?cy@?1??AngleVectors@@9@9  101134f4     q_math.obj
 0003:0006a4f8       _com_token                 101134f8     q_shared.obj
 0003:0006a8f8       _com_parsename             101138f8     q_shared.obj
 0003:0006acf8       _com_lines                 10113cf8     q_shared.obj
 0003:0006acfc       ?index@?1??va@@9@9         10113cfc     q_shared.obj
 0003:0006ad00       ?string@?1??COM_ParseError@@9@9 10113d00     q_shared.obj
 0003:0006bd00       ?string@?1??COM_ParseWarning@@9@9 10114d00     q_shared.obj
 0003:0006cd00       ?string@?1??va@@9@9        10115d00     q_shared.obj
 0003:0007c700       ?value@?1??Info_ValueForKey@@9@9 10125700     q_shared.obj
 0003:00080700       ?valueindex@?1??Info_ValueForKey@@9@9 10129700     q_shared.obj
 0003:00080704       $SG14990                   10129704     q_shared.obj
 0003:00080705       $SG14995                   10129705     q_shared.obj
 0003:00080706       $SG14998                   10129706     q_shared.obj
 0003:00080708       _GS_ExceptionRecord        10129708     MSVCRTD:gs_report.obj
 0003:00080758       _GS_ContextRecord          10129758     MSVCRTD:gs_report.obj
 0003:00080a24       ?__proc_attached@@3HA      10129a24     MSVCRTD:dll_dllmain.obj
 0003:00080a50       ?is_initialized_as_dll@@3_NA 10129a50     MSVCRTD:utility.obj
 0003:00080a51       ?module_local_atexit_table_initialized@@3_NA 10129a51     MSVCRTD:utility.obj
 0003:00080a54       ?module_local_atexit_table@@3U_onexit_table_t@@A 10129a54     MSVCRTD:utility.obj
 0003:00080a60       ?module_local_at_quick_exit_table@@3U_onexit_table_t@@A 10129a60     MSVCRTD:utility.obj
 0004:00000060       $R000000                   10261060     * linker generated manifest res *
