 qagamex86

 Timestamp is 69ce7c90 (Thu Apr  2 15:26:24 2026)

 Preferred load address is 10000000

 Start         Length     Name                   Class
 0001:00000000 000a5e74H .text$mn                CODE
 0002:00000000 00000104H .idata$5                DATA
 0002:00000104 0000000cH .00cfg                  DATA
 0002:00000110 00000004H .CRT$XCA                DATA
 0002:00000114 00000004H .CRT$XCZ                DATA
 0002:00000118 00000004H .CRT$XIA                DATA
 0002:0000011c 00000004H .CRT$XIZ                DATA
 0002:00000120 00000004H .CRT$XPA                DATA
 0002:00000124 00000004H .CRT$XPZ                DATA
 0002:00000128 00000004H .CRT$XTA                DATA
 0002:0000012c 00000004H .CRT$XTZ                DATA
 0002:00000130 00000000H .gfids$y                DATA
 0002:00000130 00001010H .rdata                  DATA
 0002:00001140 00000040H .rdata$CastGuardVftablesA DATA
 0002:00001180 00000040H .rdata$CastGuardVftablesC DATA
 0002:000011c0 00000004H .rdata$sxdata           DATA
 0002:000011c4 00001070H .rdata$voltmd           DATA
 0002:00002234 00000308H .rdata$zzzdbg           DATA
 0002:0000253c 00000004H .rtc$IAA                DATA
 0002:00002540 00000004H .rtc$IZZ                DATA
 0002:00002544 00000004H .rtc$TAA                DATA
 0002:00002548 00000008H .rtc$TZZ                DATA
 0002:00002550 00000090H .xdata$x                DATA
 0002:000025e0 0000005cH .edata                  DATA
 0002:0000263c 0000003cH .idata$2                DATA
 0002:00002678 00000014H .idata$3                DATA
 0002:0000268c 00000104H .idata$4                DATA
 0002:00002790 0000041cH .idata$6                DATA
 0003:00000000 0001f2c0H .data                   DATA
 0003:0001f2c0 00195024H .bss                    DATA
 0004:00000000 00000060H .rsrc$01                DATA
 0004:00000060 00000180H .rsrc$02                DATA

  Address         Publics by Value              Rva+Base       Lib:Object

 0000:00000000       ___AbsoluteZero            00000000     <absolute>
 0000:00000000       ___arm64x_extra_rfe_table  00000000     <absolute>
 0000:00000000       ___arm64x_extra_rfe_table_size 00000000     <absolute>
 0000:00000000       ___arm64x_native_entrypoint 00000000     <absolute>
 0000:00000000       ___arm64x_redirection_metadata 00000000     <absolute>
 0000:00000000       ___arm64x_redirection_metadata_count 00000000     <absolute>
 0000:00000000       ___dynamic_value_reloc_table 00000000     <absolute>
 0000:00000000       ___enclave_config          00000000     <absolute>
 0000:00000000       ___guard_check_icall_a64n_fptr 00000000     <absolute>
 0000:00000000       ___guard_eh_cont_count     00000000     <absolute>
 0000:00000000       ___guard_eh_cont_table     00000000     <absolute>
 0000:00000000       ___guard_fids_count        00000000     <absolute>
 0000:00000000       ___guard_fids_table        00000000     <absolute>
 0000:00000000       ___guard_iat_count         00000000     <absolute>
 0000:00000000       ___guard_iat_table         00000000     <absolute>
 0000:00000000       ___guard_longjmp_count     00000000     <absolute>
 0000:00000000       ___guard_longjmp_table     00000000     <absolute>
 0000:00000000       ___hybrid_auxiliary_delayload_iat 00000000     <absolute>
 0000:00000000       ___hybrid_auxiliary_delayload_iat_copy 00000000     <absolute>
 0000:00000000       ___hybrid_auxiliary_iat    00000000     <absolute>
 0000:00000000       ___hybrid_auxiliary_iat_copy 00000000     <absolute>
 0000:00000000       ___hybrid_code_map         00000000     <absolute>
 0000:00000000       ___hybrid_code_map_count   00000000     <absolute>
 0000:00000000       ___hybrid_image_info_bitfield 00000000     <absolute>
 0000:00000000       ___x64_code_ranges_to_entry_points 00000000     <absolute>
 0000:00000000       ___x64_code_ranges_to_entry_points_count 00000000     <absolute>
 0000:00000001       ___safe_se_handler_count   00000001     <absolute>
 0000:00000100       ___guard_flags             00000100     <absolute>
 0000:00000000       ___ImageBase               10000000     <linker-defined>
 0001:00000000       _BotChat_EnterGame         10001000 f   ai_chat.obj
 0001:00000160       _BotChat_ExitGame          10001160 f   ai_chat.obj
 0001:000002b0       _BotChat_StartLevel        100012b0 f   ai_chat.obj
 0001:00000410       _BotChat_EndLevel          10001410 f   ai_chat.obj
 0001:00000660       _BotChat_HitTalking        10001660 f   ai_chat.obj
 0001:00000840       _BotChat_HitNoDeath        10001840 f   ai_chat.obj
 0001:00000a70       _BotChat_HitNoKill         10001a70 f   ai_chat.obj
 0001:00000c50       _BotChat_Death             10001c50 f   ai_chat.obj
 0001:00001160       _BotChat_Kill              10002160 f   ai_chat.obj
 0001:00001470       _BotChat_EnemySuicide      10002470 f   ai_chat.obj
 0001:000015f0       _BotChat_Random            100025f0 f   ai_chat.obj
 0001:00001900       _BotChatTime               10002900 f   ai_chat.obj
 0001:00001930       _BotValidChatPosition      10002930 f   ai_chat.obj
 0001:00001c50       _BotChatTest               10002c50 f   ai_chat.obj
 0001:000029c0       _BotNumActivePlayers       100039c0 f   ai_chat.obj
 0001:00002ae0       _BotIsFirstInRankings      10003ae0 f   ai_chat.obj
 0001:00002c30       _BotIsLastInRankings       10003c30 f   ai_chat.obj
 0001:00002d80       _BotFirstClientInRankings  10003d80 f   ai_chat.obj
 0001:00002f00       _BotLastClientInRankings   10003f00 f   ai_chat.obj
 0001:00003080       _BotRandomOpponentName     10004080 f   ai_chat.obj
 0001:000032a0       _BotMapTitle               100042a0 f   ai_chat.obj
 0001:00003330       _BotWeaponNameForMeansOfDeath 10004330 f   ai_chat.obj
 0001:00003440       _BotRandomWeaponName       10004440 f   ai_chat.obj
 0001:00003510       _BotVisibleEnemies         10004510 f   ai_chat.obj
 0001:000036e0       _BotMatchMessage           100046e0 f   ai_cmd.obj
 0001:00003b00       _BotPrintTeamGoal          10004b00 f   ai_cmd.obj
 0001:00003dd0       _BotGetItemTeamGoal        10004dd0 f   ai_cmd.obj
 0001:00003e30       _BotGetMessageTeamGoal     10004e30 f   ai_cmd.obj
 0001:00003e90       _BotGetTime                10004e90 f   ai_cmd.obj
 0001:00004010       _FindClientByName          10005010 f   ai_cmd.obj
 0001:00004130       _FindEnemyByName           10005130 f   ai_cmd.obj
 0001:00004280       _NumPlayersOnSameTeam      10005280 f   ai_cmd.obj
 0001:00004360       _BotGetPatrolWaypoints     10005360 f   ai_cmd.obj
 0001:00004620       _BotAddressedToBot         10005620 f   ai_cmd.obj
 0001:000048c0       _BotGPSToPosition          100058c0 f   ai_cmd.obj
 0001:000049d0       _BotMatch_HelpAccompany    100059d0 f   ai_cmd.obj
 0001:00004f70       _BotMatch_DefendKeyArea    10005f70 f   ai_cmd.obj
 0001:00005110       _BotMatch_GetItem          10006110 f   ai_cmd.obj
 0001:00005270       _BotMatch_Camp             10006270 f   ai_cmd.obj
 0001:000057a0       _BotMatch_Patrol           100067a0 f   ai_cmd.obj
 0001:00005910       _BotMatch_GetFlag          10006910 f   ai_cmd.obj
 0001:00005aa0       _BotMatch_AttackEnemyBase  10006aa0 f   ai_cmd.obj
 0001:00005c20       _BotMatch_Harvest          10006c20 f   ai_cmd.obj
 0001:00005d80       _BotMatch_RushBase         10006d80 f   ai_cmd.obj
 0001:00005ef0       _BotMatch_TaskPreference   10006ef0 f   ai_cmd.obj
 0001:000060b0       _BotMatch_ReturnFlag       100070b0 f   ai_cmd.obj
 0001:000061e0       _BotMatch_JoinSubteam      100071e0 f   ai_cmd.obj
 0001:000062e0       _BotMatch_LeaveSubteam     100072e0 f   ai_cmd.obj
 0001:000063c0       _BotMatch_WhichTeam        100073c0 f   ai_cmd.obj
 0001:00006450       _BotMatch_CheckPoint       10007450 f   ai_cmd.obj
 0001:000067a0       _BotMatch_FormationSpace   100077a0 f   ai_cmd.obj
 0001:000068c0       _BotMatch_Dismiss          100078c0 f   ai_cmd.obj
 0001:000069a0       _BotMatch_Suicide          100079a0 f   ai_cmd.obj
 0001:00006a60       _BotMatch_StartTeamLeaderShip 10007a60 f   ai_cmd.obj
 0001:00006b30       _BotMatch_StopTeamLeaderShip 10007b30 f   ai_cmd.obj
 0001:00006c30       _BotMatch_WhoIsTeamLeader  10007c30 f   ai_cmd.obj
 0001:00006cb0       _BotMatch_WhatAreYouDoing  10007cb0 f   ai_cmd.obj
 0001:00006f80       _BotMatch_WhatIsMyCommand  10007f80 f   ai_cmd.obj
 0001:00006fe0       _BotNearestVisibleItem     10007fe0 f   ai_cmd.obj
 0001:000071b0       _BotMatch_WhereAreYou      100081b0 f   ai_cmd.obj
 0001:00007690       _BotMatch_LeadTheWay       10008690 f   ai_cmd.obj
 0001:00007a30       _BotMatch_Kill             10008a30 f   ai_cmd.obj
 0001:00007ba0       _BotMatch_CTF              10008ba0 f   ai_cmd.obj
 0001:00007db0       _BotMatch_EnterGame        10008db0 f   ai_cmd.obj
 0001:00007e10       _BotMatch_NewLeader        10008e10 f   ai_cmd.obj
 0001:00007e80       ___local_stdio_scanf_options 10008e80 f i ai_cmd.obj
 0001:00007e90       __vsscanf_l                10008e90 f i ai_cmd.obj
 0001:00007ec0       _sscanf                    10008ec0 f i ai_cmd.obj
 0001:00008090       _AIEnter_Intermission      10009090 f   ai_dmnet.obj
 0001:00008100       _AIEnter_Observer          10009100 f   ai_dmnet.obj
 0001:00008140       _AIEnter_Respawn           10009140 f   ai_dmnet.obj
 0001:00008260       _AIEnter_Stand             10009260 f   ai_dmnet.obj
 0001:000082b0       _AIEnter_Seek_ActivateEntity 100092b0 f   ai_dmnet.obj
 0001:000082e0       _AIEnter_Seek_NBG          100092e0 f   ai_dmnet.obj
 0001:00008380       _AIEnter_Seek_LTG          10009380 f   ai_dmnet.obj
 0001:00008420       _AIEnter_Battle_Fight      10009420 f   ai_dmnet.obj
 0001:00008460       _AIEnter_Battle_Chase      10009460 f   ai_dmnet.obj
 0001:000084a0       _AIEnter_Battle_Retreat    100094a0 f   ai_dmnet.obj
 0001:000084d0       _AIEnter_Battle_NBG        100094d0 f   ai_dmnet.obj
 0001:00008500       _AINode_Intermission       10009500 f   ai_dmnet.obj
 0001:00008590       _AINode_Observer           10009590 f   ai_dmnet.obj
 0001:000085c0       _AINode_Respawn            100095c0 f   ai_dmnet.obj
 0001:000086d0       _AINode_Stand              100096d0 f   ai_dmnet.obj
 0001:00008830       _AINode_Seek_ActivateEntity 10009830 f   ai_dmnet.obj
 0001:00009260       _AINode_Seek_NBG           1000a260 f   ai_dmnet.obj
 0001:00009890       _AINode_Seek_LTG           1000a890 f   ai_dmnet.obj
 0001:0000a190       _AINode_Battle_Fight       1000b190 f   ai_dmnet.obj
 0001:0000a830       _AINode_Battle_Chase       1000b830 f   ai_dmnet.obj
 0001:0000af30       _AINode_Battle_Retreat     1000bf30 f   ai_dmnet.obj
 0001:0000b770       _AINode_Battle_NBG         1000c770 f   ai_dmnet.obj
 0001:0000be20       _BotResetNodeSwitches      1000ce20 f   ai_dmnet.obj
 0001:0000be30       _BotDumpNodeSwitches       1000ce30 f   ai_dmnet.obj
 0001:0000bed0       _BotRecordNodeSwitch       1000ced0 f   ai_dmnet.obj
 0001:0000bf80       _BotGetAirGoal             1000cf80 f   ai_dmnet.obj
 0001:0000c280       _BotGoForAir               1000d280 f   ai_dmnet.obj
 0001:0000c390       _BotNearbyGoal             1000d390 f   ai_dmnet.obj
 0001:0000c460       _BotReachedGoal            1000d460 f   ai_dmnet.obj
 0001:0000c6a0       _BotGetItemLongTermGoal    1000d6a0 f   ai_dmnet.obj
 0001:0000c800       _BotGetLongTermGoal        1000d800 f   ai_dmnet.obj
 0001:0000f8f0       _BotLongTermGoal           100108f0 f   ai_dmnet.obj
 0001:0000ffe0       _BotSelectActivateWeapon   10010fe0 f   ai_dmnet.obj
 0001:000101e0       _BotClearPath              100111e0 f   ai_dmnet.obj
 0001:00010880       _AIEnter_Battle_SuicidalFight 10011880 f   ai_dmnet.obj
 0001:00010b90       _BotSetupDeathmatchAI      10011b90 f   ai_dmq3.obj
 0001:00010f70       _BotShutdownDeathmatchAI   10011f70 f   ai_dmq3.obj
 0001:00010f80       _BotDeathmatchAI           10011f80 f   ai_dmq3.obj
 0001:000113c0       _BotFreeWaypoints          100123c0 f   ai_dmq3.obj
 0001:00011400       _BotChooseWeapon           10012400 f   ai_dmq3.obj
 0001:000114a0       _BotSetupForMovement       100124a0 f   ai_dmq3.obj
 0001:000116f0       _BotUpdateInventory        100126f0 f   ai_dmq3.obj
 0001:000121e0       _BotUpdateBattleInventory  100131e0 f   ai_dmq3.obj
 0001:00012320       _BotBattleUseItems         10013320 f   ai_dmq3.obj
 0001:000123e0       _BotIsDead                 100133e0 f   ai_dmq3.obj
 0001:00012410       _BotIsObserver             10013410 f   ai_dmq3.obj
 0001:00012490       _BotIntermission           10013490 f   ai_dmq3.obj
 0001:000124d0       _BotInLavaOrSlime          100134d0 f   ai_dmq3.obj
 0001:00012580       _EntityIsDead              10013580 f   ai_dmq3.obj
 0001:000125e0       _EntityIsInvisible         100135e0 f   ai_dmq3.obj
 0001:00012610       _EntityIsShooting          10013610 f   ai_dmq3.obj
 0001:00012630       _EntityHasKamikaze         10013630 f   ai_dmq3.obj
 0001:00012650       _BotSetUserInfo            10013650 f   ai_dmq3.obj
 0001:000126d0       _BotSetTeamStatus          100136d0 f   ai_dmq3.obj
 0001:00012890       _ClientName                10013890 f   ai_dmq3.obj
 0001:00012940       _EasyClientName            10013940 f   ai_dmq3.obj
 0001:00012c90       _ClientSkin                10013c90 f   ai_dmq3.obj
 0001:00012d30       _BotSynonymContext         10013d30 f   ai_dmq3.obj
 0001:00012de0       _BotSetLastOrderedTask     10013de0 f   ai_dmq3.obj
 0001:00012fa0       _BotTeamGoals              10013fa0 f   ai_dmq3.obj
 0001:00013070       _BotAggression             10014070 f   ai_dmq3.obj
 0001:000132a0       _BotFeelingBad             100142a0 f   ai_dmq3.obj
 0001:00013310       _BotWantsToRetreat         10014310 f   ai_dmq3.obj
 0001:000134a0       _BotWantsToChase           100144a0 f   ai_dmq3.obj
 0001:00013610       _BotWantsToHelp            10014610 f   ai_dmq3.obj
 0001:00013620       _BotCanAndWantsToRocketJump 10014620 f   ai_dmq3.obj
 0001:00013720       _BotHasPersistantPowerupAndWeapon 10014720 f   ai_dmq3.obj
 0001:00013970       _BotWantsToCamp            10014970 f   ai_dmq3.obj
 0001:00013c30       _BotAttackMove             10014c30 f   ai_dmq3.obj
 0001:00014700       _BotSameTeam               10015700 f   ai_dmq3.obj
 0001:000147f0       _TeamPlayIsOn              100157f0 f   ai_dmq3.obj
 0001:00014820       _BotTeamFlagCarrier        10015820 f   ai_dmq3.obj
 0001:000148f0       _BotTeamFlagCarrierVisible 100158f0 f   ai_dmq3.obj
 0001:00014a10       _BotEnemyFlagCarrierVisible 10015a10 f   ai_dmq3.obj
 0001:00014b30       _BotVisibleTeamMatesAndEnemies 10015b30 f   ai_dmq3.obj
 0001:00014d60       _InFieldOfVision           10015d60 f   ai_dmq3.obj
 0001:00014ea0       _BotFindEnemy              10015ea0 f   ai_dmq3.obj
 0001:000157e0       _BotRoamGoal               100167e0 f   ai_dmq3.obj
 0001:00015e20       _BotEntityVisible          10016e20 f   ai_dmq3.obj
 0001:00016810       _BotAimAtEnemy             10017810 f   ai_dmq3.obj
 0001:00018a20       _BotCheckAttack            10019a20 f   ai_dmq3.obj
 0001:000192b0       _BotAIBlocked              1001a2b0 f   ai_dmq3.obj
 0001:000198f0       _BotAIPredictObstacles     1001a8f0 f   ai_dmq3.obj
 0001:00019ac0       _BotEnableActivateGoalAreas 1001aac0 f   ai_dmq3.obj
 0001:00019b50       _BotPopFromActivateGoalStack 1001ab50 f   ai_dmq3.obj
 0001:00019bc0       _BotClearActivateGoalStack 1001abc0 f   ai_dmq3.obj
 0001:00019be0       _BotTeam                   1001abe0 f   ai_dmq3.obj
 0001:00019c90       _BotOppositeTeam           1001ac90 f   ai_dmq3.obj
 0001:00019cd0       _BotCTFCarryingFlag        1001acd0 f   ai_dmq3.obj
 0001:00019d20       _BotRememberLastOrderedTask 1001ad20 f   ai_dmq3.obj
 0001:00019d90       _BotCTFSeekGoals           1001ad90 f   ai_dmq3.obj
 0001:0001aa90       _BotCTFRetreatGoals        1001ba90 f   ai_dmq3.obj
 0001:0001ab20       _Bot1FCTFCarryingFlag      1001bb20 f   ai_dmq3.obj
 0001:0001ab50       _BotHarvesterCarryingCubes 1001bb50 f   ai_dmq3.obj
 0001:0001aba0       _Bot1FCTFSeekGoals         1001bba0 f   ai_dmq3.obj
 0001:0001b4b0       _Bot1FCTFRetreatGoals      1001c4b0 f   ai_dmq3.obj
 0001:0001b560       _BotObeliskSeekGoals       1001c560 f   ai_dmq3.obj
 0001:0001b920       _BotObeliskRetreatGoals    1001c920 f   ai_dmq3.obj
 0001:0001b930       _BotGoHarvest              1001c930 f   ai_dmq3.obj
 0001:0001b9c0       _BotHarvesterSeekGoals     1001c9c0 f   ai_dmq3.obj
 0001:0001bf20       _BotHarvesterRetreatGoals  1001cf20 f   ai_dmq3.obj
 0001:0001bfb0       _BotTeamCubeCarrierVisible 1001cfb0 f   ai_dmq3.obj
 0001:0001c0d0       _BotEnemyCubeCarrierVisible 1001d0d0 f   ai_dmq3.obj
 0001:0001c1f0       _BotGetAlternateRouteGoal  1001d1f0 f   ai_dmq3.obj
 0001:0001c3c0       _BotAlternateRoute         1001d3c0 f   ai_dmq3.obj
 0001:0001c470       _BotCreateWayPoint         1001d470 f   ai_dmq3.obj
 0001:0001c640       _BotFindWayPoint           1001d640 f   ai_dmq3.obj
 0001:0001c680       _stristr                   1001d680 f   ai_dmq3.obj
 0001:0001c720       _ClientFromName            1001d720 f   ai_dmq3.obj
 0001:0001c800       _ClientOnSameTeamFromName  1001d800 f   ai_dmq3.obj
 0001:0001c8f0       _BotPointAreaNum           1001d8f0 f   ai_dmq3.obj
 0001:0001c9d0       _BotMapScripts             1001d9d0 f   ai_dmq3.obj
 0001:0001d060       _BotEnemyFlag              1001e060 f   ai_dmq3.obj
 0001:0001d090       _BotTeamFlag               1001e090 f   ai_dmq3.obj
 0001:0001d0c0       _EntityCarriesFlag         1001e0c0 f   ai_dmq3.obj
 0001:0001d110       _EntityIsChatting          1001e110 f   ai_dmq3.obj
 0001:0001d1a0       _EntityHasQuad             1001e1a0 f   ai_dmq3.obj
 0001:0001d1c0       _EntityCarriesCubes        1001e1c0 f   ai_dmq3.obj
 0001:0001d220       _BotRefuseOrder            1001e220 f   ai_dmq3.obj
 0001:0001d2b0       _BotCheckItemPickup        1001e2b0 f   ai_dmq3.obj
 0001:0001d640       _BotUseKamikaze            1001e640 f   ai_dmq3.obj
 0001:0001df90       _BotUseInvulnerability     1001ef90 f   ai_dmq3.obj
 0001:0001e780       _BotSetTeleportTime        1001f780 f   ai_dmq3.obj
 0001:0001e7d0       _BotInitWaypoints          1001f7d0 f   ai_dmq3.obj
 0001:0001e820       _BotGoCamp                 1001f820 f   ai_dmq3.obj
 0001:0001e950       _BotDontAvoid              1001f950 f   ai_dmq3.obj
 0001:0001e9c0       _BotGoForPowerups          1001f9c0 f   ai_dmq3.obj
 0001:0001ea30       _BotSetMovedir             1001fa30 f   ai_dmq3.obj
 0001:0001eb20       _BotModelMinsMaxs          1001fb20 f   ai_dmq3.obj
 0001:0001edb0       _BotFuncButtonActivateGoal 1001fdb0 f   ai_dmq3.obj
 0001:00020350       _BotFuncDoorActivateGoal   10021350 f   ai_dmq3.obj
 0001:00020700       _BotTriggerMultipleActivateGoal 10021700 f   ai_dmq3.obj
 0001:00020d20       _BotPushOntoActivateGoalStack 10021d20 f   ai_dmq3.obj
 0001:00020e30       _BotIsGoingToActivateEntity 10021e30 f   ai_dmq3.obj
 0001:00020f00       _BotGetActivateGoal        10021f00 f   ai_dmq3.obj
 0001:000218e0       _BotGoForActivateGoal      100228e0 f   ai_dmq3.obj
 0001:000219f0       _BotPrintActivateGoalInfo  100229f0 f   ai_dmq3.obj
 0001:00021b50       _BotRandomMove             10022b50 f   ai_dmq3.obj
 0001:00021c50       _BotCheckConsoleMessages   10022c50 f   ai_dmq3.obj
 0001:000220c0       _BotCheckForGrenades       100230c0 f   ai_dmq3.obj
 0001:00022110       _BotCheckForProxMines      10023110 f   ai_dmq3.obj
 0001:00022230       _BotCheckForKamikazeBody   10023230 f   ai_dmq3.obj
 0001:00022260       _BotCheckEvents            10023260 f   ai_dmq3.obj
 0001:00022940       _BotCheckSnapshot          10023940 f   ai_dmq3.obj
 0001:00022a70       _BotCheckAir               10023a70 f   ai_dmq3.obj
 0001:00022ac0       _BotSetupAlternativeRouteGoals 10023ac0 f   ai_dmq3.obj
 0001:00022d00       _BotSetEntityNumForGoalWithModel 10023d00 f   ai_dmq3.obj
 0001:00022e60       _BotSetEntityNumForGoal    10023e60 f   ai_dmq3.obj
 0001:00022fc0       _BotGoalForBSPEntity       10023fc0 f   ai_dmq3.obj
 0001:000232d0       _BotInterbreedEndMatch     100242d0 f   ai_main.obj
 0001:00023350       _BotAISetup                10024350 f   ai_main.obj
 0001:000234f0       _BotAIShutdown             100244f0 f   ai_main.obj
 0001:00023560       _BotAILoadMap              10024560 f   ai_main.obj
 0001:00023630       _BotAISetupClient          10024630 f   ai_main.obj
 0001:00023b20       _BotAIShutdownClient       10024b20 f   ai_main.obj
 0001:00023c50       _BotAIStartFrame           10024c50 f   ai_main.obj
 0001:00024550       _BotTestAAS                10025550 f   ai_main.obj
 0001:00024640       _BotResetState             10025640 f   ai_main.obj
 0001:000248b0       _NumBots                   100258b0 f   ai_main.obj
 0001:000248c0       _BotEntityInfo             100258c0 f   ai_main.obj
 0001:000248e0       _BotAI_Print               100258e0 f   ai_main.obj
 0001:000249f0       _BotAI_BotInitialChat      100259f0 f   ai_main.obj
 0001:00024b10       _BotAI_Trace               10025b10 f   ai_main.obj
 0001:00024c60       _BotAI_GetClientState      10025c60 f   ai_main.obj
 0001:00024cc0       _BotAI_GetEntityState      10025cc0 f   ai_main.obj
 0001:00024d40       _BotAI_GetSnapshotEntity   10025d40 f   ai_main.obj
 0001:00024d90       _BotTeamLeader             10025d90 f   ai_main.obj
 0001:00025610       _BotGetLocalClient         10026610 f   ai_main.obj
 0001:00025670       _BotGetFirstBotClient      10026670 f   ai_main.obj
 0001:000256d0       _BotSetTrainingCvarIfChanged 100266d0 f   ai_main.obj
 0001:00025740       _BotInterbreedBots         10026740 f   ai_main.obj
 0001:00025910       _BotWriteInterbreeded      10026910 f   ai_main.obj
 0001:000259e0       _BotInterbreeding          100269e0 f   ai_main.obj
 0001:00025b10       _AngleDifference           10026b10 f   ai_main.obj
 0001:00025b90       _BotChangeViewAngle        10026b90 f   ai_main.obj
 0001:00025cb0       _BotChangeViewAngles       10026cb0 f   ai_main.obj
 0001:00026110       _BotInputToUserCommand     10027110 f   ai_main.obj
 0001:00026650       _BotUpdateInput            10027650 f   ai_main.obj
 0001:000267c0       _BotAIRegularUpdate        100277c0 f   ai_main.obj
 0001:00026800       _RemoveColorEscapeSequences 10027800 f   ai_main.obj
 0001:000268b0       _BotAI                     100278b0 f   ai_main.obj
 0001:00026ed0       _BotScheduleBotThink       10027ed0 f   ai_main.obj
 0001:00026f40       _BotWriteSessionData       10027f40 f   ai_main.obj
 0001:000270d0       _BotReadSessionData        100280d0 f   ai_main.obj
 0001:00027230       _BotInitLibrary            10028230 f   ai_main.obj
 0001:00027720       ___local_stdio_printf_options 10028720 f i ai_main.obj
 0001:00027730       __vsnprintf_l              10028730 f i ai_main.obj
 0001:00027790       _vsprintf                  10028790 f i ai_main.obj
 0001:000277c0       _BotTeamAI                 100287c0 f   ai_team.obj
 0001:00027f50       _BotGetTeamMateTaskPreference 10028f50 f   ai_team.obj
 0001:00027fc0       _BotSetTeamMateTaskPreference 10028fc0 f   ai_team.obj
 0001:00028020       _BotVoiceChat              10029020 f   ai_team.obj
 0001:00028080       _BotVoiceChatOnly          10029080 f   ai_team.obj
 0001:000280e0       _BotValidTeamLeader        100290e0 f   ai_team.obj
 0001:00028120       _BotNumTeamMates           10029120 f   ai_team.obj
 0001:00028260       _BotClientTravelTimeToGoal 10029260 f   ai_team.obj
 0001:000282e0       _BotSortTeamMatesByBaseTravelTime 100292e0 f   ai_team.obj
 0001:00028580       _BotSortTeamMatesByTaskPreference 10029580 f   ai_team.obj
 0001:00028740       _BotSayTeamOrderAlways     10029740 f   ai_team.obj
 0001:00028800       _BotSayTeamOrder           10029800 f   ai_team.obj
 0001:00028840       _BotSayVoiceTeamOrder      10029840 f   ai_team.obj
 0001:00028860       _BotCTFOrders_BothFlagsNotAtBase 10029860 f   ai_team.obj
 0001:00028eb0       _BotCTFOrders_FlagNotAtBase 10029eb0 f   ai_team.obj
 0001:000297a0       _BotCTFOrders_EnemyFlagNotAtBase 1002a7a0 f   ai_team.obj
 0001:00029d60       _BotCTFOrders_BothFlagsAtBase 1002ad60 f   ai_team.obj
 0001:0002a650       _BotCTFOrders              1002b650 f   ai_team.obj
 0001:0002a700       _BotCreateGroup            1002b700 f   ai_team.obj
 0001:0002a7e0       _BotTeamOrders             1002b7e0 f   ai_team.obj
 0001:0002aa50       _Bot1FCTFOrders_FlagAtCenter 1002ba50 f   ai_team.obj
 0001:0002b340       _Bot1FCTFOrders_TeamHasFlag 1002c340 f   ai_team.obj
 0001:0002bea0       _Bot1FCTFOrders_EnemyHasFlag 1002cea0 f   ai_team.obj
 0001:0002c790       _Bot1FCTFOrders_EnemyDroppedFlag 1002d790 f   ai_team.obj
 0001:0002d080       _Bot1FCTFOrders            1002e080 f   ai_team.obj
 0001:0002d0f0       _BotObeliskOrders          1002e0f0 f   ai_team.obj
 0001:0002d9e0       _BotHarvesterOrders        1002e9e0 f   ai_team.obj
 0001:0002e2d0       _FindHumanTeamLeader       1002f2d0 f   ai_team.obj
 0001:0002e380       _BotVoiceChatCommand       1002f380 f   ai_vcmd.obj
 0001:0002e610       _BotVoiceChat_Defend       1002f610 f   ai_vcmd.obj
 0001:0002e7b0       _BotVoiceChat_GetFlag      1002f7b0 f   ai_vcmd.obj
 0001:0002e8e0       _BotVoiceChat_Offense      1002f8e0 f   ai_vcmd.obj
 0001:0002ea90       _BotVoiceChat_DefendFlag   1002fa90 f   ai_vcmd.obj
 0001:0002eab0       _BotVoiceChat_Patrol       1002fab0 f   ai_vcmd.obj
 0001:0002eb40       _BotVoiceChat_Camp         1002fb40 f   ai_vcmd.obj
 0001:0002edf0       _BotVoiceChat_FollowMe     1002fdf0 f   ai_vcmd.obj
 0001:0002f0c0       _BotVoiceChat_FollowFlagCarrier 100300c0 f   ai_vcmd.obj
 0001:0002f100       _BotVoiceChat_ReturnFlag   10030100 f   ai_vcmd.obj
 0001:0002f1d0       _BotVoiceChat_StartLeader  100301d0 f   ai_vcmd.obj
 0001:0002f1f0       _BotVoiceChat_StopLeader   100301f0 f   ai_vcmd.obj
 0001:0002f270       _BotVoiceChat_WhoIsLeader  10030270 f   ai_vcmd.obj
 0001:0002f310       _BotVoiceChat_WantOnDefense 10030310 f   ai_vcmd.obj
 0001:0002f3e0       _BotVoiceChat_WantOnOffense 100303e0 f   ai_vcmd.obj
 0001:0002f4b0       _BotVoiceChat_Dummy        100304b0 f   ai_vcmd.obj
 0001:0002f4c0       _BG_GetWeaponStats         100304c0 f   bg_misc.obj
 0001:0002f520       _BG_GetWeaponMaxAmmo       10030520 f   bg_misc.obj
 0001:0002f540       _BG_GetHandicapScalar      10030540 f   bg_misc.obj
 0001:0002f5c0       _BG_GetWeaponAmmoPackSize  100305c0 f   bg_misc.obj
 0001:0002f5f0       _BG_GetWeaponAmmoPackMaxStack 100305f0 f   bg_misc.obj
 0001:0002f620       _BG_ItemTagForWeapon       10030620 f   bg_misc.obj
 0001:0002f650       _BG_WeaponForItemTag       10030650 f   bg_misc.obj
 0001:0002f680       _BG_ItemTagForHoldable     10030680 f   bg_misc.obj
 0001:0002f6a0       _BG_HoldableForItemTag     100306a0 f   bg_misc.obj
 0001:0002f6c0       _BG_PlayerHasPersistantPowerup 100306c0 f   bg_misc.obj
 0001:0002f750       _BG_GetArmorUpperBound     10030750 f   bg_misc.obj
 0001:0002f780       _BG_GetHealthUpperBound    10030780 f   bg_misc.obj
 0001:0002f7d0       _BG_UpdateArmorTierFromCurrentArmor 100307d0 f   bg_misc.obj
 0001:0002f870       _BG_ClearArmorTierIfEmpty  10030870 f   bg_misc.obj
 0001:0002f8b0       _BG_GetArmorRegenTarget    100308b0 f   bg_misc.obj
 0001:0002f910       _BG_ApplyArmorPickup       10030910 f   bg_misc.obj
 0001:0002fb80       _BG_FindItem               10030b80 f   bg_misc.obj
 0001:0002fbd0       _BG_FindItemByClassname    10030bd0 f   bg_misc.obj
 0001:0002fc30       _BG_FindItemByTypeAndTag   10030c30 f   bg_misc.obj
 0001:0002fc90       _BG_FindItemForWeapon      10030c90 f   bg_misc.obj
 0001:0002fcc0       _BG_FindItemForPowerup     10030cc0 f   bg_misc.obj
 0001:0002fdd0       _BG_FindItemForHoldable    10030dd0 f   bg_misc.obj
 0001:0002fe00       _BG_PlayerCarryingFlag     10030e00 f   bg_misc.obj
 0001:0002fe60       _BG_WeaponName             10030e60 f   bg_misc.obj
 0001:0002fec0       _BG_CanItemBeGrabbed       10030ec0 f   bg_misc.obj
 0001:000305c0       _BG_EvaluateTrajectory     100315c0 f   bg_misc.obj
 0001:00030a60       _BG_EvaluateTrajectoryDelta 10031a60 f   bg_misc.obj
 0001:00030d80       _BG_AddPredictableEventToPlayerstate 10031d80 f   bg_misc.obj
 0001:00030e60       _BG_TouchJumpPad           10031e60 f   bg_misc.obj
 0001:00030f30       _BG_PlayerStateToEntityState 10031f30 f   bg_misc.obj
 0001:000313b0       _BG_PlayerTouchesItem      100323b0 f   bg_misc.obj
 0001:00031920       _PM_UpdateViewAngles       10032920 f   bg_pmove.obj
 0001:00031a30       _Pmove                     10032a30 f   bg_pmove.obj
 0001:00031b90       _PM_GetDefaultSettings     10032b90 f   bg_pmove.obj
 0001:00031ba0       _PM_ClipVelocity           10032ba0 f   bg_pmove.obj
 0001:00031c90       _PM_AddTouchEnt            10032c90 f   bg_pmove.obj
 0001:00031d10       _PM_AddEvent               10032d10 f   bg_pmove.obj
 0001:00031d30       _PM_ApplyStepJump          10032d30 f   bg_pmove.obj
 0001:00031e50       _PM_GetActiveSettings      10032e50 f   bg_pmove.obj
 0001:00037da0       _PmoveSingle               10038da0 f   bg_pmove.obj
 0001:000385c0       _PM_SlideMove              100395c0 f   bg_slidemove.obj
 0001:00039520       _PM_StepSlideMove          1003a520 f   bg_slidemove.obj
 0001:0003a640       _G_AutoShuffleCountdown_SetGuard 1003b640 f   g_autoshuffle.obj
 0001:0003a650       _G_AutoShuffleCountdown_SetCompleteCallback 1003b650 f   g_autoshuffle.obj
 0001:0003a660       _G_AutoShuffleCountdown_Arm 1003b660 f   g_autoshuffle.obj
 0001:0003a6b0       _G_AutoShuffleCountdown_Cancel 1003b6b0 f   g_autoshuffle.obj
 0001:0003a6e0       _G_AutoShuffleCountdown_IsActive 1003b6e0 f   g_autoshuffle.obj
 0001:0003a6f0       _G_AutoShuffleCountdown_GetSecondsRemaining 1003b6f0 f   g_autoshuffle.obj
 0001:0003a730       _G_AutoShuffleCountdown_Frame 1003b730 f   g_autoshuffle.obj
 0001:0003a830       _G_FreezeGametypeEnabled   1003b830 f   g_active.obj
 0001:0003a860       _G_FreezeSyncCvars         1003b860 f   g_active.obj
 0001:0003aa40       _G_FreezeRunFrame          1003ba40 f   g_active.obj
 0001:0003aad0       _G_FreezeHandleWarmupDelayCvarUpdate 1003bad0 f   g_active.obj
 0001:0003ab00       _G_TouchTriggers           1003bb00 f   g_active.obj
 0001:0003b020       _ClientThink               1003c020 f   g_active.obj
 0001:0003b090       _G_Frame_BeginRoundWarmup  1003c090 f   g_active.obj
 0001:0003b0e0       _G_Frame_UpdateRoundController 1003c0e0 f   g_active.obj
 0001:0003b280       _G_SetClientRatingModifiers 1003c280 f   g_active.obj
 0001:0003b2e0       _G_RefreshClientRatingModifiers 1003c2e0 f   g_active.obj
 0001:0003b3b0       _G_InitLagHaxHistory       1003c3b0 f   g_active.obj
 0001:0003b4c0       _G_ClearLagHaxHistory      1003c4c0 f   g_active.obj
 0001:0003b520       _G_StoreHistory            1003c520 f   g_active.obj
 0001:0003b6d0       _G_TimeShiftAllClients     1003c6d0 f   g_active.obj
 0001:0003b920       _G_UnTimeShiftAllClients   1003c920 f   g_active.obj
 0001:0003bae0       _ClientEndFrame            1003cae0 f   g_active.obj
 0001:0003bf60       _G_RunClient               1003cf60 f   g_active.obj
 0001:0003c330       _P_DamageFeedback          1003d330 f   g_active.obj
 0001:0003c4f0       _P_WorldEffects            1003d4f0 f   g_active.obj
 0001:0003c7a0       _G_SetClientSound          1003d7a0 f   g_active.obj
 0001:0003c820       _ClientImpacts             1003d820 f   g_active.obj
 0001:0003c930       _SpectatorThink            1003d930 f   g_active.obj
 0001:0003cc60       _ClientInactivityTimer     1003dc60 f   g_active.obj
 0001:0003d170       _ClientTimerActions        1003e170 f   g_active.obj
 0001:0003d6a0       _ClientIntermissionThink   1003e6a0 f   g_active.obj
 0001:0003d730       _ClientEvents              1003e730 f   g_active.obj
 0001:0003dd70       _SendPendingPredictableEvents 1003ed70 f   g_active.obj
 0001:0003de80       _ClientThink_real          1003ee80 f   g_active.obj
 0001:0003ec30       _SpectatorClientEndFrame   1003fc30 f   g_active.obj
 0001:00040010       _UpdateTournamentInfo      10041010 f   g_arenas.obj
 0001:00040580       _SpawnModelsOnVictoryPads  10041580 f   g_arenas.obj
 0001:00040710       _Svcmd_AbortPodium_f       10041710 f   g_arenas.obj
 0001:00041c90       _G_GetArenaInfoByMap       10042c90 f   g_bot.obj
 0001:00041cf0       _G_MapSupportsGametype     10042cf0 f   g_bot.obj
 0001:00041de0       _G_InitBots                10042de0 f   g_bot.obj
 0001:00042000       _G_GetBotInfoByNumber      10043000 f   g_bot.obj
 0001:00042040       _G_GetBotInfoByName        10043040 f   g_bot.obj
 0001:000420b0       _G_CheckBotSpawn           100430b0 f   g_bot.obj
 0001:000421a0       _G_RemoveQueuedBotBegin    100431a0 f   g_bot.obj
 0001:000421f0       _G_BotConnect              100431f0 f   g_bot.obj
 0001:000422e0       _Svcmd_AddBot_f            100432e0 f   g_bot.obj
 0001:00042490       _Svcmd_BotList_f           10043490 f   g_bot.obj
 0001:00042680       _trap_Cvar_VariableValue   10043680 f   g_bot.obj
 0001:000426e0       _G_ParseInfos              100436e0 f   g_bot.obj
 0001:00042dc0       _G_AddRandomBot            10043dc0 f   g_bot.obj
 0001:00043080       _G_RemoveRandomBot         10044080 f   g_bot.obj
 0001:00043120       _G_CountHumanPlayers       10044120 f   g_bot.obj
 0001:000431b0       _G_CountBotPlayers         100441b0 f   g_bot.obj
 0001:00043280       _G_CheckMinimumPlayers     10044280 f   g_bot.obj
 0001:00044020       _G_FreezeClientEndFrame    10045020 f   g_client.obj
 0001:00044220       _G_FreezeHandlePlayerDeath 10045220 f   g_client.obj
 0001:00044900       _TeamCount                 10045900 f   g_client.obj
 0001:00044980       _TeamLeader                10045980 f   g_client.obj
 0001:00044a00       _PickTeam                  10045a00 f   g_client.obj
 0001:00044ac0       _SetClientViewAngle        10045ac0 f   g_client.obj
 0001:00044c00       _G_SelectRankedSpawnPoint  10045c00 f   g_client.obj
 0001:00045090       _SelectSpawnPoint          10046090 f   g_client.obj
 0001:000450b0       _CopyToBodyQue             100460b0 f   g_client.obj
 0001:00045610       _respawn                   10046610 f   g_client.obj
 0001:000457a0       _InitBodyQue               100467a0 f   g_client.obj
 0001:00045800       _ClientSpawn               10046800 f   g_client.obj
 0001:00046510       _G_RRInitClient            10047510 f   g_client.obj
 0001:00046580       _G_RRProcessClient         10047580 f   g_client.obj
 0001:000466e0       _G_RRHandlePlayerDeath     100476e0 f   g_client.obj
 0001:000467a0       _G_RRHandleDamageScore     100477a0 f   g_client.obj
 0001:000468f0       _G_RRResetRoundState       100478f0 f   g_client.obj
 0001:00046980       _G_RRCheckExitRules        10047980 f   g_client.obj
 0001:00046a10       _G_RRTrackRoundActivity    10047a10 f   g_client.obj
 0001:00046a50       _SpotWouldTelefrag         10047a50 f   g_client.obj
 0001:00046c30       _ClientConnect             10047c30 f   g_client.obj
 0001:00047280       _ClientUserinfoChanged     10048280 f   g_client.obj
 0001:00047cc0       _ClientDisconnect          10048cc0 f   g_client.obj
 0001:00048220       _ClientBegin               10049220 f   g_client.obj
 0001:00048630       _G_ClientIsReady           10049630 f   g_client.obj
 0001:00048670       _G_SetClientReadyState     10049670 f   g_client.obj
 0001:000486e0       _G_SyncClientReadyState    100496e0 f   g_client.obj
 0001:00048710       _G_RunGrantScript          10049710 f   g_client.obj
 0001:00048a20       _SP_info_player_deathmatch 10049a20 f   g_client.obj
 0001:00048a90       _SP_info_player_start      10049a90 f   g_client.obj
 0001:00048ab0       _SP_info_player_intermission 10049ab0 f   g_client.obj
 0001:00048c40       _SelectNearestDeathmatchSpawnPoint 10049c40 f   g_client.obj
 0001:00048d70       _SelectRandomDeathmatchSpawnPoint 10049d70 f   g_client.obj
 0001:00048e50       _SelectRandomFurthestSpawnPoint 10049e50 f   g_client.obj
 0001:00048f20       _SelectInitialSpawnPoint   10049f20 f   g_client.obj
 0001:00048fb0       _SelectSpectatorSpawnPoint 10049fb0 f   g_client.obj
 0001:00049190       _BodySink                  1004a190 f   g_client.obj
 0001:0004a3f0       _Cmd_Score_f               1004b3f0 f   g_cmds.obj
 0001:0004a420       _G_SendClientKeyMask       1004b420 f   g_cmds.obj
 0001:0004a4b0       _G_BroadcastClientKeyMask  1004b4b0 f   g_cmds.obj
 0001:0004a520       _G_SendAllClientKeyMasks   1004b520 f   g_cmds.obj
 0001:0004a6c0       _Cmd_Pause_f               1004b6c0 f   g_cmds.obj
 0001:0004a780       _Cmd_Timeout_f             1004b780 f   g_cmds.obj
 0001:0004a8b0       _Cmd_Timein_f              1004b8b0 f   g_cmds.obj
 0001:0004a920       _Cmd_ShuffleTeams_f        1004b920 f   g_cmds.obj
 0001:0004a950       _StopFollowing             1004b950 f   g_cmds.obj
 0001:0004aad0       _BroadcastTeamChange       1004bad0 f   g_cmds.obj
 0001:0004aba0       _SetTeam                   1004bba0 f   g_cmds.obj
 0001:0004b280       _Cmd_FollowCycle_f         1004c280 f   g_cmds.obj
 0001:0004b4a0       _G_CanForfeit              1004c4a0 f   g_cmds.obj
 0001:0004b920       _G_SendItemTimerState      1004c920 f   g_cmds.obj
 0001:0004b980       _G_BroadcastItemTimerState 1004c980 f   g_cmds.obj
 0001:0004b9a0       _G_GiveItemByName          1004c9a0 f   g_cmds.obj
 0001:0004be10       _Cmd_Admin_f               1004ce10 f   g_cmds.obj
 0001:0004cd00       _Cmd_Ruleset_f             1004dd00 f   g_cmds.obj
 0001:0004cd40       _Cmd_Invite_f              1004dd40 f   g_cmds.obj
 0001:0004cf70       _Cmd_Revoke_f              1004df70 f   g_cmds.obj
 0001:0004d160       _Cmd_Whois_f               1004e160 f   g_cmds.obj
 0001:0004d2c0       _Cmd_Mute_f                1004e2c0 f   g_cmds.obj
 0001:0004d460       _Cmd_Unmute_f              1004e460 f   g_cmds.obj
 0001:0004d600       _Cmd_Lock_f                1004e600 f   g_cmds.obj
 0001:0004d6d0       _Cmd_Unlock_f              1004e6d0 f   g_cmds.obj
 0001:0004d7a0       _Cmd_PutTeam_f             1004e7a0 f   g_cmds.obj
 0001:0004d8f0       _Cmd_AllReady_f            1004e8f0 f   g_cmds.obj
 0001:0004da60       _Cmd_Map_f                 1004ea60 f   g_cmds.obj
 0001:0004dd80       _Cmd_Restart_f             1004ed80 f   g_cmds.obj
 0001:0004de40       _Cmd_Shuffle_f             1004ee40 f   g_cmds.obj
 0001:0004def0       _Cmd_Teamsize_f            1004eef0 f   g_cmds.obj
 0001:0004e010       _Cmd_Clan_f                1004f010 f   g_cmds.obj
 0001:0004e0b0       _Cmd_Kick_f                1004f0b0 f   g_cmds.obj
 0001:0004e1b0       _Cmd_Ban_f                 1004f1b0 f   g_cmds.obj
 0001:0004e2b0       _Cmd_ClientKick_f          1004f2b0 f   g_cmds.obj
 0001:0004e3f0       _Cmd_TimeLimit_f           1004f3f0 f   g_cmds.obj
 0001:0004e510       _Cmd_AddPOI_f              1004f510 f   g_cmds.obj
 0001:0004e940       _Cmd_DelPOI_f              1004f940 f   g_cmds.obj
 0001:0004ea90       _Cmd_POIs_f                1004fa90 f   g_cmds.obj
 0001:0004eb50       _Cmd_ReadyUp_f             1004fb50 f   g_cmds.obj
 0001:0004ed70       _Cmd_Elo_f                 1004fd70 f   g_cmds.obj
 0001:0004ee80       _Cmd_Cointoss_f            1004fe80 f   g_cmds.obj
 0001:0004eed0       _DeathmatchScoreboardMessage 1004fed0 f   g_cmds.obj
 0001:0004f4a0       _G_TeamHoldStatForPowerup  100504a0 f   g_cmds.obj
 0001:0004f520       _G_BeginClientTeamHoldStat 10050520 f   g_cmds.obj
 0001:0004f570       _G_EndClientTeamHoldStat   10050570 f   g_cmds.obj
 0001:0004f630       _G_FlushExpiredClientTeamHoldStats 10050630 f   g_cmds.obj
 0001:0004f6f0       _G_GetClientTeamHoldStatSeconds 100506f0 f   g_cmds.obj
 0001:0004f7c0       _ClientCommand             100507c0 f   g_cmds.obj
 0001:00053b00       _Cmd_Ready_f               10054b00 f   g_cmds.obj
 0001:00053be0       _Cmd_NotReady_f            10054be0 f   g_cmds.obj
 0001:00053cb0       _Cmd_Players_f             10054cb0 f   g_cmds.obj
 0001:00053df0       _Cmd_Teams_f               10054df0 f   g_cmds.obj
 0001:000540c0       _Cmd_Acc_f                 100550c0 f   g_cmds.obj
 0001:000540e0       _Cmd_Cvar_f                100550e0 f   g_cmds.obj
 0001:000542e0       _CheatsOk                  100552e0 f   g_cmds.obj
 0001:00054360       _ConcatArgs                10055360 f   g_cmds.obj
 0001:00054610       _SanitizeString            10055610 f   g_cmds.obj
 0001:00054690       _ClientNumberFromString    10055690 f   g_cmds.obj
 0001:00054880       _Cmd_Give_f                10055880 f   g_cmds.obj
 0001:00054930       _Cmd_God_f                 10055930 f   g_cmds.obj
 0001:000549b0       _Cmd_Notarget_f            100559b0 f   g_cmds.obj
 0001:00054a30       _Cmd_Noclip_f              10055a30 f   g_cmds.obj
 0001:00054e60       _Cmd_LevelShot_f           10055e60 f   g_cmds.obj
 0001:00054ed0       _Cmd_TeamTask_f            10055ed0 f   g_cmds.obj
 0001:00055020       _Cmd_Kill_f                10056020 f   g_cmds.obj
 0001:00055170       _Cmd_Forfeit_f             10056170 f   g_cmds.obj
 0001:00055220       _Cmd_Team_f                10056220 f   g_cmds.obj
 0001:000553e0       _Cmd_Follow_f              100563e0 f   g_cmds.obj
 0001:00055820       _G_Say                     10056820 f   g_cmds.obj
 0001:00055e20       _G_Voice                   10056e20 f   g_cmds.obj
 0001:00056480       _Cmd_GameCommand_f         10057480 f   g_cmds.obj
 0001:00056590       _Cmd_Where_f               10057590 f   g_cmds.obj
 0001:00056760       _Cmd_CallVote_f            10057760 f   g_cmds.obj
 0001:00058c60       _Cmd_Vote_f                10059c60 f   g_cmds.obj
 0001:00058f80       _Cmd_CallTeamVote_f        10059f80 f   g_cmds.obj
 0001:00059750       _Cmd_TeamVote_f            1005a750 f   g_cmds.obj
 0001:00059950       _Cmd_SetViewpos_f          1005a950 f   g_cmds.obj
 0001:00059ad0       _Cmd_Stats_f               1005aad0 f   g_cmds.obj
 0001:0005a5b0       _CanDamage                 1005b5b0 f   g_combat.obj
 0001:0005aaf0       _G_Damage                  1005baf0 f   g_combat.obj
 0001:0005b9c0       _G_RadiusDamage            1005c9c0 f   g_combat.obj
 0001:0005bdd0       _G_InvulnerabilityEffect   1005cdd0 f   g_combat.obj
 0001:0005c0e0       _body_die                  1005d0e0 f   g_combat.obj
 0001:0005c100       _TossClientItems           1005d100 f   g_combat.obj
 0001:0005c310       _TossClientPersistantPowerups 1005d310 f   g_combat.obj
 0001:0005c3c0       _TossClientCubes           1005d3c0 f   g_combat.obj
 0001:0005c670       _CheckAlmostCapture        1005d670 f   g_combat.obj
 0001:0005c8b0       _CheckAlmostScored         1005d8b0 f   g_combat.obj
 0001:0005ca90       _player_die                1005da90 f   g_combat.obj
 0001:0005d5a0       _AddScore                  1005e5a0 f   g_combat.obj
 0001:0005d6a0       _G_ComplaintResetClient    1005e6a0 f   g_combat.obj
 0001:0005d710       _G_ComplaintConsiderForDamage 1005e710 f   g_combat.obj
 0001:0005d960       _G_ComplaintResolve        1005e960 f   g_combat.obj
 0001:0005daf0       _G_ComplaintClientDisconnected 1005eaf0 f   g_combat.obj
 0001:0005dbc0       _ScorePlum                 1005ebc0 f   g_combat.obj
 0001:0005e090       _LookAtKiller              1005f090 f   g_combat.obj
 0001:0005e2a0       _GibEntity                 1005f2a0 f   g_combat.obj
 0001:0005e3f0       _Kamikaze_DeathActivate    1005f3f0 f   g_combat.obj
 0001:0005e410       _Kamikaze_DeathTimer       1005f410 f   g_combat.obj
 0001:0005e810       _CheckArmor                1005f810 f   g_combat.obj
 0001:0005e900       _RaySphereIntersections    1005f900 f   g_combat.obj
 0001:0005f410       _G_KeyItemDefs             10060410 f   g_items.obj
 0001:0005f430       _G_KeyItemForBit           10060430 f   g_items.obj
 0001:0005f490       _G_DropClientKeys          10060490 f   g_items.obj
 0001:0005f540       _G_CheckTeamItems          10060540 f   g_items.obj
 0001:0005f7b0       _G_RunItem                 100607b0 f   g_items.obj
 0001:0005f980       _RespawnItem               10060980 f   g_items.obj
 0001:0005fba0       _Drop_Item                 10060ba0 f   g_items.obj
 0001:0005fc80       _LaunchItem                10060c80 f   g_items.obj
 0001:0005ffa0       _G_SpawnItem               10060fa0 f   g_items.obj
 0001:000600c0       _FinishSpawningItem        100610c0 f   g_items.obj
 0001:00060420       _G_SpawnItemPowerups       10061420 f   g_items.obj
 0001:00060500       _G_SpawnQuadHogQuad        10061500 f   g_items.obj
 0001:000606c0       _G_EnsureQuadHogQuad       100616c0 f   g_items.obj
 0001:000607a0       _Add_Ammo                  100617a0 f   g_items.obj
 0001:00060890       _Touch_Item                10061890 f   g_items.obj
 0001:00060e00       _ClearRegisteredItems      10061e00 f   g_items.obj
 0001:00060ec0       _RegisterItem              10061ec0 f   g_items.obj
 0001:00060f00       _SaveRegisteredItems       10061f00 f   g_items.obj
 0001:000625e0       _Pickup_Powerup            100635e0 f   g_items.obj
 0001:00062be0       _Pickup_PersistantPowerup  10063be0 f   g_items.obj
 0001:00062c60       _Pickup_Holdable           10063c60 f   g_items.obj
 0001:00062fa0       _Pickup_Ammo               10063fa0 f   g_items.obj
 0001:000630f0       _Pickup_Weapon             100640f0 f   g_items.obj
 0001:000632d0       _Pickup_Health             100642d0 f   g_items.obj
 0001:00063410       _Pickup_Armor              10064410 f   g_items.obj
 0001:00063fc0       _Use_Item                  10064fc0 f   g_items.obj
 0001:00063fe0       _G_ItemDisabled            10064fe0 f   g_items.obj
 0001:00064030       _G_BounceItem              10065030 f   g_items.obj
 0001:000645e0       _Com_Error                 100655e0 f   g_main.obj
 0001:00064650       _Com_Printf                10065650 f   g_main.obj
 0001:000646c0       _G_InitWeaponConfig        100656c0 f   g_main.obj
 0001:00064c90       _G_UpdateWeaponConfig      10065c90 f   g_main.obj
 0001:00064ca0       _G_InitFlagConfig          10065ca0 f   g_main.obj
 0001:00064cb0       _G_UpdateFlagConfig        10065cb0 f   g_main.obj
 0001:00064e20       _G_GetSuddenDeathRespawnDelay 10065e20 f   g_main.obj
 0001:00064ed0       _G_QuadHogOnPickup         10065ed0 f   g_main.obj
 0001:00064f70       _G_QuadHogFrame            10065f70 f   g_main.obj
 0001:00065260       _G_RefreshAllCvars         10066260 f   g_main.obj
 0001:000652b0       _G_CustomSettingsDirty     100662b0 f   g_main.obj
 0001:000652c0       _G_ClearCustomSettingsDirtyFlag 100662c0 f   g_main.obj
 0001:000652d0       _G_AdminAccessForSteamID   100662d0 f   g_main.obj
 0001:00065340       _G_ReloadAdminAccess       10066340 f   g_main.obj
 0001:000653b0       _G_UpdateReadyUpConfigstring 100663b0 f   g_main.obj
 0001:00065410       _G_GametypeInit            10066410 f   g_main.obj
 0001:00065430       _G_GametypeClientBegin     10066430 f   g_main.obj
 0001:00065450       _G_GametypeClientSpawn     10066450 f   g_main.obj
 0001:00065470       _G_ApplyForfeit            10066470 f   g_main.obj
 0001:000655f0       _BeginIntermission         100665f0 f   g_main.obj
 0001:000656c0       _CalculateRanks            100666c0 f   g_main.obj
 0001:00065c60       _MoveClientToIntermission  10066c60 f   g_main.obj
 0001:00065e40       _FindIntermissionPoint     10066e40 f   g_main.obj
 0001:00066020       _G_FindNextTournamentPlayer 10067020 f   g_main.obj
 0001:000660e0       _G_UpdateTournamentQueuePositions 100670e0 f   g_main.obj
 0001:00066270       _G_SyncTournamentQueueTeamTasks 10067270 f   g_main.obj
 0001:00066420       _PrintTeam                 10067420 f   g_main.obj
 0001:00066480       _SetLeader                 10067480 f   g_main.obj
 0001:000665f0       _CheckTeamLeader           100675f0 f   g_main.obj
 0001:00066720       _G_RunThink                10067720 f   g_main.obj
 0001:000667c0       _G_LogPrintf               100677c0 f   g_main.obj
 0001:000668f0       _LogExit                   100678f0 f   g_main.obj
 0001:00066bc0       _SendScoreboardMessageToAllClients 10067bc0 f   g_main.obj
 0001:00066c20       _ScoreIsTied               10067c20 f   g_main.obj
 0001:00066cf0       _G_SetGameState            10067cf0 f   g_main.obj
 0001:00066d70       _G_ResetTimeoutState       10067d70 f   g_main.obj
 0001:00066db0       _G_ApplyTimeoutPauseDelta  10067db0 f   g_main.obj
 0001:00066e30       _G_Printf                  10067e30 f   g_main.obj
 0001:00066e90       _G_Error                   10067e90 f   g_main.obj
 0001:00066ef0       _G_RankResetClientStats    10067ef0 f   g_main.obj
 0001:00066fa0       _G_RankClientConnect       10067fa0 f   g_main.obj
 0001:00067080       _G_RankClientDisconnect    10068080 f   g_main.obj
 0001:00067160       _G_RankAccumulateWeaponTime 10068160 f   g_main.obj
 0001:00067250       _G_RankAccumulateDamage    10068250 f   g_main.obj
 0001:00067350       _G_RankSendPlayerMedal     10068350 f   g_main.obj
 0001:000676c0       _G_RankSendFlagStatus      100686c0 f   g_main.obj
 0001:00067990       _G_RankSendPlayerSwitchTeam 10068990 f   g_main.obj
 0001:00067cc0       _G_RankSendPlayerRaceComplete 10068cc0 f   g_main.obj
 0001:00068000       _G_RankSendPlayerDeath     10069000 f   g_main.obj
 0001:00068850       _G_RankSendPlayerStats     10069850 f   g_main.obj
 0001:00068930       _G_RankSendMatchStarted    10069930 f   g_main.obj
 0001:000689c0       _G_RankSubmitMatchReport   100699c0 f   g_main.obj
 0001:00068a50       _G_WarmupReadyToStart      10069a50 f   g_main.obj
 0001:00068bd0       _G_UpdateForcedCosmeticsConfigstring 10069bd0 f   g_main.obj
 0001:00068d80       _G_SetWorldspawnAtmosphere 10069d80 f   g_main.obj
 0001:0006a9c0       _G_SuddenDeathThink        1006b9c0 f   g_main.obj
 0001:0006ab20       _QLR_Game_BindFrameContext 1006bb20 f   g_main.obj
 0001:0006ab60       _QLR_Game_UnbindFrameContext 1006bb60 f   g_main.obj
 0001:0006b270       _G_InitGame                1006c270 f   g_main.obj
 0001:0006b8d0       _G_RunFrame                1006c8d0 f   g_main.obj
 0001:0006ba20       _G_ShutdownGame            1006ca20 f   g_main.obj
 0001:0006ba90       _G_RegisterCvars           1006ca90 f   g_main.obj
 0001:0006bd70       _CheckExitRules            1006cd70 f   g_main.obj
 0001:0006c270       _vmMain                    1006d270 f   g_main.obj
 0001:0006c480       _G_GetNativeExportTable    1006d480 f   g_main.obj
 0001:0006c490       _G_FindTeams               1006d490 f   g_main.obj
 0001:0006c650       _G_RemapTeamShaders        1006d650 f   g_main.obj
 0001:0006c760       _G_UpdateCvars             1006d760 f   g_main.obj
 0001:0006d280       _AddTournamentPlayer       1006e280 f   g_main.obj
 0001:0006d2d0       _RemoveTournamentLoser     1006e2d0 f   g_main.obj
 0001:0006d330       _RemoveTournamentWinner    1006e330 f   g_main.obj
 0001:0006d390       _AdjustTournamentScores    1006e390 f   g_main.obj
 0001:0006d900       _SortRanks                 1006e900 f   g_main.obj
 0001:0006da70       _ExitLevel                 1006ea70 f   g_main.obj
 0001:00071a90       _CheckIntermissionExit     10072a90 f   g_main.obj
 0001:00071f60       _CheckTournament           10072f60 f   g_main.obj
 0001:00072630       _CheckVote                 10073630 f   g_main.obj
 0001:00072710       _CheckTeamVote             10073710 f   g_main.obj
 0001:00072860       _CheckCvars                10073860 f   g_main.obj
 0001:00072980       __vsnprintf                10073980 f i g_main.obj
 0001:000729a0       _G_UpdateTimeoutConfigStrings 100739a0 f   g_match_state.obj
 0001:00072a60       _G_UpdateMatchStateConfigString 10073a60 f   g_match_state.obj
 0001:00072e10       _G_UpdateTeamCountConfigstrings 10073e10 f   g_match_state.obj
 0001:000731e0       _G_Alloc                   100741e0 f   g_mem.obj
 0001:00073270       _G_InitMemory              10074270 f   g_mem.obj
 0001:00073280       _Svcmd_GameMem_f           10074280 f   g_mem.obj
 0001:000733a0       _TeleportPlayer            100743a0 f   g_misc.obj
 0001:000736b0       _DropPortalSource          100746b0 f   g_misc.obj
 0001:000739d0       _DropPortalDestination     100749d0 f   g_misc.obj
 0001:00073ce0       _SP_info_camp              10074ce0 f   g_misc.obj
 0001:00073d00       _SP_info_null              10074d00 f   g_misc.obj
 0001:00073d20       _SP_info_notnull           10074d20 f   g_misc.obj
 0001:00073d40       _SP_light                  10074d40 f   g_misc.obj
 0001:00073d60       _SP_misc_teleporter_dest   10074d60 f   g_misc.obj
 0001:00073d70       _SP_misc_model             10074d70 f   g_misc.obj
 0001:00073d90       _SP_advertisement          10074d90 f   g_misc.obj
 0001:00074180       _SP_info_tour_point        10075180 f   g_misc.obj
 0001:00074490       _locateCamera              10075490 f   g_misc.obj
 0001:000746c0       _SP_misc_portal_surface    100756c0 f   g_misc.obj
 0001:00074800       _SP_misc_portal_camera     10075800 f   g_misc.obj
 0001:000748e0       _Use_Shooter               100758e0 f   g_misc.obj
 0001:00074cd0       _InitShooter               10075cd0 f   g_misc.obj
 0001:00074dc0       _SP_shooter_rocket         10075dc0 f   g_misc.obj
 0001:00074de0       _SP_shooter_plasma         10075de0 f   g_misc.obj
 0001:00074e00       _SP_shooter_grenade        10075e00 f   g_misc.obj
 0001:00075140       _G_IsMidAirEligibleTarget  10076140 f   g_missile.obj
 0001:000752e0       _G_RunMissile              100762e0 f   g_missile.obj
 0001:00075980       _fire_plasma               10076980 f   g_missile.obj
 0001:00075c70       _fire_grenade              10076c70 f   g_missile.obj
 0001:00075f50       _fire_rocket               10076f50 f   g_missile.obj
 0001:00076140       _fire_bfg                  10077140 f   g_missile.obj
 0001:00076430       _fire_grapple              10077430 f   g_missile.obj
 0001:00076600       _fire_nail                 10077600 f   g_missile.obj
 0001:00076d10       _fire_prox                 10077d10 f   g_missile.obj
 0001:00076ff0       _G_BounceMissile           10077ff0 f   g_missile.obj
 0001:00077390       _G_ExplodeMissile          10078390 f   g_missile.obj
 0001:00077610       _ProximityMine_Trigger     10078610 f   g_missile.obj
 0001:00077bf0       _G_MissileImpact           10078bf0 f   g_missile.obj
 0001:000794c0       _G_RunMover                1007a4c0 f   g_mover.obj
 0001:00079510       _Touch_DoorTrigger         1007a510 f   g_mover.obj
 0001:000795a0       _MatchTeam                 1007a5a0 f   g_mover.obj
 0001:000795e0       _G_TestEntityPosition      1007a5e0 f   g_mover.obj
 0001:000796c0       _G_CreateRotationMatrix    1007a6c0 f   g_mover.obj
 0001:00079710       _G_TransposeMatrix         1007a710 f   g_mover.obj
 0001:00079770       _G_RotatePoint             1007a770 f   g_mover.obj
 0001:00079970       _G_TryPushingEntity        1007a970 f   g_mover.obj
 0001:0007a3a0       _G_CheckProxMinePosition   1007b3a0 f   g_mover.obj
 0001:0007a590       _G_TryPushingProxMine      1007b590 f   g_mover.obj
 0001:0007aa80       _G_MoverPush               1007ba80 f   g_mover.obj
 0001:0007b540       _G_MoverTeam               1007c540 f   g_mover.obj
 0001:0007b830       _SetMoverState             1007c830 f   g_mover.obj
 0001:0007bcf0       _ReturnToPos1              1007ccf0 f   g_mover.obj
 0001:0007bd40       _Reached_BinaryMover       1007cd40 f   g_mover.obj
 0001:0007be80       _Use_BinaryMover           1007ce80 f   g_mover.obj
 0001:0007c0c0       _InitMover                 1007d0c0 f   g_mover.obj
 0001:0007c510       _Blocked_Door              1007d510 f   g_mover.obj
 0001:0007c870       _Think_SpawnNewDoorTrigger 1007d870 f   g_mover.obj
 0001:0007ce50       _Think_MatchTeam           1007de50 f   g_mover.obj
 0001:0007ce80       _SP_func_door              1007de80 f   g_mover.obj
 0001:0007d490       _Touch_Plat                1007e490 f   g_mover.obj
 0001:0007d4e0       _Touch_PlatCenterTrigger   1007e4e0 f   g_mover.obj
 0001:0007d520       _SpawnPlatTrigger          1007e520 f   g_mover.obj
 0001:0007d8f0       _SP_func_plat              1007e8f0 f   g_mover.obj
 0001:0007dbb0       _Touch_Button              1007ebb0 f   g_mover.obj
 0001:0007dbf0       _SP_func_button            1007ebf0 f   g_mover.obj
 0001:0007dfe0       _Think_BeginMoving         1007efe0 f   g_mover.obj
 0001:0007e000       _Reached_Train             1007f000 f   g_mover.obj
 0001:0007e2f0       _Think_SetupTrainTargets   1007f2f0 f   g_mover.obj
 0001:0007e430       _SP_path_corner            1007f430 f   g_mover.obj
 0001:0007e470       _SP_func_train             1007f470 f   g_mover.obj
 0001:0007e5a0       _SP_func_static            1007f5a0 f   g_mover.obj
 0001:0007e690       _SP_func_rotating          1007f690 f   g_mover.obj
 0001:0007e8a0       _SP_func_bobbing           1007f8a0 f   g_mover.obj
 0001:0007ea90       _SP_func_pendulum          1007fa90 f   g_mover.obj
 0001:0007ed10       _G_ReadSessionData         1007fd10 f   g_session.obj
 0001:0007ef50       _G_InitSessionData         1007ff50 f   g_session.obj
 0001:0007f0e0       _G_InitWorldSession        100800e0 f   g_session.obj
 0001:0007f160       _G_WriteSessionData        10080160 f   g_session.obj
 0001:0007f1e0       _G_WriteClientSessionData  100801e0 f   g_session.obj
 0001:0007f2c0       _G_SpawnString             100802c0 f   g_spawn.obj
 0001:0007f350       _G_SpawnFloat              10080350 f   g_spawn.obj
 0001:0007f390       _G_SpawnInt                10080390 f   g_spawn.obj
 0001:0007f3d0       _G_SpawnVector             100803d0 f   g_spawn.obj
 0001:0007f430       _G_InitSpawnQueue          10080430 f   g_spawn.obj
 0001:0007f4b0       _G_SyncMatchFactoryConfigToLevel 100804b0 f   g_spawn.obj
 0001:0007f4d0       _G_RequestClientSpawn      100804d0 f   g_spawn.obj
 0001:0007f720       _G_SpawnEntitiesFromString 10080720 f   g_spawn.obj
 0001:0007f780       _G_UpdateDisableLoadoutConfigstrings 10080780 f   g_spawn.obj
 0001:0007f7c0       _G_NewString               100807c0 f   g_spawn.obj
 0001:0007fbe0       _SP_item_botroam           10080be0 f   g_spawn.obj
 0001:0007fbf0       _G_CallSpawn               10080bf0 f   g_spawn.obj
 0001:0007fcd0       _G_ParseField              10080cd0 f   g_spawn.obj
 0001:0007ffe0       _G_SpawnGEntityFromSpawnVars 10080fe0 f   g_spawn.obj
 0001:00080290       _G_AddSpawnVarToken        10081290 f   g_spawn.obj
 0001:00080310       _G_ParseSpawnVars          10081310 f   g_spawn.obj
 0001:000804a0       _SP_worldspawn             100814a0 f   g_spawn.obj
 0001:00080bb0       _ConsoleCommand            10081bb0 f   g_svcmds.obj
 0001:00081190       _G_ProcessIPBans           10082190 f   g_svcmds.obj
 0001:00081270       _G_FilterPacket            10082270 f   g_svcmds.obj
 0001:00081850       _Svcmd_AddIP_f             10082850 f   g_svcmds.obj
 0001:000818b0       _Svcmd_RemoveIP_f          100828b0 f   g_svcmds.obj
 0001:000819c0       _Svcmd_EntityList_f        100829c0 f   g_svcmds.obj
 0001:00081b80       _ClientForString           10082b80 f   g_svcmds.obj
 0001:00081e00       _Svcmd_ForceTeam_f         10082e00 f   g_svcmds.obj
 0001:00082090       _Svcmd_TeamSize_f          10083090 f   g_svcmds.obj
 0001:00082130       _Cmd_CoinToss_f            10083130 f   g_svcmds.obj
 0001:000821c0       _Cmd_RandomMap_f           100831c0 f   g_svcmds.obj
 0001:00082200       _trap_Printf               10083200 f   g_syscalls.obj
 0001:00082220       _trap_Error                10083220 f   g_syscalls.obj
 0001:00082240       _trap_Milliseconds         10083240 f   g_syscalls.obj
 0001:00082250       _trap_Argc                 10083250 f   g_syscalls.obj
 0001:00082260       _trap_Argv                 10083260 f   g_syscalls.obj
 0001:00082280       _trap_FS_FOpenFile         10083280 f   g_syscalls.obj
 0001:000822a0       _trap_FS_Read              100832a0 f   g_syscalls.obj
 0001:000822c0       _trap_FS_Write             100832c0 f   g_syscalls.obj
 0001:000822e0       _trap_FS_FCloseFile        100832e0 f   g_syscalls.obj
 0001:00082300       _trap_FS_GetFileList       10083300 f   g_syscalls.obj
 0001:00082320       _trap_FS_Seek              10083320 f   g_syscalls.obj
 0001:00082340       _trap_SendConsoleCommand   10083340 f   g_syscalls.obj
 0001:00082360       _trap_Cvar_Register        10083360 f   g_syscalls.obj
 0001:00082380       _trap_Cvar_Update          10083380 f   g_syscalls.obj
 0001:000823a0       _trap_Cvar_Set             100833a0 f   g_syscalls.obj
 0001:000823c0       _trap_Cvar_VariableIntegerValue 100833c0 f   g_syscalls.obj
 0001:000823e0       _trap_Cvar_VariableStringBuffer 100833e0 f   g_syscalls.obj
 0001:00082400       _trap_LocateGameData       10083400 f   g_syscalls.obj
 0001:00082430       _trap_DropClient           10083430 f   g_syscalls.obj
 0001:00082450       _trap_SendServerCommand    10083450 f   g_syscalls.obj
 0001:00082470       _trap_SetConfigstring      10083470 f   g_syscalls.obj
 0001:00082490       _trap_GetConfigstring      10083490 f   g_syscalls.obj
 0001:000824b0       _trap_GetUserinfo          100834b0 f   g_syscalls.obj
 0001:000824d0       _trap_SetUserinfo          100834d0 f   g_syscalls.obj
 0001:000824f0       _trap_GetServerinfo        100834f0 f   g_syscalls.obj
 0001:00082510       _trap_GetSteamId           10083510 f   g_syscalls.obj
 0001:00082550       _trap_VerifySteamAuth      10083550 f   g_syscalls.obj
 0001:00082580       _trap_SubmitMatchReport    10083580 f   g_syscalls.obj
 0001:000825b0       _trap_ReportPlayerEvent    100835b0 f   g_syscalls.obj
 0001:000825f0       _trap_AddSteamStat         100835f0 f   g_syscalls.obj
 0001:00082630       _trap_UnlockSteamAchievement 10083630 f   g_syscalls.obj
 0001:00082660       _trap_HasSteamAchievement  10083660 f   g_syscalls.obj
 0001:000826b0       _trap_RankActive           100836b0 f   g_syscalls.obj
 0001:000826e0       _trap_RankBegin            100836e0 f   g_syscalls.obj
 0001:00082700       _trap_RankCheckInit        10083700 f   g_syscalls.obj
 0001:00082730       _trap_RankPoll             10083730 f   g_syscalls.obj
 0001:00082750       _trap_RankUserStatus       10083750 f   g_syscalls.obj
 0001:00082770       _trap_RankUserReset        10083770 f   g_syscalls.obj
 0001:00082790       _trap_RankReportInt        10083790 f   g_syscalls.obj
 0001:000827d0       _trap_RankReportStr        100837d0 f   g_syscalls.obj
 0001:00082800       _trap_SetBrushModel        10083800 f   g_syscalls.obj
 0001:00082820       _trap_Trace                10083820 f   g_syscalls.obj
 0001:00082850       _trap_PointContents        10083850 f   g_syscalls.obj
 0001:00082870       _trap_InPVS                10083870 f   g_syscalls.obj
 0001:000828b0       _trap_InPVSIgnorePortals   100838b0 f   g_syscalls.obj
 0001:000828f0       _trap_AdjustAreaPortalState 100838f0 f   g_syscalls.obj
 0001:00082930       _trap_AreasConnected       10083930 f   g_syscalls.obj
 0001:00082970       _trap_LinkEntity           10083970 f   g_syscalls.obj
 0001:00082990       _trap_UnlinkEntity         10083990 f   g_syscalls.obj
 0001:000829b0       _trap_EntitiesInBox        100839b0 f   g_syscalls.obj
 0001:000829d0       _trap_EntityContact        100839d0 f   g_syscalls.obj
 0001:00082a10       _trap_BotAllocateClient    10083a10 f   g_syscalls.obj
 0001:00082a20       _trap_BotFreeClient        10083a20 f   g_syscalls.obj
 0001:00082a40       _trap_GetUsercmd           10083a40 f   g_syscalls.obj
 0001:00082a60       _trap_GetEntityToken       10083a60 f   g_syscalls.obj
 0001:00082aa0       _trap_DebugPolygonCreate   10083aa0 f   g_syscalls.obj
 0001:00082ac0       _trap_DebugPolygonDelete   10083ac0 f   g_syscalls.obj
 0001:00082ae0       _trap_BotLibSetup          10083ae0 f   g_syscalls.obj
 0001:00082b00       _trap_BotLibShutdown       10083b00 f   g_syscalls.obj
 0001:00082b20       _trap_BotLibVarSet         10083b20 f   g_syscalls.obj
 0001:00082b40       _trap_BotLibVarGet         10083b40 f   g_syscalls.obj
 0001:00082b60       _trap_BotLibDefine         10083b60 f   g_syscalls.obj
 0001:00082b80       _trap_BotLibStartFrame     10083b80 f   g_syscalls.obj
 0001:00082bb0       _trap_BotLibLoadMap        10083bb0 f   g_syscalls.obj
 0001:00082bd0       _trap_BotLibUpdateEntity   10083bd0 f   g_syscalls.obj
 0001:00082bf0       _trap_BotLibTest           10083bf0 f   g_syscalls.obj
 0001:00082c20       _trap_BotGetSnapshotEntity 10083c20 f   g_syscalls.obj
 0001:00082c40       _trap_BotGetServerCommand  10083c40 f   g_syscalls.obj
 0001:00082c60       _trap_BotUserCommand       10083c60 f   g_syscalls.obj
 0001:00082c80       _trap_AAS_BBoxAreas        10083c80 f   g_syscalls.obj
 0001:00082cb0       _trap_AAS_AreaInfo         10083cb0 f   g_syscalls.obj
 0001:00082cd0       _trap_AAS_EntityInfo       10083cd0 f   g_syscalls.obj
 0001:00082cf0       _trap_AAS_Initialized      10083cf0 f   g_syscalls.obj
 0001:00082d10       _trap_AAS_PresenceTypeBoundingBox 10083d10 f   g_syscalls.obj
 0001:00082d30       _trap_AAS_Time             10083d30 f   g_syscalls.obj
 0001:00082d70       _trap_AAS_PointAreaNum     10083d70 f   g_syscalls.obj
 0001:00082d90       _trap_AAS_PointReachabilityAreaIndex 10083d90 f   g_syscalls.obj
 0001:00082db0       _trap_AAS_TraceAreas       10083db0 f   g_syscalls.obj
 0001:00082de0       _trap_AAS_PointContents    10083de0 f   g_syscalls.obj
 0001:00082e00       _trap_AAS_NextBSPEntity    10083e00 f   g_syscalls.obj
 0001:00082e20       _trap_AAS_ValueForBSPEpairKey 10083e20 f   g_syscalls.obj
 0001:00082e50       _trap_AAS_VectorForBSPEpairKey 10083e50 f   g_syscalls.obj
 0001:00082e70       _trap_AAS_FloatForBSPEpairKey 10083e70 f   g_syscalls.obj
 0001:00082e90       _trap_AAS_IntForBSPEpairKey 10083e90 f   g_syscalls.obj
 0001:00082eb0       _trap_AAS_AreaReachability 10083eb0 f   g_syscalls.obj
 0001:00082ed0       _trap_AAS_AreaTravelTimeToGoalArea 10083ed0 f   g_syscalls.obj
 0001:00082f00       _trap_AAS_EnableRoutingArea 10083f00 f   g_syscalls.obj
 0001:00082f20       _trap_AAS_PredictRoute     10083f20 f   g_syscalls.obj
 0001:00082f60       _trap_AAS_AlternativeRouteGoals 10083f60 f   g_syscalls.obj
 0001:00082fa0       _trap_AAS_Swimming         10083fa0 f   g_syscalls.obj
 0001:00082fc0       _trap_AAS_PredictClientMovement 10083fc0 f   g_syscalls.obj
 0001:00083020       _trap_EA_Say               10084020 f   g_syscalls.obj
 0001:00083040       _trap_EA_SayTeam           10084040 f   g_syscalls.obj
 0001:00083060       _trap_EA_Command           10084060 f   g_syscalls.obj
 0001:00083080       _trap_EA_Action            10084080 f   g_syscalls.obj
 0001:000830a0       _trap_EA_Gesture           100840a0 f   g_syscalls.obj
 0001:000830c0       _trap_EA_Talk              100840c0 f   g_syscalls.obj
 0001:000830e0       _trap_EA_Attack            100840e0 f   g_syscalls.obj
 0001:00083100       _trap_EA_Use               10084100 f   g_syscalls.obj
 0001:00083120       _trap_EA_Respawn           10084120 f   g_syscalls.obj
 0001:00083140       _trap_EA_Crouch            10084140 f   g_syscalls.obj
 0001:00083160       _trap_EA_MoveUp            10084160 f   g_syscalls.obj
 0001:00083180       _trap_EA_MoveDown          10084180 f   g_syscalls.obj
 0001:000831a0       _trap_EA_MoveForward       100841a0 f   g_syscalls.obj
 0001:000831c0       _trap_EA_MoveBack          100841c0 f   g_syscalls.obj
 0001:000831e0       _trap_EA_MoveLeft          100841e0 f   g_syscalls.obj
 0001:00083200       _trap_EA_MoveRight         10084200 f   g_syscalls.obj
 0001:00083220       _trap_EA_SelectWeapon      10084220 f   g_syscalls.obj
 0001:00083240       _trap_EA_Jump              10084240 f   g_syscalls.obj
 0001:00083260       _trap_EA_DelayedJump       10084260 f   g_syscalls.obj
 0001:00083280       _trap_EA_Move              10084280 f   g_syscalls.obj
 0001:000832b0       _trap_EA_View              100842b0 f   g_syscalls.obj
 0001:000832d0       _trap_EA_EndRegular        100842d0 f   g_syscalls.obj
 0001:00083300       _trap_EA_GetInput          10084300 f   g_syscalls.obj
 0001:00083330       _trap_EA_ResetInput        10084330 f   g_syscalls.obj
 0001:00083350       _trap_BotLoadCharacter     10084350 f   g_syscalls.obj
 0001:00083380       _trap_BotFreeCharacter     10084380 f   g_syscalls.obj
 0001:000833a0       _trap_Characteristic_Float 100843a0 f   g_syscalls.obj
 0001:000833f0       _trap_Characteristic_BFloat 100843f0 f   g_syscalls.obj
 0001:00083480       _trap_Characteristic_Integer 10084480 f   g_syscalls.obj
 0001:000834a0       _trap_Characteristic_BInteger 100844a0 f   g_syscalls.obj
 0001:000834d0       _trap_Characteristic_String 100844d0 f   g_syscalls.obj
 0001:00083500       _trap_BotAllocChatState    10084500 f   g_syscalls.obj
 0001:00083520       _trap_BotFreeChatState     10084520 f   g_syscalls.obj
 0001:00083540       _trap_BotQueueConsoleMessage 10084540 f   g_syscalls.obj
 0001:00083560       _trap_BotRemoveConsoleMessage 10084560 f   g_syscalls.obj
 0001:00083580       _trap_BotNextConsoleMessage 10084580 f   g_syscalls.obj
 0001:000835a0       _trap_BotNumConsoleMessages 100845a0 f   g_syscalls.obj
 0001:000835c0       _trap_BotInitialChat       100845c0 f   g_syscalls.obj
 0001:00083600       _trap_BotNumInitialChats   10084600 f   g_syscalls.obj
 0001:00083620       _trap_BotReplyChat         10084620 f   g_syscalls.obj
 0001:00083670       _trap_BotChatLength        10084670 f   g_syscalls.obj
 0001:00083690       _trap_BotEnterChat         10084690 f   g_syscalls.obj
 0001:000836b0       _trap_BotGetChatMessage    100846b0 f   g_syscalls.obj
 0001:000836d0       _trap_StringContains       100846d0 f   g_syscalls.obj
 0001:000836f0       _trap_BotFindMatch         100846f0 f   g_syscalls.obj
 0001:00083710       _trap_BotMatchVariable     10084710 f   g_syscalls.obj
 0001:00083740       _trap_UnifyWhiteSpaces     10084740 f   g_syscalls.obj
 0001:00083760       _trap_BotReplaceSynonyms   10084760 f   g_syscalls.obj
 0001:00083780       _trap_BotLoadChatFile      10084780 f   g_syscalls.obj
 0001:000837a0       _trap_BotSetChatGender     100847a0 f   g_syscalls.obj
 0001:000837c0       _trap_BotSetChatName       100847c0 f   g_syscalls.obj
 0001:000837e0       _trap_BotResetGoalState    100847e0 f   g_syscalls.obj
 0001:00083800       _trap_BotRemoveFromAvoidGoals 10084800 f   g_syscalls.obj
 0001:00083820       _trap_BotResetAvoidGoals   10084820 f   g_syscalls.obj
 0001:00083840       _trap_BotPushGoal          10084840 f   g_syscalls.obj
 0001:00083860       _trap_BotPopGoal           10084860 f   g_syscalls.obj
 0001:00083880       _trap_BotEmptyGoalStack    10084880 f   g_syscalls.obj
 0001:000838a0       _trap_BotDumpAvoidGoals    100848a0 f   g_syscalls.obj
 0001:000838c0       _trap_BotDumpGoalStack     100848c0 f   g_syscalls.obj
 0001:000838e0       _trap_BotGoalName          100848e0 f   g_syscalls.obj
 0001:00083900       _trap_BotGetTopGoal        10084900 f   g_syscalls.obj
 0001:00083920       _trap_BotGetSecondGoal     10084920 f   g_syscalls.obj
 0001:00083940       _trap_BotChooseLTGItem     10084940 f   g_syscalls.obj
 0001:00083970       _trap_BotChooseNBGItem     10084970 f   g_syscalls.obj
 0001:000839b0       _trap_BotTouchingGoal      100849b0 f   g_syscalls.obj
 0001:000839d0       _trap_BotItemGoalInVisButNotVisible 100849d0 f   g_syscalls.obj
 0001:00083a00       _trap_BotGetNextCampSpotGoal 10084a00 f   g_syscalls.obj
 0001:00083a20       _trap_BotGetMapLocationGoal 10084a20 f   g_syscalls.obj
 0001:00083a40       _trap_BotGetLevelItemGoal  10084a40 f   g_syscalls.obj
 0001:00083a60       _trap_BotAvoidGoalTime     10084a60 f   g_syscalls.obj
 0001:00083ab0       _trap_BotSetAvoidGoalTime  10084ab0 f   g_syscalls.obj
 0001:00083ae0       _trap_BotInitLevelItems    10084ae0 f   g_syscalls.obj
 0001:00083b00       _trap_BotUpdateEntityItems 10084b00 f   g_syscalls.obj
 0001:00083b20       _trap_BotLoadItemWeights   10084b20 f   g_syscalls.obj
 0001:00083b40       _trap_BotFreeItemWeights   10084b40 f   g_syscalls.obj
 0001:00083b60       _trap_BotInterbreedGoalFuzzyLogic 10084b60 f   g_syscalls.obj
 0001:00083b80       _trap_BotSaveGoalFuzzyLogic 10084b80 f   g_syscalls.obj
 0001:00083ba0       _trap_BotMutateGoalFuzzyLogic 10084ba0 f   g_syscalls.obj
 0001:00083bd0       _trap_BotAllocGoalState    10084bd0 f   g_syscalls.obj
 0001:00083bf0       _trap_BotFreeGoalState     10084bf0 f   g_syscalls.obj
 0001:00083c10       _trap_BotResetMoveState    10084c10 f   g_syscalls.obj
 0001:00083c30       _trap_BotMoveToGoal        10084c30 f   g_syscalls.obj
 0001:00083c60       _trap_BotMoveInDirection   10084c60 f   g_syscalls.obj
 0001:00083ca0       _trap_BotResetAvoidReach   10084ca0 f   g_syscalls.obj
 0001:00083cc0       _trap_BotResetLastAvoidReach 10084cc0 f   g_syscalls.obj
 0001:00083ce0       _trap_BotReachabilityArea  10084ce0 f   g_syscalls.obj
 0001:00083d00       _trap_BotMovementViewTarget 10084d00 f   g_syscalls.obj
 0001:00083d40       _trap_BotPredictVisiblePosition 10084d40 f   g_syscalls.obj
 0001:00083d70       _trap_BotAllocMoveState    10084d70 f   g_syscalls.obj
 0001:00083d90       _trap_BotFreeMoveState     10084d90 f   g_syscalls.obj
 0001:00083db0       _trap_BotInitMoveState     10084db0 f   g_syscalls.obj
 0001:00083dd0       _trap_BotAddAvoidSpot      10084dd0 f   g_syscalls.obj
 0001:00083e10       _trap_BotChooseBestFightWeapon 10084e10 f   g_syscalls.obj
 0001:00083e30       _trap_BotGetWeaponInfo     10084e30 f   g_syscalls.obj
 0001:00083e50       _trap_BotLoadWeaponWeights 10084e50 f   g_syscalls.obj
 0001:00083e70       _trap_BotAllocWeaponState  10084e70 f   g_syscalls.obj
 0001:00083e90       _trap_BotFreeWeaponState   10084e90 f   g_syscalls.obj
 0001:00083eb0       _trap_BotResetWeaponState  10084eb0 f   g_syscalls.obj
 0001:00083ed0       _trap_GeneticParentsAndChildSelection 10084ed0 f   g_syscalls.obj
 0001:00083f00       _trap_SnapVector           10084f00 f   g_syscalls.obj
 0001:00084790       _dllEntry                  10085790 f   g_syscalls.obj
 0001:000847d0       _PASSFLOAT                 100857d0 f   g_syscalls.obj
 0001:000847f0       _trap_TraceCapsule         100857f0 f   g_syscalls.obj
 0001:00084820       _trap_EntityContactCapsule 10085820 f   g_syscalls.obj
 0001:00084860       _trap_RealTime             10085860 f   g_syscalls.obj
 0001:00084880       _trap_PC_LoadSource        10085880 f   g_syscalls.obj
 0001:000848a0       _trap_PC_FreeSource        100858a0 f   g_syscalls.obj
 0001:000848c0       _trap_PC_ReadToken         100858c0 f   g_syscalls.obj
 0001:000848e0       _trap_PC_SourceFileAndLine 100858e0 f   g_syscalls.obj
 0001:00084900       _Use_Target_Give           10085900 f   g_target.obj
 0001:000849c0       _SP_target_give            100859c0 f   g_target.obj
 0001:000849e0       _Use_target_remove_powerups 100859e0 f   g_target.obj
 0001:00084a60       _SP_target_remove_powerups 10085a60 f   g_target.obj
 0001:00084ab0       _SP_target_remove_keys     10085ab0 f   g_target.obj
 0001:00084ad0       _Think_Target_Delay        10085ad0 f   g_target.obj
 0001:00084af0       _Use_Target_Delay          10085af0 f   g_target.obj
 0001:00084ba0       _SP_target_delay           10085ba0 f   g_target.obj
 0001:00084c80       _SP_target_cvar            10085c80 f   g_target.obj
 0001:00084cb0       _Use_Target_Score          10085cb0 f   g_target.obj
 0001:00084ce0       _SP_target_score           10085ce0 f   g_target.obj
 0001:00084d10       _Use_Target_Print          10085d10 f   g_target.obj
 0001:00084e00       _SP_target_print           10085e00 f   g_target.obj
 0001:00084e20       _Use_Target_Speaker        10085e20 f   g_target.obj
 0001:00084ed0       _SP_target_speaker         10085ed0 f   g_target.obj
 0001:000850f0       _target_laser_think        100860f0 f   g_target.obj
 0001:00085540       _target_laser_on           10086540 f   g_target.obj
 0001:00085570       _target_laser_off          10086570 f   g_target.obj
 0001:00085590       _target_laser_use          10086590 f   g_target.obj
 0001:000855d0       _target_laser_start        100865d0 f   g_target.obj
 0001:000856d0       _SP_target_laser           100866d0 f   g_target.obj
 0001:00085700       _target_teleporter_use     10086700 f   g_target.obj
 0001:00085760       _SP_target_teleporter      10086760 f   g_target.obj
 0001:000857b0       _target_relay_use          100867b0 f   g_target.obj
 0001:00085880       _SP_target_relay           10086880 f   g_target.obj
 0001:000858a0       _target_kill_use           100868a0 f   g_target.obj
 0001:000858d0       _SP_target_kill            100868d0 f   g_target.obj
 0001:000858f0       _SP_target_position        100868f0 f   g_target.obj
 0001:00085a00       _SP_target_location        10086a00 f   g_target.obj
 0001:00085ac0       _SP_target_achievement     10086ac0 f   g_target.obj
 0001:00085b80       _G_ADResolveRoundState     10086b80 f   g_team.obj
 0001:00085be0       _G_ADHandleDamageScore     10086be0 f   g_team.obj
 0001:00085d40       _G_ADCheckExitRules        10086d40 f   g_team.obj
 0001:00085f90       _AD_RoundStateTransition   10086f90 f   g_team.obj
 0001:00086400       _G_ADResolveAttackingTeam  10087400 f   g_team.obj
 0001:00086430       _G_ADResolveDefendingTeam  10087430 f   g_team.obj
 0001:00086460       _G_ADNotifyLastAlivePlayer 10087460 f   g_team.obj
 0001:00086500       _G_CANotifyLastAlivePlayer 10087500 f   g_team.obj
 0001:000865a0       _G_FreezeNotifyLastAlivePlayer 100875a0 f   g_team.obj
 0001:00086640       _G_RRNotifyLastAlivePlayer 10087640 f   g_team.obj
 0001:000866e0       _G_ADResetScoreHistory     100876e0 f   g_team.obj
 0001:00086790       _G_ADUpdateScoreHistory    10087790 f   g_team.obj
 0001:000868b0       _G_CAADRespawnAsSpectator  100878b0 f   g_team.obj
 0001:00086ad0       _G_CAADResetClientForRound 10087ad0 f   g_team.obj
 0001:00086bd0       _G_CanClientSeeClient      10087bd0 f   g_team.obj
 0001:00086c90       _G_ClientsOnSameTeam       10087c90 f   g_team.obj
 0001:00086d00       _G_ClientNumsOnSameTeam    10087d00 f   g_team.obj
 0001:00086d30       _G_AreEnemyClients         10087d30 f   g_team.obj
 0001:00086dc0       _G_ShouldSuppressVoiceToClient 10087dc0 f   g_team.obj
 0001:00086ec0       _G_IsObjectiveEntity       10087ec0 f   g_team.obj
 0001:00086fa0       _G_IsClientSpectator       10087fa0 f   g_team.obj
 0001:00086fe0       _G_IsClientAdmin           10087fe0 f   g_team.obj
 0001:00087020       _G_GetClientScore          10088020 f   g_team.obj
 0001:00087060       _G_CountActivePlayersByTeam 10088060 f   g_team.obj
 0001:00087100       _G_CountConnectedClientsByTeam 10088100 f   g_team.obj
 0001:00087190       _OnSameTeam                10088190 f   g_team.obj
 0001:000871d0       _Team_CheckDroppedItem     100881d0 f   g_team.obj
 0001:00087230       _G_TossFlag                10088230 f   g_team.obj
 0001:00087400       _CheckObeliskAttack        10088400 f   g_team.obj
 0001:00087500       _AddTeamScore              10088500 f   g_team.obj
 0001:000876b0       _Team_RunDomination        100886b0 f   g_team.obj
 0001:00087800       _Team_RegisterDominationPoint 10088800 f   g_team.obj
 0001:000879e0       _Team_RegisterDominationTrigger 100889e0 f   g_team.obj
 0001:00087ae0       _Team_DominationPointTouch 10088ae0 f   g_team.obj
 0001:00087c10       _Team_SelectDominationSpawnPoint 10088c10 f   g_team.obj
 0001:00087dc0       _Team_ReturnFlag           10088dc0 f   g_team.obj
 0001:00087e10       _Team_FreeEntity           10088e10 f   g_team.obj
 0001:00087e70       _SelectCTFSpawnPoint       10088e70 f   g_team.obj
 0001:00087fd0       _Team_GetLocation          10088fd0 f   g_team.obj
 0001:000881b0       _Team_GetLocationMsg       100891b0 f   g_team.obj
 0001:00088270       _TeamplayInfoMessage       10089270 f   g_team.obj
 0001:000885d0       _CheckTeamStatus           100895d0 f   g_team.obj
[...]
 0003:0001f432       $SG16590                   100c9432     bg_misc.obj
 0003:0001f433       $SG16596                   100c9433     bg_misc.obj
 0003:0001f434       $SG16597                   100c9434     bg_misc.obj
 0003:0001f435       $SG16603                   100c9435     bg_misc.obj
 0003:0001f436       $SG16604                   100c9436     bg_misc.obj
 0003:0001f437       $SG16610                   100c9437     bg_misc.obj
 0003:0001f438       $SG16611                   100c9438     bg_misc.obj
 0003:0001f439       $SG16617                   100c9439     bg_misc.obj
 0003:0001f43a       $SG16618                   100c943a     bg_misc.obj
 0003:0001f43b       $SG16624                   100c943b     bg_misc.obj
 0003:0001f43c       $SG16625                   100c943c     bg_misc.obj
 0003:0001f43d       $SG16631                   100c943d     bg_misc.obj
 0003:0001f43e       $SG16632                   100c943e     bg_misc.obj
 0003:0001f43f       $SG16638                   100c943f     bg_misc.obj
 0003:0001f440       $SG16639                   100c9440     bg_misc.obj
 0003:0001f441       $SG16645                   100c9441     bg_misc.obj
 0003:0001f442       $SG16646                   100c9442     bg_misc.obj
 0003:0001f443       $SG16652                   100c9443     bg_misc.obj
 0003:0001f444       $SG16653                   100c9444     bg_misc.obj
 0003:0001f445       $SG16659                   100c9445     bg_misc.obj
 0003:0001f446       $SG16660                   100c9446     bg_misc.obj
 0003:0001f447       $SG16666                   100c9447     bg_misc.obj
 0003:0001f448       $SG16667                   100c9448     bg_misc.obj
 0003:0001f449       $SG16673                   100c9449     bg_misc.obj
 0003:0001f44a       $SG16680                   100c944a     bg_misc.obj
 0003:0001f44b       $SG16685                   100c944b     bg_misc.obj
 0003:0001f44c       $SG16686                   100c944c     bg_misc.obj
 0003:0001f44d       $SG16692                   100c944d     bg_misc.obj
 0003:0001f44e       $SG16693                   100c944e     bg_misc.obj
 0003:0001f44f       $SG16699                   100c944f     bg_misc.obj
 0003:0001f450       $SG16700                   100c9450     bg_misc.obj
 0003:0001f451       $SG16706                   100c9451     bg_misc.obj
 0003:0001f452       $SG16707                   100c9452     bg_misc.obj
 0003:0001f453       $SG16713                   100c9453     bg_misc.obj
 0003:0001f454       $SG16714                   100c9454     bg_misc.obj
 0003:0001f455       $SG16720                   100c9455     bg_misc.obj
 0003:0001f456       $SG16721                   100c9456     bg_misc.obj
 0003:0001f457       $SG16727                   100c9457     bg_misc.obj
 0003:0001f458       $SG16728                   100c9458     bg_misc.obj
 0003:0001f459       $SG16304                   100c9459     bg_misc.obj
 0003:0001f45a       $SG16305                   100c945a     bg_misc.obj
 0003:0001f45b       $SG16312                   100c945b     bg_misc.obj
 0003:0001f45c       $SG16313                   100c945c     bg_misc.obj
 0003:0001f45d       $SG16319                   100c945d     bg_misc.obj
 0003:0001f45e       $SG16320                   100c945e     bg_misc.obj
 0003:0001f45f       $SG16326                   100c945f     bg_misc.obj
 0003:0001f460       $SG16327                   100c9460     bg_misc.obj
 0003:0001f461       $SG16333                   100c9461     bg_misc.obj
 0003:0001f462       $SG16334                   100c9462     bg_misc.obj
 0003:0001f463       $SG16341                   100c9463     bg_misc.obj
 0003:0001f464       $SG16342                   100c9464     bg_misc.obj
 0003:0001f465       $SG16349                   100c9465     bg_misc.obj
 0003:0001f466       $SG16350                   100c9466     bg_misc.obj
 0003:0001f467       $SG16357                   100c9467     bg_misc.obj
 0003:0001f468       $SG16358                   100c9468     bg_misc.obj
 0003:0001f469       $SG16365                   100c9469     bg_misc.obj
 0003:0001f46a       $SG16366                   100c946a     bg_misc.obj
 0003:0001f46b       $SG16372                   100c946b     bg_misc.obj
 0003:0001f46c       $SG16373                   100c946c     bg_misc.obj
 0003:0001f46d       $SG16379                   100c946d     bg_misc.obj
 0003:0001f46e       $SG16380                   100c946e     bg_misc.obj
 0003:0001f490       _pm_jumpTakeoffVelocity    100c9490     bg_pmove.obj
 0003:0001f494       _pm_jumpTakeoffDoubleJumpActive 100c9494     bg_pmove.obj
 0003:0001f498       _pm_jumpTakeoffChainJumpActive 100c9498     bg_pmove.obj
 0003:0001f49c       _pm_jumpTakeoffRampJumpActive 100c949c     bg_pmove.obj
 0003:0001f4a0       _g_autoShuffleCountdownGuard 100c94a0     g_autoshuffle.obj
 0003:0001f4a4       _g_autoShuffleCountdownComplete 100c94a4     g_autoshuffle.obj
 0003:0001f4a8       _g_lagHaxHistoryHeads      100c94a8     g_active.obj
 0003:0001f5a8       _g_lagHaxSaved             100c95a8     g_active.obj
 0003:0001ffa8       _g_numBots                 100c9fa8     g_bot.obj
 0003:0001ffac       $SG19538                   100c9fac     g_bot.obj
 0003:0001ffad       $SG19694                   100c9fad     g_bot.obj
 0003:0001ffae       $SG19923                   100c9fae     g_bot.obj
 0003:0001ffb0       _g_botInfos                100c9fb0     g_bot.obj
 0003:00020fb0       _g_arenaInfos              100cafb0     g_bot.obj
 0003:00021fb0       _botSpawnQueue             100cbfb0     g_bot.obj
 0003:00022030       ?checkminimumplayers_time@?1??G_CheckMinimumPlayers@@9@9 100cc030     g_bot.obj
 0003:00022034       $SG20170                   100cc034     g_client.obj
 0003:00022035       $SG20351                   100cc035     g_client.obj
 0003:00022036       $SG20358                   100cc036     g_client.obj
 0003:00022037       $SG20525                   100cc037     g_client.obj
 0003:00022038       $SG20880                   100cc038     g_cmds.obj
 0003:00022040       ?line@?1??ConcatArgs@@9@9  100cc040     g_cmds.obj
 0003:00022440       ?i@?CM@??player_die@@9@9   100cc440     g_combat.obj
 0003:00022444       ?lastTrainingComplaintTime@?CP@??G_Damage@@9@9 100cc444     g_combat.obj
 0003:00022448       _g_spawnItemPowerupSpots   100cc448     g_items.obj
 0003:00022458       _g_damageGauntletLegacy    100cc458     g_main.obj
 0003:00022568       _g_weaponRespawnLegacy     100cc568     g_main.obj
 0003:00022678       $SG19973                   100cc678     g_main.obj
 0003:00022679       $SG19981                   100cc679     g_main.obj
 0003:0002267a       $SG19988                   100cc67a     g_main.obj
 0003:0002267b       $SG20189                   100cc67b     g_main.obj
 0003:0002267c       $SG20191                   100cc67c     g_main.obj
 0003:0002267d       $SG20215                   100cc67d     g_main.obj
 0003:0002267e       $SG20221                   100cc67e     g_main.obj
 0003:0002267f       $SG20224                   100cc67f     g_main.obj
 0003:00022680       $SG20242                   100cc680     g_main.obj
 0003:00022681       $SG20281                   100cc681     g_main.obj
 0003:00022682       $SG20284                   100cc682     g_main.obj
 0003:00022683       $SG20358                   100cc683     g_main.obj
 0003:00022684       $SG20409                   100cc684     g_main.obj
 0003:00022685       $SG20429                   100cc685     g_main.obj
 0003:00022686       $SG20432                   100cc686     g_main.obj
 0003:00022687       $SG20631                   100cc687     g_main.obj
 0003:00022688       $SG19535                   100cc688     g_main.obj
 0003:00022689       $SG19911                   100cc689     g_main.obj
 0003:0002268a       $SG21516                   100cc68a     g_main.obj
 0003:0002268b       $SG21518                   100cc68b     g_main.obj
 0003:0002268c       _g_qlr_frame_ctx           100cc68c     g_main.obj
 0003:00022690       _s_itemTimersModCount      100cc690     g_main.obj
 0003:00022694       _s_itemHeightModCount      100cc694     g_main.obj
 0003:00022698       _s_disableLoadoutModCount  100cc698     g_main.obj
 0003:0002269c       _s_factoryModCount         100cc69c     g_main.obj
 0003:000226a0       _s_rulesetModCount         100cc6a0     g_main.obj
 0003:000226a4       _s_roundWarmupDelayModCount 100cc6a4     g_main.obj
 0003:000226a8       _s_teamSizeMinModCount     100cc6a8     g_main.obj
 0003:000226ac       $SG21779                   100cc6ac     g_main.obj
 0003:000226ad       $SG21871                   100cc6ad     g_main.obj
 0003:000226ae       $SG22975                   100cc6ae     g_main.obj
 0003:000226af       $SG23304                   100cc6af     g_main.obj
 0003:000226b0       _s_worldspawnAtmosphere    100cc6b0     g_main.obj
 0003:000226f0       _s_lastForcedCosmeticsPayload 100cc6f0     g_main.obj
 0003:00022af0       _s_serverSettingsInfoPayloadA 100ccaf0     g_main.obj
 0003:00022ef0       _s_serverSettingsInfoPayloadB 100ccef0     g_main.obj
 0003:000232f0       _s_weaponReloadPayload     100cd2f0     g_main.obj
 0003:000236f0       _s_playerAppearancePayload 100cd6f0     g_main.obj
 0003:00023af0       _s_gameStateBuffer         100cdaf0     g_main.obj
 0003:00023b00       _s_dominationCaptureTimePayload 100cdb00     g_main.obj
 0003:00023b20       _s_rrInfectedSurvivorPingRatePayload 100cdb20     g_main.obj
 0003:00023b40       _s_customSettingsPayload   100cdb40     g_main.obj
 0003:00023f40       _s_lastCustomSettingsMask  100cdf40     g_main.obj
 0003:00023f48       _matchFlow_lastConfig      100cdf48     g_main.obj
 0003:00023f80       $SG23355                   100cdf80     g_main.obj
 0003:00023f81       $SG23509                   100cdf81     g_main.obj
 0003:00023f82       $SG23727                   100cdf82     g_main.obj
 0003:00023f83       $SG23728                   100cdf83     g_main.obj
 0003:00023f84       $SG23729                   100cdf84     g_main.obj
 0003:00023f85       $SG23730                   100cdf85     g_main.obj
 0003:00023f86       $SG23731                   100cdf86     g_main.obj
 0003:00023f87       $SG23733                   100cdf87     g_main.obj
 0003:00023f88       $SG23734                   100cdf88     g_main.obj
 0003:00023f8c       _s_nextTeamCountConfigstringUpdateTime 100cdf8c     g_match_state.obj
 0003:00023f90       $SG19614                   100cdf90     g_match_state.obj
 0003:00023f98       _memoryPool                100cdf98     g_mem.obj
 0003:00063f98       _allocPoint                1010df98     g_mem.obj
 0003:00063f9c       $SG19495                   1010df9c     g_misc.obj
 0003:00063f9d       $SG19543                   1010df9d     g_misc.obj
 0003:00063f9e       $SG19548                   1010df9e     g_misc.obj
 0003:00063f9f       $SG19559                   1010df9f     g_misc.obj
 0003:00063fa0       $SG19600                   1010dfa0     g_spawn.obj
 0003:00063fa1       $SG19601                   1010dfa1     g_spawn.obj
 0003:00063fa2       $SG19606                   1010dfa2     g_spawn.obj
 0003:00063fa3       $SG20052                   1010dfa3     g_spawn.obj
 0003:00063fa4       $SG20110                   1010dfa4     g_spawn.obj
 0003:00063fa5       $SG20117                   1010dfa5     g_spawn.obj
 0003:00063fa6       $SG20119                   1010dfa6     g_spawn.obj
 0003:00063fa7       $SG20121                   1010dfa7     g_spawn.obj
 0003:00063fa8       $SG20123                   1010dfa8     g_spawn.obj
 0003:00063fa9       $SG20125                   1010dfa9     g_spawn.obj
 0003:00063faa       $SG20143                   1010dfaa     g_spawn.obj
 0003:00063fab       $SG20148                   1010dfab     g_spawn.obj
 0003:00063fac       $SG20149                   1010dfac     g_spawn.obj
 0003:00063fb0       _ipFilters                 1010dfb0     g_svcmds.obj
 0003:00065fb0       _numIPFilters              1010ffb0     g_svcmds.obj
 0003:00065fb4       _g_imports                 1010ffb4     g_syscalls.obj
 0003:00065fb8       _s_teamAutoShuffleArmed    1010ffb8     g_team.obj
 0003:00065fbc       $SG21169                   1010ffbc     g_team.obj
 0003:00065fc4       $SG19520                   1010ffc4     g_utils.obj
 0003:00065fc5       $SG19753                   1010ffc5     g_utils.obj
 0003:00065fc6       $SG19771                   1010ffc6     g_utils.obj
 0003:00065fc8       ?buff@?1??BuildShaderStateConfig@@9@9 1010ffc8     g_utils.obj
 0003:00066fc8       ?index@?1??tv@@9@9         10110fc8     g_utils.obj
 0003:00066fcc       ?index@?1??vtos@@9@9       10110fcc     g_utils.obj
 0003:00066fd0       ?vecs@?1??tv@@9@9          10110fd0     g_utils.obj
 0003:00067030       ?str@?1??vtos@@9@9         10111030     g_utils.obj
 0003:00067130       _s_factoryList             10111130     g_factory.obj
 0003:00067134       _s_activeFactory           10111134     g_factory.obj
 0003:00067138       _s_factoryCount            10111138     g_factory.obj
 0003:0006713c       $SG19574                   1011113c     g_factory.obj
 0003:0006713d       $SG19576                   1011113d     g_factory.obj
 0003:0006713e       $SG19863                   1011113e     g_factory.obj
 0003:0006713f       $SG19865                   1011113f     g_factory.obj
 0003:00067140       $SG19944                   10111140     g_factory.obj
 0003:00067141       $SG19978                   10111141     g_factory.obj
 0003:00067142       $SG19985                   10111142     g_factory.obj
 0003:00067148       _g_raceScores              10111148     g_race.obj
 0003:00067548       _g_raceInfo                10111548     g_race.obj
 0003:00067948       $SG19540                   10111948     g_race.obj
 0003:00067949       $SG19544                   10111949     g_race.obj
 0003:00067950       _g_pmove_airAccel_cvar     10111950     g_pmove.obj
 0003:00067a60       _g_pmove_airControl_cvar   10111a60     g_pmove.obj
 0003:00067b70       _g_pmove_airStepFriction_cvar 10111b70     g_pmove.obj
 0003:00067c80       _g_pmove_airSteps_cvar     10111c80     g_pmove.obj
 0003:00067d90       _g_pmove_airStopAccel_cvar 10111d90     g_pmove.obj
 0003:00067ea0       _g_pmove_autoHop_cvar      10111ea0     g_pmove.obj
 0003:00067fb0       _g_pmove_bunnyHop_cvar     10111fb0     g_pmove.obj
 0003:000680c0       _g_pmove_chainJump_cvar    101120c0     g_pmove.obj
 0003:000681d0       _g_pmove_chainJumpVelocity_cvar 101121d0     g_pmove.obj
 0003:000682e0       _g_pmove_circleStrafeFriction_cvar 101122e0     g_pmove.obj
 0003:000683f0       _g_pmove_crouchSlide_cvar  101123f0     g_pmove.obj
 0003:00068500       _g_pmove_crouchSlideFriction_cvar 10112500     g_pmove.obj
 0003:00068610       _g_pmove_crouchSlideTime_cvar 10112610     g_pmove.obj
 0003:00068720       _g_pmove_crouchStepJump_cvar 10112720     g_pmove.obj
 0003:00068830       _g_pmove_doubleJump_cvar   10112830     g_pmove.obj
 0003:00068940       _g_pmove_jumpTimeDeltaMin_cvar 10112940     g_pmove.obj
 0003:00068a50       _g_pmove_jumpVelocity_cvar 10112a50     g_pmove.obj
 0003:00068b60       _g_pmove_jumpVelocityMax_cvar 10112b60     g_pmove.obj
 0003:00068c70       _g_pmove_jumpVelocityScaleAdd_cvar 10112c70     g_pmove.obj
 0003:00068d80       _g_pmove_jumpVelocityTimeThreshold_cvar 10112d80     g_pmove.obj
 0003:00068e90       _g_pmove_jumpVelocityTimeThresholdOffset_cvar 10112e90     g_pmove.obj
 0003:00068fa0       _g_pmove_noPlayerClip_cvar 10112fa0     g_pmove.obj
 0003:000690b0       _g_pmove_rampJump_cvar     101130b0     g_pmove.obj
 0003:000691c0       _g_pmove_rampJumpScale_cvar 101131c0     g_pmove.obj
 0003:000692d0       _g_pmove_stepHeight_cvar   101132d0     g_pmove.obj
 0003:000693e0       _g_pmove_stepJump_cvar     101133e0     g_pmove.obj
 0003:000694f0       _g_pmove_stepJumpVelocity_cvar 101134f0     g_pmove.obj
 0003:00069600       _g_pmove_strafeAccel_cvar  10113600     g_pmove.obj
 0003:00069710       _g_pmove_velocityGh_cvar   10113710     g_pmove.obj
 0003:00069820       _g_pmove_walkAccel_cvar    10113820     g_pmove.obj
 0003:00069930       _g_pmove_walkFriction_cvar 10113930     g_pmove.obj
 0003:00069a40       _g_pmove_waterSwimScale_cvar 10113a40     g_pmove.obj
 0003:00069b50       _g_pmove_waterWadeScale_cvar 10113b50     g_pmove.obj
 0003:00069c60       _g_pmove_weaponDropTime_cvar 10113c60     g_pmove.obj
 0003:00069d70       _g_pmove_weaponRaiseTime_cvar 10113d70     g_pmove.obj
 0003:00069e80       _g_pmove_wishSpeed_cvar    10113e80     g_pmove.obj
 0003:00069f90       _s_pmoveSettingsPayload    10113f90     g_pmove.obj
 0003:0006a390       $SG19711                   10114390     g_pmove.obj
 0003:0006a391       $SG19717                   10114391     g_pmove.obj
 0003:0006a392       $SG19734                   10114392     g_pmove.obj
 0003:0006a394       _g_pmoveWeaponReloadOverrides 10114394     g_pmove.obj
 0003:0006a3d0       $SG19506                   101143d0     g_vote.obj
 0003:0006a3d1       $SG19507                   101143d1     g_vote.obj
 0003:0006a3d2       $SG17008                   101143d2     auth_credentials.obj
 0003:0006a3d8       _s_reportedFactoryConfig   101143d8     g_config.obj
 0003:0006a444       _s_reportedMatchFactoryConfig 10114444     g_match_config.obj
 0003:0006a47c       _s_quadFactor              1011447c     g_weapon.obj
 0003:0006a480       _forward                   10114480     g_weapon.obj
 0003:0006a48c       _right                     1011448c     g_weapon.obj
 0003:0006a498       _up                        10114498     g_weapon.obj
 0003:0006a4a4       _muzzle                    101144a4     g_weapon.obj
 0003:0006a4bc       ?bops_initialized@?1??BoxOnPlaneSide@@9@9 101144bc     q_math.obj
 0003:0006a4c0       ?Ljmptab@?1??BoxOnPlaneSide@@9@9 101144c0     q_math.obj
 0003:0006a4e0       ?sr@?1??AngleVectors@@9@9  101144e0     q_math.obj
 0003:0006a4e4       ?sp@?1??AngleVectors@@9@9  101144e4     q_math.obj
 0003:0006a4e8       ?sy@?1??AngleVectors@@9@9  101144e8     q_math.obj
 0003:0006a4ec       ?cr@?1??AngleVectors@@9@9  101144ec     q_math.obj
 0003:0006a4f0       ?cp@?1??AngleVectors@@9@9  101144f0     q_math.obj
 0003:0006a4f4       ?cy@?1??AngleVectors@@9@9  101144f4     q_math.obj
 0003:0006a4f8       _com_token                 101144f8     q_shared.obj
 0003:0006a8f8       _com_parsename             101148f8     q_shared.obj
 0003:0006acf8       _com_lines                 10114cf8     q_shared.obj
 0003:0006acfc       $SG15756                   10114cfc     q_shared.obj
 0003:0006acfd       $SG15761                   10114cfd     q_shared.obj
 0003:0006acfe       $SG15764                   10114cfe     q_shared.obj
 0003:0006ad00       ?string@?1??COM_ParseError@@9@9 10114d00     q_shared.obj
 0003:0006bd00       ?string@?1??COM_ParseWarning@@9@9 10115d00     q_shared.obj
 0003:0006cd00       ?string@?1??va@@9@9        10116d00     q_shared.obj
 0003:0007c700       ?index@?1??va@@9@9         10126700     q_shared.obj
 0003:0007c704       ?valueindex@?1??Info_ValueForKey@@9@9 10126704     q_shared.obj
 0003:0007c708       ?value@?1??Info_ValueForKey@@9@9 10126708     q_shared.obj
 0003:00080708       _GS_ExceptionRecord        1012a708     MSVCRTD:gs_report.obj
 0003:00080758       _GS_ContextRecord          1012a758     MSVCRTD:gs_report.obj
 0003:00080a24       ?__proc_attached@@3HA      1012aa24     MSVCRTD:dll_dllmain.obj
 0003:00080a58       ?is_initialized_as_dll@@3_NA 1012aa58     MSVCRTD:utility.obj
 0003:00080a59       ?module_local_atexit_table_initialized@@3_NA 1012aa59     MSVCRTD:utility.obj
 0003:00080a5c       ?module_local_atexit_table@@3U_onexit_table_t@@A 1012aa5c     MSVCRTD:utility.obj
 0003:00080a68       ?module_local_at_quick_exit_table@@3U_onexit_table_t@@A 1012aa68     MSVCRTD:utility.obj
 0004:00000060       $R000000                   1025f060     * linker generated manifest res *
